nohup: no se tendrá en cuenta la entrada
14:46:51 | INFO | Loading faiss with AVX512 support.
14:46:52 | INFO | Successfully loaded faiss with AVX512 support.
14:46:52 | INFO | ⏱  START: Loading cached pruned qrels
14:46:52 | INFO | ⏱  DONE:  Loading cached pruned qrels (0.3s)
14:46:57 | INFO | Loading first-stage run from /home/jmendoza/.cache/messirve_embeddings/jinaai__jina-embeddings-v5-text-small-retrieval/full_v1.2_q32768_d32768_nofilter/retrieval_run.lz4
14:48:34 | INFO | Prepared 170055 queries, 17005500 total pairs across 2 GPU(s)
14:48:34 | INFO | ⏱  START: Reranking 170055 queries on 2 GPU(s)
14:48:40 | INFO | Loading faiss with AVX512 support.
14:48:40 | INFO | Successfully loaded faiss with AVX512 support.
14:48:41 | INFO | Started worker on cuda:0 (85028 queries)
14:48:45 | INFO | [cuda:0] Building doc lookup ...
14:48:45 | INFO | ⏱  START: Loading eswiki corpus
14:48:46 | INFO | HTTP Request: HEAD https://huggingface.co/datasets/spanish-ir/eswiki_20240401_corpus/resolve/main/README.md "HTTP/1.1 307 Temporary Redirect"
14:48:46 | INFO | HTTP Request: HEAD https://huggingface.co/api/resolve-cache/datasets/spanish-ir/eswiki_20240401_corpus/fe9f26a420825289ac86e77eb924443b489f0dbf/README.md "HTTP/1.1 200 OK"
14:48:46 | INFO | HTTP Request: HEAD https://huggingface.co/datasets/spanish-ir/eswiki_20240401_corpus/resolve/fe9f26a420825289ac86e77eb924443b489f0dbf/eswiki_20240401_corpus.py "HTTP/1.1 404 Not Found"
14:48:46 | INFO | HTTP Request: HEAD https://s3.amazonaws.com/datasets.huggingface.co/datasets/datasets/spanish-ir/eswiki_20240401_corpus/spanish-ir/eswiki_20240401_corpus.py "HTTP/1.1 404 Not Found"
14:48:46 | INFO | HTTP Request: GET https://huggingface.co/api/datasets/spanish-ir/eswiki_20240401_corpus/revision/fe9f26a420825289ac86e77eb924443b489f0dbf "HTTP/1.1 200 OK"
14:48:46 | INFO | HTTP Request: HEAD https://huggingface.co/datasets/spanish-ir/eswiki_20240401_corpus/resolve/fe9f26a420825289ac86e77eb924443b489f0dbf/.huggingface.yaml "HTTP/1.1 404 Not Found"
14:48:46 | INFO | HTTP Request: GET https://datasets-server.huggingface.co/info?dataset=spanish-ir/eswiki_20240401_corpus "HTTP/1.1 200 OK"
14:48:46 | INFO | HTTP Request: GET https://huggingface.co/api/datasets/spanish-ir/eswiki_20240401_corpus/tree/fe9f26a420825289ac86e77eb924443b489f0dbf/data?recursive=true&expand=false "HTTP/1.1 200 OK"
14:48:47 | INFO | HTTP Request: GET https://huggingface.co/api/datasets/spanish-ir/eswiki_20240401_corpus/tree/fe9f26a420825289ac86e77eb924443b489f0dbf?recursive=false&expand=false "HTTP/1.1 200 OK"
14:48:47 | INFO | HTTP Request: HEAD https://huggingface.co/datasets/spanish-ir/eswiki_20240401_corpus/resolve/fe9f26a420825289ac86e77eb924443b489f0dbf/dataset_infos.json "HTTP/1.1 404 Not Found"
14:48:47 | INFO | ⏱  DONE:  Loading eswiki corpus (1.6s)
14:48:47 | INFO | Original corpus: 14047759 documents
14:48:47 | INFO | ⏱  START: Formatting and counting words (16 workers)
Setting TOKENIZERS_PARALLELISM=false for forked processes.
14:48:47 | WARNING | Setting TOKENIZERS_PARALLELISM=false for forked processes.
14:48:48 | INFO | ⏱  DONE:  Formatting and counting words (16 workers) (1.0s)
14:48:48 | INFO | Word-count filter disabled — using all 14047759 documents
14:48:49 | INFO | Loading faiss with AVX512 support.
14:48:50 | INFO | Successfully loaded faiss with AVX512 support.
14:48:51 | INFO | Started worker on cuda:1 (85027 queries)
14:48:58 | INFO | [cuda:1] Building doc lookup ...
14:48:58 | INFO | ⏱  START: Loading eswiki corpus
14:48:58 | INFO | HTTP Request: HEAD https://huggingface.co/datasets/spanish-ir/eswiki_20240401_corpus/resolve/main/README.md "HTTP/1.1 307 Temporary Redirect"
14:48:58 | INFO | HTTP Request: HEAD https://huggingface.co/api/resolve-cache/datasets/spanish-ir/eswiki_20240401_corpus/fe9f26a420825289ac86e77eb924443b489f0dbf/README.md "HTTP/1.1 200 OK"
14:48:58 | INFO | HTTP Request: HEAD https://huggingface.co/datasets/spanish-ir/eswiki_20240401_corpus/resolve/fe9f26a420825289ac86e77eb924443b489f0dbf/eswiki_20240401_corpus.py "HTTP/1.1 404 Not Found"
14:48:58 | INFO | HTTP Request: HEAD https://s3.amazonaws.com/datasets.huggingface.co/datasets/datasets/spanish-ir/eswiki_20240401_corpus/spanish-ir/eswiki_20240401_corpus.py "HTTP/1.1 404 Not Found"
14:48:58 | INFO | HTTP Request: GET https://huggingface.co/api/datasets/spanish-ir/eswiki_20240401_corpus/revision/fe9f26a420825289ac86e77eb924443b489f0dbf "HTTP/1.1 200 OK"
14:48:58 | INFO | HTTP Request: HEAD https://huggingface.co/datasets/spanish-ir/eswiki_20240401_corpus/resolve/fe9f26a420825289ac86e77eb924443b489f0dbf/.huggingface.yaml "HTTP/1.1 404 Not Found"
14:48:59 | INFO | HTTP Request: GET https://datasets-server.huggingface.co/info?dataset=spanish-ir/eswiki_20240401_corpus "HTTP/1.1 200 OK"
14:48:59 | INFO | HTTP Request: GET https://huggingface.co/api/datasets/spanish-ir/eswiki_20240401_corpus/tree/fe9f26a420825289ac86e77eb924443b489f0dbf/data?recursive=true&expand=false "HTTP/1.1 200 OK"
14:48:59 | INFO | HTTP Request: GET https://huggingface.co/api/datasets/spanish-ir/eswiki_20240401_corpus/tree/fe9f26a420825289ac86e77eb924443b489f0dbf?recursive=false&expand=false "HTTP/1.1 200 OK"
14:48:59 | INFO | HTTP Request: HEAD https://huggingface.co/datasets/spanish-ir/eswiki_20240401_corpus/resolve/fe9f26a420825289ac86e77eb924443b489f0dbf/dataset_infos.json "HTTP/1.1 404 Not Found"
14:48:59 | INFO | ⏱  DONE:  Loading eswiki corpus (1.4s)
14:48:59 | INFO | Original corpus: 14047759 documents
14:48:59 | INFO | ⏱  START: Formatting and counting words (16 workers)
Setting TOKENIZERS_PARALLELISM=false for forked processes.
14:48:59 | WARNING | Setting TOKENIZERS_PARALLELISM=false for forked processes.
14:49:00 | INFO | ⏱  DONE:  Formatting and counting words (16 workers) (1.0s)
14:49:00 | INFO | Word-count filter disabled — using all 14047759 documents
14:57:52 | INFO | Doc lookup built: 14047759 documents
14:57:52 | INFO | [cuda:0] Loading BAAI/bge-reranker-v2-m3 ...
14:57:52 | INFO | HTTP Request: HEAD https://huggingface.co/BAAI/bge-reranker-v2-m3/resolve/main/config.json "HTTP/1.1 307 Temporary Redirect"
14:57:52 | INFO | HTTP Request: HEAD https://huggingface.co/api/resolve-cache/models/BAAI/bge-reranker-v2-m3/953dc6f6f85a1b2dbfca4c34a2796e7dde08d41e/config.json "HTTP/1.1 200 OK"
Loading weights:   0%|          | 0/393 [00:00<?, ?it/s]Loading weights:  50%|████▉     | 196/393 [00:00<00:00, 1816.02it/s]Loading weights: 100%|██████████| 393/393 [00:00<00:00, 2174.73it/s]
14:57:53 | INFO | HTTP Request: HEAD https://huggingface.co/BAAI/bge-reranker-v2-m3/resolve/main/config.json "HTTP/1.1 307 Temporary Redirect"
14:57:53 | INFO | HTTP Request: HEAD https://huggingface.co/api/resolve-cache/models/BAAI/bge-reranker-v2-m3/953dc6f6f85a1b2dbfca4c34a2796e7dde08d41e/config.json "HTTP/1.1 200 OK"
14:57:53 | INFO | HTTP Request: HEAD https://huggingface.co/BAAI/bge-reranker-v2-m3/resolve/main/tokenizer_config.json "HTTP/1.1 307 Temporary Redirect"
14:57:53 | INFO | HTTP Request: HEAD https://huggingface.co/api/resolve-cache/models/BAAI/bge-reranker-v2-m3/953dc6f6f85a1b2dbfca4c34a2796e7dde08d41e/tokenizer_config.json "HTTP/1.1 200 OK"
14:57:53 | INFO | HTTP Request: GET https://huggingface.co/api/models/BAAI/bge-reranker-v2-m3/tree/main/additional_chat_templates?recursive=false&expand=false "HTTP/1.1 404 Not Found"
14:57:53 | INFO | HTTP Request: GET https://huggingface.co/api/models/BAAI/bge-reranker-v2-m3/tree/main?recursive=true&expand=false "HTTP/1.1 200 OK"
14:58:00 | INFO | HTTP Request: GET https://huggingface.co/api/models/BAAI/bge-reranker-v2-m3 "HTTP/1.1 200 OK"
14:58:01 | INFO | HTTP Request: HEAD https://huggingface.co/BAAI/bge-reranker-v2-m3/resolve/main/README.md "HTTP/1.1 307 Temporary Redirect"
14:58:01 | INFO | HTTP Request: HEAD https://huggingface.co/api/resolve-cache/models/BAAI/bge-reranker-v2-m3/953dc6f6f85a1b2dbfca4c34a2796e7dde08d41e/README.md "HTTP/1.1 200 OK"
14:58:05 | INFO | HTTP Request: GET https://huggingface.co/api/models/BAAI/bge-reranker-v2-m3 "HTTP/1.1 200 OK"
14:58:05 | INFO | [cuda:0] Model loaded.
14:58:10 | INFO | Doc lookup built: 14047759 documents
14:58:11 | INFO | [cuda:1] Loading BAAI/bge-reranker-v2-m3 ...
14:58:11 | INFO | HTTP Request: HEAD https://huggingface.co/BAAI/bge-reranker-v2-m3/resolve/main/config.json "HTTP/1.1 307 Temporary Redirect"
14:58:11 | INFO | HTTP Request: HEAD https://huggingface.co/api/resolve-cache/models/BAAI/bge-reranker-v2-m3/953dc6f6f85a1b2dbfca4c34a2796e7dde08d41e/config.json "HTTP/1.1 200 OK"
Loading weights:   0%|          | 0/393 [00:00<?, ?it/s]Loading weights: 100%|██████████| 393/393 [00:00<00:00, 21840.41it/s]
14:58:11 | INFO | HTTP Request: HEAD https://huggingface.co/BAAI/bge-reranker-v2-m3/resolve/main/config.json "HTTP/1.1 307 Temporary Redirect"
14:58:11 | INFO | HTTP Request: HEAD https://huggingface.co/api/resolve-cache/models/BAAI/bge-reranker-v2-m3/953dc6f6f85a1b2dbfca4c34a2796e7dde08d41e/config.json "HTTP/1.1 200 OK"
14:58:11 | INFO | HTTP Request: HEAD https://huggingface.co/BAAI/bge-reranker-v2-m3/resolve/main/tokenizer_config.json "HTTP/1.1 307 Temporary Redirect"
14:58:11 | INFO | HTTP Request: HEAD https://huggingface.co/api/resolve-cache/models/BAAI/bge-reranker-v2-m3/953dc6f6f85a1b2dbfca4c34a2796e7dde08d41e/tokenizer_config.json "HTTP/1.1 200 OK"
14:58:11 | INFO | HTTP Request: GET https://huggingface.co/api/models/BAAI/bge-reranker-v2-m3/tree/main/additional_chat_templates?recursive=false&expand=false "HTTP/1.1 404 Not Found"
14:58:12 | INFO | HTTP Request: GET https://huggingface.co/api/models/BAAI/bge-reranker-v2-m3/tree/main?recursive=true&expand=false "HTTP/1.1 200 OK"
14:58:19 | INFO | HTTP Request: GET https://huggingface.co/api/models/BAAI/bge-reranker-v2-m3 "HTTP/1.1 200 OK"
14:58:19 | INFO | HTTP Request: HEAD https://huggingface.co/BAAI/bge-reranker-v2-m3/resolve/main/README.md "HTTP/1.1 307 Temporary Redirect"
14:58:19 | INFO | HTTP Request: HEAD https://huggingface.co/api/resolve-cache/models/BAAI/bge-reranker-v2-m3/953dc6f6f85a1b2dbfca4c34a2796e7dde08d41e/README.md "HTTP/1.1 200 OK"
14:58:21 | INFO | HTTP Request: GET https://huggingface.co/api/models/BAAI/bge-reranker-v2-m3 "HTTP/1.1 200 OK"
14:58:21 | INFO | [cuda:1] Model loaded.
15:02:48 | INFO | [cuda:0] 200/85028 queries | 20000 pairs scored | 105 pairs/s | 190.9s
15:03:03 | INFO | [cuda:1] 200/85027 queries | 20000 pairs scored | 105 pairs/s | 191.3s
15:06:33 | INFO | [cuda:0] 400/85028 queries | 40000 pairs scored | 96 pairs/s | 415.7s
15:06:45 | INFO | [cuda:1] 400/85027 queries | 40000 pairs scored | 97 pairs/s | 413.6s
15:10:31 | INFO | [cuda:0] 600/85028 queries | 60000 pairs scored | 92 pairs/s | 653.6s
15:10:44 | INFO | [cuda:1] 600/85027 queries | 60000 pairs scored | 92 pairs/s | 652.7s
15:14:33 | INFO | [cuda:0] 800/85028 queries | 80000 pairs scored | 89 pairs/s | 896.3s
15:14:46 | INFO | [cuda:1] 800/85027 queries | 80000 pairs scored | 89 pairs/s | 894.5s
15:18:45 | INFO | [cuda:0] 1000/85028 queries | 100000 pairs scored | 87 pairs/s | 1147.9s
15:19:01 | INFO | [cuda:1] 1000/85027 queries | 100000 pairs scored | 87 pairs/s | 1149.5s
15:22:59 | INFO | [cuda:0] 1200/85028 queries | 120000 pairs scored | 86 pairs/s | 1402.4s
15:23:19 | INFO | [cuda:1] 1200/85027 queries | 120000 pairs scored | 85 pairs/s | 1407.0s
15:27:26 | INFO | [cuda:0] 1400/85028 queries | 140000 pairs scored | 84 pairs/s | 1669.2s
15:27:38 | INFO | [cuda:1] 1400/85027 queries | 140000 pairs scored | 84 pairs/s | 1666.9s
15:32:01 | INFO | [cuda:0] 1600/85028 queries | 160000 pairs scored | 82 pairs/s | 1944.4s
15:32:08 | INFO | [cuda:1] 1600/85027 queries | 160000 pairs scored | 83 pairs/s | 1936.1s
15:36:29 | INFO | [cuda:0] 1800/85028 queries | 180000 pairs scored | 81 pairs/s | 2212.5s
15:36:32 | INFO | [cuda:1] 1800/85027 queries | 180000 pairs scored | 82 pairs/s | 2200.1s
15:40:59 | INFO | [cuda:0] 2000/85028 queries | 200000 pairs scored | 81 pairs/s | 2482.5s
15:41:01 | INFO | [cuda:1] 2000/85027 queries | 200000 pairs scored | 81 pairs/s | 2469.5s
15:45:31 | INFO | [cuda:0] 2200/85028 queries | 220000 pairs scored | 80 pairs/s | 2754.4s
15:45:35 | INFO | [cuda:1] 2200/85027 queries | 220000 pairs scored | 80 pairs/s | 2743.7s
15:50:04 | INFO | [cuda:0] 2400/85028 queries | 240000 pairs scored | 79 pairs/s | 3026.9s
15:50:05 | INFO | [cuda:1] 2400/85027 queries | 240000 pairs scored | 80 pairs/s | 3013.9s
15:54:43 | INFO | [cuda:1] 2600/85027 queries | 260000 pairs scored | 79 pairs/s | 3291.5s
15:54:45 | INFO | [cuda:0] 2600/85028 queries | 260000 pairs scored | 79 pairs/s | 3307.6s
15:59:22 | INFO | [cuda:1] 2800/85027 queries | 280000 pairs scored | 78 pairs/s | 3570.9s
15:59:24 | INFO | [cuda:0] 2800/85028 queries | 280000 pairs scored | 78 pairs/s | 3586.7s
16:04:02 | INFO | [cuda:0] 3000/85028 queries | 300000 pairs scored | 78 pairs/s | 3865.4s
16:04:04 | INFO | [cuda:1] 3000/85027 queries | 300000 pairs scored | 78 pairs/s | 3852.1s
16:08:46 | INFO | [cuda:0] 3200/85028 queries | 320000 pairs scored | 77 pairs/s | 4149.4s
16:08:51 | INFO | [cuda:1] 3200/85027 queries | 320000 pairs scored | 77 pairs/s | 4139.9s
16:13:37 | INFO | [cuda:0] 3400/85028 queries | 340000 pairs scored | 77 pairs/s | 4440.5s
16:13:40 | INFO | [cuda:1] 3400/85027 queries | 340000 pairs scored | 77 pairs/s | 4428.5s
16:18:26 | INFO | [cuda:0] 3600/85028 queries | 360000 pairs scored | 76 pairs/s | 4729.2s
16:18:27 | INFO | [cuda:1] 3600/85027 queries | 360000 pairs scored | 76 pairs/s | 4715.8s
16:23:15 | INFO | [cuda:0] 3800/85028 queries | 380000 pairs scored | 76 pairs/s | 5018.1s
16:23:15 | INFO | [cuda:1] 3800/85027 queries | 380000 pairs scored | 76 pairs/s | 5003.8s
16:28:02 | INFO | [cuda:1] 4000/85027 queries | 400000 pairs scored | 76 pairs/s | 5290.8s
16:28:04 | INFO | [cuda:0] 4000/85028 queries | 400000 pairs scored | 75 pairs/s | 5306.8s
16:32:57 | INFO | [cuda:1] 4200/85027 queries | 420000 pairs scored | 75 pairs/s | 5585.9s
16:33:02 | INFO | [cuda:0] 4200/85028 queries | 420000 pairs scored | 75 pairs/s | 5604.7s
16:37:50 | INFO | [cuda:1] 4400/85027 queries | 440000 pairs scored | 75 pairs/s | 5878.1s
16:37:56 | INFO | [cuda:0] 4400/85028 queries | 440000 pairs scored | 75 pairs/s | 5898.8s
16:42:51 | INFO | [cuda:1] 4600/85027 queries | 460000 pairs scored | 74 pairs/s | 6179.2s
16:42:54 | INFO | [cuda:0] 4600/85028 queries | 460000 pairs scored | 74 pairs/s | 6197.2s
16:47:53 | INFO | [cuda:1] 4800/85027 queries | 480000 pairs scored | 74 pairs/s | 6481.6s
16:47:54 | INFO | [cuda:0] 4800/85028 queries | 480000 pairs scored | 74 pairs/s | 6496.8s
16:52:54 | INFO | [cuda:1] 5000/85027 queries | 500000 pairs scored | 74 pairs/s | 6782.8s
16:52:58 | INFO | [cuda:0] 5000/85028 queries | 500000 pairs scored | 74 pairs/s | 6801.2s
16:57:56 | INFO | [cuda:1] 5200/85027 queries | 520000 pairs scored | 73 pairs/s | 7084.1s
16:57:58 | INFO | [cuda:0] 5200/85028 queries | 520000 pairs scored | 73 pairs/s | 7100.6s
17:02:57 | INFO | [cuda:1] 5400/85027 queries | 540000 pairs scored | 73 pairs/s | 7385.5s
17:03:01 | INFO | [cuda:0] 5400/85028 queries | 540000 pairs scored | 73 pairs/s | 7404.2s
17:08:00 | INFO | [cuda:1] 5600/85027 queries | 560000 pairs scored | 73 pairs/s | 7688.3s
17:08:02 | INFO | [cuda:0] 5600/85028 queries | 560000 pairs scored | 73 pairs/s | 7704.6s
17:13:04 | INFO | [cuda:1] 5800/85027 queries | 580000 pairs scored | 73 pairs/s | 7992.5s
17:13:06 | INFO | [cuda:0] 5800/85028 queries | 580000 pairs scored | 72 pairs/s | 8008.8s
17:18:11 | INFO | [cuda:1] 6000/85027 queries | 600000 pairs scored | 72 pairs/s | 8299.9s
17:18:17 | INFO | [cuda:0] 6000/85028 queries | 600000 pairs scored | 72 pairs/s | 8320.4s
17:23:15 | INFO | [cuda:1] 6200/85027 queries | 620000 pairs scored | 72 pairs/s | 8603.7s
17:23:26 | INFO | [cuda:0] 6200/85028 queries | 620000 pairs scored | 72 pairs/s | 8629.4s
17:28:26 | INFO | [cuda:1] 6400/85027 queries | 640000 pairs scored | 72 pairs/s | 8914.6s
17:28:37 | INFO | [cuda:0] 6400/85028 queries | 640000 pairs scored | 72 pairs/s | 8940.0s
17:33:38 | INFO | [cuda:1] 6600/85027 queries | 660000 pairs scored | 72 pairs/s | 9226.5s
17:33:46 | INFO | [cuda:0] 6600/85028 queries | 660000 pairs scored | 71 pairs/s | 9249.0s
17:38:45 | INFO | [cuda:1] 6800/85027 queries | 680000 pairs scored | 71 pairs/s | 9533.7s
17:38:52 | INFO | [cuda:0] 6800/85028 queries | 680000 pairs scored | 71 pairs/s | 9554.5s
17:44:02 | INFO | [cuda:1] 7000/85027 queries | 700000 pairs scored | 71 pairs/s | 9850.2s
17:44:08 | INFO | [cuda:0] 7000/85028 queries | 700000 pairs scored | 71 pairs/s | 9871.2s
17:49:24 | INFO | [cuda:1] 7200/85027 queries | 720000 pairs scored | 71 pairs/s | 10172.5s
17:49:40 | INFO | [cuda:0] 7200/85028 queries | 720000 pairs scored | 71 pairs/s | 10202.7s
17:54:45 | INFO | [cuda:1] 7400/85027 queries | 740000 pairs scored | 71 pairs/s | 10493.3s
17:55:00 | INFO | [cuda:0] 7400/85028 queries | 740000 pairs scored | 70 pairs/s | 10523.0s
18:00:07 | INFO | [cuda:1] 7600/85027 queries | 760000 pairs scored | 70 pairs/s | 10815.1s
18:00:22 | INFO | [cuda:0] 7600/85028 queries | 760000 pairs scored | 70 pairs/s | 10845.4s
18:05:25 | INFO | [cuda:1] 7800/85027 queries | 780000 pairs scored | 70 pairs/s | 11133.9s
18:05:48 | INFO | [cuda:0] 7800/85028 queries | 780000 pairs scored | 70 pairs/s | 11171.4s
18:10:54 | INFO | [cuda:1] 8000/85027 queries | 800000 pairs scored | 70 pairs/s | 11462.5s
18:11:11 | INFO | [cuda:0] 8000/85028 queries | 800000 pairs scored | 70 pairs/s | 11494.1s
18:16:10 | INFO | [cuda:1] 8200/85027 queries | 820000 pairs scored | 70 pairs/s | 11778.3s
18:16:35 | INFO | [cuda:0] 8200/85028 queries | 820000 pairs scored | 69 pairs/s | 11818.1s
18:21:31 | INFO | [cuda:1] 8400/85027 queries | 840000 pairs scored | 69 pairs/s | 12099.3s
18:22:03 | INFO | [cuda:0] 8400/85028 queries | 840000 pairs scored | 69 pairs/s | 12146.1s
18:26:57 | INFO | [cuda:1] 8600/85027 queries | 860000 pairs scored | 69 pairs/s | 12425.6s
18:27:26 | INFO | [cuda:0] 8600/85028 queries | 860000 pairs scored | 69 pairs/s | 12469.1s
18:32:19 | INFO | [cuda:1] 8800/85027 queries | 880000 pairs scored | 69 pairs/s | 12747.4s
18:32:58 | INFO | [cuda:0] 8800/85028 queries | 880000 pairs scored | 69 pairs/s | 12800.6s
18:37:52 | INFO | [cuda:1] 9000/85027 queries | 900000 pairs scored | 69 pairs/s | 13080.7s
18:38:30 | INFO | [cuda:0] 9000/85028 queries | 900000 pairs scored | 69 pairs/s | 13133.3s
18:43:48 | INFO | [cuda:1] 9200/85027 queries | 920000 pairs scored | 68 pairs/s | 13436.7s
18:44:37 | INFO | [cuda:0] 9200/85028 queries | 920000 pairs scored | 68 pairs/s | 13500.2s
18:49:20 | INFO | [cuda:1] 9400/85027 queries | 940000 pairs scored | 68 pairs/s | 13768.1s
18:50:07 | INFO | [cuda:0] 9400/85028 queries | 940000 pairs scored | 68 pairs/s | 13830.3s
18:54:50 | INFO | [cuda:1] 9600/85027 queries | 960000 pairs scored | 68 pairs/s | 14098.6s
18:55:40 | INFO | [cuda:0] 9600/85028 queries | 960000 pairs scored | 68 pairs/s | 14162.9s
19:00:21 | INFO | [cuda:1] 9800/85027 queries | 980000 pairs scored | 68 pairs/s | 14429.8s
19:01:14 | INFO | [cuda:0] 9800/85028 queries | 980000 pairs scored | 68 pairs/s | 14497.2s
19:05:55 | INFO | [cuda:1] 10000/85027 queries | 1000000 pairs scored | 68 pairs/s | 14763.5s
19:06:46 | INFO | [cuda:0] 10000/85028 queries | 1000000 pairs scored | 67 pairs/s | 14829.0s
19:11:28 | INFO | [cuda:1] 10200/85027 queries | 1020000 pairs scored | 68 pairs/s | 15096.8s
19:12:21 | INFO | [cuda:0] 10200/85028 queries | 1020000 pairs scored | 67 pairs/s | 15163.7s
19:16:59 | INFO | [cuda:1] 10400/85027 queries | 1040000 pairs scored | 67 pairs/s | 15427.9s
19:17:51 | INFO | [cuda:0] 10400/85028 queries | 1040000 pairs scored | 67 pairs/s | 15494.1s
19:22:33 | INFO | [cuda:1] 10600/85027 queries | 1060000 pairs scored | 67 pairs/s | 15761.8s
19:23:23 | INFO | [cuda:0] 10600/85028 queries | 1060000 pairs scored | 67 pairs/s | 15826.0s
19:28:19 | INFO | [cuda:1] 10800/85027 queries | 1080000 pairs scored | 67 pairs/s | 16107.8s
19:29:00 | INFO | [cuda:0] 10800/85028 queries | 1080000 pairs scored | 67 pairs/s | 16162.7s
19:33:57 | INFO | [cuda:1] 11000/85027 queries | 1100000 pairs scored | 67 pairs/s | 16445.4s
19:34:38 | INFO | [cuda:0] 11000/85028 queries | 1100000 pairs scored | 67 pairs/s | 16501.1s
19:39:39 | INFO | [cuda:1] 11200/85027 queries | 1120000 pairs scored | 67 pairs/s | 16787.1s
19:40:20 | INFO | [cuda:0] 11200/85028 queries | 1120000 pairs scored | 66 pairs/s | 16842.6s
19:45:20 | INFO | [cuda:1] 11400/85027 queries | 1140000 pairs scored | 67 pairs/s | 17128.2s
19:46:06 | INFO | [cuda:0] 11400/85028 queries | 1140000 pairs scored | 66 pairs/s | 17188.8s
19:51:07 | INFO | [cuda:1] 11600/85027 queries | 1160000 pairs scored | 66 pairs/s | 17475.0s
19:51:50 | INFO | [cuda:0] 11600/85028 queries | 1160000 pairs scored | 66 pairs/s | 17533.3s
19:56:52 | INFO | [cuda:1] 11800/85027 queries | 1180000 pairs scored | 66 pairs/s | 17820.4s
19:57:40 | INFO | [cuda:0] 11800/85028 queries | 1180000 pairs scored | 66 pairs/s | 17883.5s
20:02:40 | INFO | [cuda:1] 12000/85027 queries | 1200000 pairs scored | 66 pairs/s | 18168.4s
20:03:29 | INFO | [cuda:0] 12000/85028 queries | 1200000 pairs scored | 66 pairs/s | 18232.1s
20:08:25 | INFO | [cuda:1] 12200/85027 queries | 1220000 pairs scored | 66 pairs/s | 18513.8s
20:09:16 | INFO | [cuda:0] 12200/85028 queries | 1220000 pairs scored | 66 pairs/s | 18579.4s
20:14:11 | INFO | [cuda:1] 12400/85027 queries | 1240000 pairs scored | 66 pairs/s | 18859.0s
20:15:03 | INFO | [cuda:0] 12400/85028 queries | 1240000 pairs scored | 66 pairs/s | 18926.1s
20:20:01 | INFO | [cuda:1] 12600/85027 queries | 1260000 pairs scored | 66 pairs/s | 19209.7s
20:20:55 | INFO | [cuda:0] 12600/85028 queries | 1260000 pairs scored | 65 pairs/s | 19278.1s
20:25:45 | INFO | [cuda:1] 12800/85027 queries | 1280000 pairs scored | 65 pairs/s | 19553.7s
20:26:40 | INFO | [cuda:0] 12800/85028 queries | 1280000 pairs scored | 65 pairs/s | 19622.7s
20:31:33 | INFO | [cuda:1] 13000/85027 queries | 1300000 pairs scored | 65 pairs/s | 19901.2s
20:32:28 | INFO | [cuda:0] 13000/85028 queries | 1300000 pairs scored | 65 pairs/s | 19970.9s
20:37:18 | INFO | [cuda:1] 13200/85027 queries | 1320000 pairs scored | 65 pairs/s | 20246.6s
20:38:18 | INFO | [cuda:0] 13200/85028 queries | 1320000 pairs scored | 65 pairs/s | 20321.3s
20:43:08 | INFO | [cuda:1] 13400/85027 queries | 1340000 pairs scored | 65 pairs/s | 20596.2s
20:44:10 | INFO | [cuda:0] 13400/85028 queries | 1340000 pairs scored | 65 pairs/s | 20673.2s
20:49:02 | INFO | [cuda:1] 13600/85027 queries | 1360000 pairs scored | 65 pairs/s | 20950.7s
20:50:03 | INFO | [cuda:0] 13600/85028 queries | 1360000 pairs scored | 65 pairs/s | 21025.6s
20:54:54 | INFO | [cuda:1] 13800/85027 queries | 1380000 pairs scored | 65 pairs/s | 21302.7s
20:55:53 | INFO | [cuda:0] 13800/85028 queries | 1380000 pairs scored | 65 pairs/s | 21376.0s
21:00:47 | INFO | [cuda:1] 14000/85027 queries | 1400000 pairs scored | 65 pairs/s | 21655.8s
21:01:47 | INFO | [cuda:0] 14000/85028 queries | 1400000 pairs scored | 64 pairs/s | 21730.0s
21:06:39 | INFO | [cuda:1] 14200/85027 queries | 1420000 pairs scored | 65 pairs/s | 22007.4s
21:07:39 | INFO | [cuda:0] 14200/85028 queries | 1420000 pairs scored | 64 pairs/s | 22082.2s
21:12:31 | INFO | [cuda:1] 14400/85027 queries | 1440000 pairs scored | 64 pairs/s | 22359.0s
21:13:31 | INFO | [cuda:0] 14400/85028 queries | 1440000 pairs scored | 64 pairs/s | 22433.7s
21:18:20 | INFO | [cuda:1] 14600/85027 queries | 1460000 pairs scored | 64 pairs/s | 22708.7s
21:19:25 | INFO | [cuda:0] 14600/85028 queries | 1460000 pairs scored | 64 pairs/s | 22788.3s
21:24:11 | INFO | [cuda:1] 14800/85027 queries | 1480000 pairs scored | 64 pairs/s | 23059.0s
21:25:21 | INFO | [cuda:0] 14800/85028 queries | 1480000 pairs scored | 64 pairs/s | 23144.4s
21:30:03 | INFO | [cuda:1] 15000/85027 queries | 1500000 pairs scored | 64 pairs/s | 23411.0s
21:31:13 | INFO | [cuda:0] 15000/85028 queries | 1500000 pairs scored | 64 pairs/s | 23496.4s
21:35:56 | INFO | [cuda:1] 15200/85027 queries | 1520000 pairs scored | 64 pairs/s | 23764.5s
21:37:08 | INFO | [cuda:0] 15200/85028 queries | 1520000 pairs scored | 64 pairs/s | 23851.0s
21:41:51 | INFO | [cuda:1] 15400/85027 queries | 1540000 pairs scored | 64 pairs/s | 24119.5s
21:43:12 | INFO | [cuda:0] 15400/85028 queries | 1540000 pairs scored | 64 pairs/s | 24215.3s
21:48:13 | INFO | [cuda:1] 15600/85027 queries | 1560000 pairs scored | 64 pairs/s | 24501.7s
21:49:36 | INFO | [cuda:0] 15600/85028 queries | 1560000 pairs scored | 63 pairs/s | 24599.3s
21:54:23 | INFO | [cuda:1] 15800/85027 queries | 1580000 pairs scored | 64 pairs/s | 24871.4s
21:55:43 | INFO | [cuda:0] 15800/85028 queries | 1580000 pairs scored | 63 pairs/s | 24966.1s
22:00:29 | INFO | [cuda:1] 16000/85027 queries | 1600000 pairs scored | 63 pairs/s | 25237.5s
22:01:47 | INFO | [cuda:0] 16000/85028 queries | 1600000 pairs scored | 63 pairs/s | 25329.7s
22:06:46 | INFO | [cuda:1] 16200/85027 queries | 1620000 pairs scored | 63 pairs/s | 25614.8s
22:08:02 | INFO | [cuda:0] 16200/85028 queries | 1620000 pairs scored | 63 pairs/s | 25705.3s
22:13:21 | INFO | [cuda:1] 16400/85027 queries | 1640000 pairs scored | 63 pairs/s | 26009.1s
22:14:36 | INFO | [cuda:0] 16400/85028 queries | 1640000 pairs scored | 63 pairs/s | 26099.4s
22:19:52 | INFO | [cuda:1] 16600/85027 queries | 1660000 pairs scored | 63 pairs/s | 26400.6s
22:21:09 | INFO | [cuda:0] 16600/85028 queries | 1660000 pairs scored | 63 pairs/s | 26492.1s
22:25:59 | INFO | [cuda:1] 16800/85027 queries | 1680000 pairs scored | 63 pairs/s | 26767.7s
22:27:17 | INFO | [cuda:0] 16800/85028 queries | 1680000 pairs scored | 63 pairs/s | 26859.8s
22:32:18 | INFO | [cuda:1] 17000/85027 queries | 1700000 pairs scored | 63 pairs/s | 27146.9s
22:33:39 | INFO | [cuda:0] 17000/85028 queries | 1700000 pairs scored | 62 pairs/s | 27241.5s
22:38:59 | INFO | [cuda:1] 17200/85027 queries | 1720000 pairs scored | 62 pairs/s | 27547.9s
22:40:10 | INFO | [cuda:0] 17200/85028 queries | 1720000 pairs scored | 62 pairs/s | 27633.4s
22:45:52 | INFO | [cuda:1] 17400/85027 queries | 1740000 pairs scored | 62 pairs/s | 27960.5s
22:47:12 | INFO | [cuda:0] 17400/85028 queries | 1740000 pairs scored | 62 pairs/s | 28055.1s
22:52:07 | INFO | [cuda:1] 17600/85027 queries | 1760000 pairs scored | 62 pairs/s | 28335.1s
22:53:25 | INFO | [cuda:0] 17600/85028 queries | 1760000 pairs scored | 62 pairs/s | 28427.9s
22:58:20 | INFO | [cuda:1] 17800/85027 queries | 1780000 pairs scored | 62 pairs/s | 28708.5s
22:59:32 | INFO | [cuda:0] 17800/85028 queries | 1780000 pairs scored | 62 pairs/s | 28795.5s
23:04:33 | INFO | [cuda:1] 18000/85027 queries | 1800000 pairs scored | 62 pairs/s | 29081.0s
23:05:49 | INFO | [cuda:0] 18000/85028 queries | 1800000 pairs scored | 62 pairs/s | 29172.5s
23:10:49 | INFO | [cuda:1] 18200/85027 queries | 1820000 pairs scored | 62 pairs/s | 29457.7s
23:12:05 | INFO | [cuda:0] 18200/85028 queries | 1820000 pairs scored | 62 pairs/s | 29548.2s
23:18:03 | INFO | [cuda:1] 18400/85027 queries | 1840000 pairs scored | 62 pairs/s | 29891.7s
23:19:46 | INFO | [cuda:0] 18400/85028 queries | 1840000 pairs scored | 61 pairs/s | 30009.1s
23:26:35 | INFO | [cuda:1] 18600/85027 queries | 1860000 pairs scored | 61 pairs/s | 30403.1s
23:27:36 | INFO | [cuda:0] 18600/85028 queries | 1860000 pairs scored | 61 pairs/s | 30479.2s
23:34:03 | INFO | [cuda:1] 18800/85027 queries | 1880000 pairs scored | 61 pairs/s | 30851.2s
23:35:12 | INFO | [cuda:0] 18800/85028 queries | 1880000 pairs scored | 61 pairs/s | 30935.0s
23:42:30 | INFO | [cuda:1] 19000/85027 queries | 1900000 pairs scored | 61 pairs/s | 31358.8s
23:44:29 | INFO | [cuda:0] 19000/85028 queries | 1900000 pairs scored | 60 pairs/s | 31492.1s
23:50:52 | INFO | [cuda:1] 19200/85027 queries | 1920000 pairs scored | 60 pairs/s | 31860.8s
23:51:48 | INFO | [cuda:0] 19200/85028 queries | 1920000 pairs scored | 60 pairs/s | 31931.1s
23:57:07 | INFO | [cuda:1] 19400/85027 queries | 1940000 pairs scored | 60 pairs/s | 32235.4s
23:58:02 | INFO | [cuda:0] 19400/85028 queries | 1940000 pairs scored | 60 pairs/s | 32305.2s
00:03:22 | INFO | [cuda:1] 19600/85027 queries | 1960000 pairs scored | 60 pairs/s | 32610.6s
00:04:14 | INFO | [cuda:0] 19600/85028 queries | 1960000 pairs scored | 60 pairs/s | 32677.0s
00:10:18 | INFO | [cuda:1] 19800/85027 queries | 1980000 pairs scored | 60 pairs/s | 33026.1s
00:11:36 | INFO | [cuda:0] 19800/85028 queries | 1980000 pairs scored | 60 pairs/s | 33119.1s
00:19:19 | INFO | [cuda:1] 20000/85027 queries | 2000000 pairs scored | 60 pairs/s | 33567.5s
00:19:59 | INFO | [cuda:0] 20000/85028 queries | 2000000 pairs scored | 59 pairs/s | 33621.7s
00:27:10 | INFO | [cuda:1] 20200/85027 queries | 2020000 pairs scored | 59 pairs/s | 34038.3s
00:27:33 | INFO | [cuda:0] 20200/85028 queries | 2020000 pairs scored | 59 pairs/s | 34075.5s
00:33:24 | INFO | [cuda:1] 20400/85027 queries | 2040000 pairs scored | 59 pairs/s | 34412.1s
00:33:44 | INFO | [cuda:0] 20400/85028 queries | 2040000 pairs scored | 59 pairs/s | 34447.0s
00:39:43 | INFO | [cuda:1] 20600/85027 queries | 2060000 pairs scored | 59 pairs/s | 34791.2s
00:40:04 | INFO | [cuda:0] 20600/85028 queries | 2060000 pairs scored | 59 pairs/s | 34827.2s
00:46:02 | INFO | [cuda:1] 20800/85027 queries | 2080000 pairs scored | 59 pairs/s | 35170.6s
00:46:26 | INFO | [cuda:0] 20800/85028 queries | 2080000 pairs scored | 59 pairs/s | 35209.0s
00:52:37 | INFO | [cuda:1] 21000/85027 queries | 2100000 pairs scored | 59 pairs/s | 35565.5s
00:52:58 | INFO | [cuda:0] 21000/85028 queries | 2100000 pairs scored | 59 pairs/s | 35601.3s
00:59:09 | INFO | [cuda:1] 21200/85027 queries | 2120000 pairs scored | 59 pairs/s | 35957.8s
00:59:28 | INFO | [cuda:0] 21200/85028 queries | 2120000 pairs scored | 59 pairs/s | 35991.4s
01:05:34 | INFO | [cuda:1] 21400/85027 queries | 2140000 pairs scored | 59 pairs/s | 36342.8s
01:05:56 | INFO | [cuda:0] 21400/85028 queries | 2140000 pairs scored | 59 pairs/s | 36378.7s
01:11:53 | INFO | [cuda:1] 21600/85027 queries | 2160000 pairs scored | 59 pairs/s | 36721.3s
01:12:20 | INFO | [cuda:0] 21600/85028 queries | 2160000 pairs scored | 59 pairs/s | 36763.1s
01:18:15 | INFO | [cuda:1] 21800/85027 queries | 2180000 pairs scored | 59 pairs/s | 37103.4s
01:18:32 | INFO | [cuda:0] 21800/85028 queries | 2180000 pairs scored | 59 pairs/s | 37134.7s
01:24:37 | INFO | [cuda:1] 22000/85027 queries | 2200000 pairs scored | 59 pairs/s | 37485.9s
01:24:57 | INFO | [cuda:0] 22000/85028 queries | 2200000 pairs scored | 59 pairs/s | 37519.5s
01:30:58 | INFO | [cuda:1] 22200/85027 queries | 2220000 pairs scored | 59 pairs/s | 37866.1s
01:31:20 | INFO | [cuda:0] 22200/85028 queries | 2220000 pairs scored | 59 pairs/s | 37903.2s
01:37:23 | INFO | [cuda:1] 22400/85027 queries | 2240000 pairs scored | 59 pairs/s | 38251.6s
01:37:41 | INFO | [cuda:0] 22400/85028 queries | 2240000 pairs scored | 59 pairs/s | 38283.7s
01:43:49 | INFO | [cuda:1] 22600/85027 queries | 2260000 pairs scored | 58 pairs/s | 38637.0s
01:43:58 | INFO | [cuda:0] 22600/85028 queries | 2260000 pairs scored | 58 pairs/s | 38661.1s
01:50:17 | INFO | [cuda:1] 22800/85027 queries | 2280000 pairs scored | 58 pairs/s | 39025.9s
01:50:27 | INFO | [cuda:0] 22800/85028 queries | 2280000 pairs scored | 58 pairs/s | 39049.7s
01:56:42 | INFO | [cuda:1] 23000/85027 queries | 2300000 pairs scored | 58 pairs/s | 39410.6s
01:56:53 | INFO | [cuda:0] 23000/85028 queries | 2300000 pairs scored | 58 pairs/s | 39436.4s
02:03:13 | INFO | [cuda:1] 23200/85027 queries | 2320000 pairs scored | 58 pairs/s | 39801.4s
02:03:21 | INFO | [cuda:0] 23200/85028 queries | 2320000 pairs scored | 58 pairs/s | 39824.0s
02:09:53 | INFO | [cuda:1] 23400/85027 queries | 2340000 pairs scored | 58 pairs/s | 40201.0s
02:09:57 | INFO | [cuda:0] 23400/85028 queries | 2340000 pairs scored | 58 pairs/s | 40220.0s
02:16:30 | INFO | [cuda:1] 23600/85027 queries | 2360000 pairs scored | 58 pairs/s | 40598.6s
02:16:43 | INFO | [cuda:0] 23600/85028 queries | 2360000 pairs scored | 58 pairs/s | 40625.8s
02:23:05 | INFO | [cuda:1] 23800/85027 queries | 2380000 pairs scored | 58 pairs/s | 40993.7s
02:23:18 | INFO | [cuda:0] 23800/85028 queries | 2380000 pairs scored | 58 pairs/s | 41021.2s
02:29:38 | INFO | [cuda:1] 24000/85027 queries | 2400000 pairs scored | 58 pairs/s | 41386.6s
02:29:54 | INFO | [cuda:0] 24000/85028 queries | 2400000 pairs scored | 58 pairs/s | 41416.9s
02:36:09 | INFO | [cuda:1] 24200/85027 queries | 2420000 pairs scored | 58 pairs/s | 41777.9s
02:36:20 | INFO | [cuda:0] 24200/85028 queries | 2420000 pairs scored | 58 pairs/s | 41802.9s
02:42:43 | INFO | [cuda:1] 24400/85027 queries | 2440000 pairs scored | 58 pairs/s | 42171.0s
02:42:47 | INFO | [cuda:0] 24400/85028 queries | 2440000 pairs scored | 58 pairs/s | 42189.9s
02:49:17 | INFO | [cuda:1] 24600/85027 queries | 2460000 pairs scored | 58 pairs/s | 42565.9s
02:49:28 | INFO | [cuda:0] 24600/85028 queries | 2460000 pairs scored | 58 pairs/s | 42591.0s
02:55:57 | INFO | [cuda:1] 24800/85027 queries | 2480000 pairs scored | 58 pairs/s | 42965.1s
02:56:07 | INFO | [cuda:0] 24800/85028 queries | 2480000 pairs scored | 58 pairs/s | 42989.6s
03:02:39 | INFO | [cuda:1] 25000/85027 queries | 2500000 pairs scored | 58 pairs/s | 43367.7s
03:02:49 | INFO | [cuda:0] 25000/85028 queries | 2500000 pairs scored | 58 pairs/s | 43391.6s
03:09:21 | INFO | [cuda:1] 25200/85027 queries | 2520000 pairs scored | 58 pairs/s | 43769.5s
03:09:31 | INFO | [cuda:0] 25200/85028 queries | 2520000 pairs scored | 58 pairs/s | 43793.7s
03:16:00 | INFO | [cuda:1] 25400/85027 queries | 2540000 pairs scored | 58 pairs/s | 44168.8s
03:16:04 | INFO | [cuda:0] 25400/85028 queries | 2540000 pairs scored | 57 pairs/s | 44187.4s
03:22:46 | INFO | [cuda:0] 25600/85028 queries | 2560000 pairs scored | 57 pairs/s | 44588.6s
03:22:48 | INFO | [cuda:1] 25600/85027 queries | 2560000 pairs scored | 57 pairs/s | 44576.2s
03:29:34 | INFO | [cuda:0] 25800/85028 queries | 2580000 pairs scored | 57 pairs/s | 44997.2s
03:29:35 | INFO | [cuda:1] 25800/85027 queries | 2580000 pairs scored | 57 pairs/s | 44983.1s
03:36:16 | INFO | [cuda:0] 26000/85028 queries | 2600000 pairs scored | 57 pairs/s | 45399.4s
03:36:22 | INFO | [cuda:1] 26000/85027 queries | 2600000 pairs scored | 57 pairs/s | 45390.0s
03:42:57 | INFO | [cuda:0] 26200/85028 queries | 2620000 pairs scored | 57 pairs/s | 45800.0s
03:43:12 | INFO | [cuda:1] 26200/85027 queries | 2620000 pairs scored | 57 pairs/s | 45800.1s
03:49:45 | INFO | [cuda:0] 26400/85028 queries | 2640000 pairs scored | 57 pairs/s | 46208.5s
03:50:00 | INFO | [cuda:1] 26400/85027 queries | 2640000 pairs scored | 57 pairs/s | 46208.6s
03:56:27 | INFO | [cuda:0] 26600/85028 queries | 2660000 pairs scored | 57 pairs/s | 46609.9s
03:56:46 | INFO | [cuda:1] 26600/85027 queries | 2660000 pairs scored | 57 pairs/s | 46614.0s
04:03:09 | INFO | [cuda:0] 26800/85028 queries | 2680000 pairs scored | 57 pairs/s | 47012.4s
04:03:31 | INFO | [cuda:1] 26800/85027 queries | 2680000 pairs scored | 57 pairs/s | 47019.9s
04:09:49 | INFO | [cuda:0] 27000/85028 queries | 2700000 pairs scored | 57 pairs/s | 47411.8s
04:10:13 | INFO | [cuda:1] 27000/85027 queries | 2700000 pairs scored | 57 pairs/s | 47421.9s
04:16:31 | INFO | [cuda:0] 27200/85028 queries | 2720000 pairs scored | 57 pairs/s | 47814.4s
04:16:57 | INFO | [cuda:1] 27200/85027 queries | 2720000 pairs scored | 57 pairs/s | 47825.6s
04:23:18 | INFO | [cuda:0] 27400/85028 queries | 2740000 pairs scored | 57 pairs/s | 48221.3s
04:23:45 | INFO | [cuda:1] 27400/85027 queries | 2740000 pairs scored | 57 pairs/s | 48233.6s
04:30:02 | INFO | [cuda:0] 27600/85028 queries | 2760000 pairs scored | 57 pairs/s | 48624.6s
04:30:28 | INFO | [cuda:1] 27600/85027 queries | 2760000 pairs scored | 57 pairs/s | 48636.3s
04:36:49 | INFO | [cuda:0] 27800/85028 queries | 2780000 pairs scored | 57 pairs/s | 49031.9s
04:37:17 | INFO | [cuda:1] 27800/85027 queries | 2780000 pairs scored | 57 pairs/s | 49045.5s
04:43:32 | INFO | [cuda:0] 28000/85028 queries | 2800000 pairs scored | 57 pairs/s | 49435.4s
04:44:08 | INFO | [cuda:1] 28000/85027 queries | 2800000 pairs scored | 57 pairs/s | 49456.0s
04:50:24 | INFO | [cuda:0] 28200/85028 queries | 2820000 pairs scored | 57 pairs/s | 49847.3s
04:51:04 | INFO | [cuda:1] 28200/85027 queries | 2820000 pairs scored | 57 pairs/s | 49872.1s
04:57:14 | INFO | [cuda:0] 28400/85028 queries | 2840000 pairs scored | 57 pairs/s | 50257.4s
04:58:00 | INFO | [cuda:1] 28400/85027 queries | 2840000 pairs scored | 56 pairs/s | 50288.1s
05:04:05 | INFO | [cuda:0] 28600/85028 queries | 2860000 pairs scored | 56 pairs/s | 50667.9s
05:04:45 | INFO | [cuda:1] 28600/85027 queries | 2860000 pairs scored | 56 pairs/s | 50693.9s
05:10:52 | INFO | [cuda:0] 28800/85028 queries | 2880000 pairs scored | 56 pairs/s | 51075.0s
05:11:39 | INFO | [cuda:1] 28800/85027 queries | 2880000 pairs scored | 56 pairs/s | 51107.5s
05:17:40 | INFO | [cuda:0] 29000/85028 queries | 2900000 pairs scored | 56 pairs/s | 51482.6s
05:18:31 | INFO | [cuda:1] 29000/85027 queries | 2900000 pairs scored | 56 pairs/s | 51519.2s
05:24:29 | INFO | [cuda:0] 29200/85028 queries | 2920000 pairs scored | 56 pairs/s | 51892.5s
05:25:22 | INFO | [cuda:1] 29200/85027 queries | 2920000 pairs scored | 56 pairs/s | 51930.6s
05:31:18 | INFO | [cuda:0] 29400/85028 queries | 2940000 pairs scored | 56 pairs/s | 52300.5s
05:32:17 | INFO | [cuda:1] 29400/85027 queries | 2940000 pairs scored | 56 pairs/s | 52345.5s
05:38:13 | INFO | [cuda:0] 29600/85028 queries | 2960000 pairs scored | 56 pairs/s | 52715.7s
05:39:11 | INFO | [cuda:1] 29600/85027 queries | 2960000 pairs scored | 56 pairs/s | 52759.0s
05:45:12 | INFO | [cuda:0] 29800/85028 queries | 2980000 pairs scored | 56 pairs/s | 53134.8s
05:46:11 | INFO | [cuda:1] 29800/85027 queries | 2980000 pairs scored | 56 pairs/s | 53179.0s
05:52:11 | INFO | [cuda:0] 30000/85028 queries | 3000000 pairs scored | 56 pairs/s | 53554.0s
05:53:06 | INFO | [cuda:1] 30000/85027 queries | 3000000 pairs scored | 56 pairs/s | 53594.9s
05:59:03 | INFO | [cuda:0] 30200/85028 queries | 3020000 pairs scored | 56 pairs/s | 53966.4s
06:00:01 | INFO | [cuda:1] 30200/85027 queries | 3020000 pairs scored | 56 pairs/s | 54009.9s
06:06:06 | INFO | [cuda:0] 30400/85028 queries | 3040000 pairs scored | 56 pairs/s | 54389.0s
06:07:03 | INFO | [cuda:1] 30400/85027 queries | 3040000 pairs scored | 56 pairs/s | 54431.1s
06:13:08 | INFO | [cuda:0] 30600/85028 queries | 3060000 pairs scored | 56 pairs/s | 54811.1s
06:14:06 | INFO | [cuda:1] 30600/85027 queries | 3060000 pairs scored | 56 pairs/s | 54854.4s
06:20:03 | INFO | [cuda:0] 30800/85028 queries | 3080000 pairs scored | 56 pairs/s | 55225.6s
06:21:03 | INFO | [cuda:1] 30800/85027 queries | 3080000 pairs scored | 56 pairs/s | 55271.2s
06:27:00 | INFO | [cuda:0] 31000/85028 queries | 3100000 pairs scored | 56 pairs/s | 55643.4s
06:28:08 | INFO | [cuda:1] 31000/85027 queries | 3100000 pairs scored | 56 pairs/s | 55696.6s
06:34:00 | INFO | [cuda:0] 31200/85028 queries | 3120000 pairs scored | 56 pairs/s | 56062.9s
06:35:15 | INFO | [cuda:1] 31200/85027 queries | 3120000 pairs scored | 56 pairs/s | 56123.8s
06:41:14 | INFO | [cuda:0] 31400/85028 queries | 3140000 pairs scored | 56 pairs/s | 56496.9s
06:42:39 | INFO | [cuda:1] 31400/85027 queries | 3140000 pairs scored | 56 pairs/s | 56567.8s
06:48:34 | INFO | [cuda:0] 31600/85028 queries | 3160000 pairs scored | 55 pairs/s | 56937.3s
06:49:49 | INFO | [cuda:1] 31600/85027 queries | 3160000 pairs scored | 55 pairs/s | 56997.7s
06:55:42 | INFO | [cuda:0] 31800/85028 queries | 3180000 pairs scored | 55 pairs/s | 57365.4s
06:56:53 | INFO | [cuda:1] 31800/85027 queries | 3180000 pairs scored | 55 pairs/s | 57421.5s
07:02:47 | INFO | [cuda:0] 32000/85028 queries | 3200000 pairs scored | 55 pairs/s | 57789.9s
07:03:57 | INFO | [cuda:1] 32000/85027 queries | 3200000 pairs scored | 55 pairs/s | 57845.7s
07:09:54 | INFO | [cuda:0] 32200/85028 queries | 3220000 pairs scored | 55 pairs/s | 58216.9s
07:11:07 | INFO | [cuda:1] 32200/85027 queries | 3220000 pairs scored | 55 pairs/s | 58275.1s
07:17:03 | INFO | [cuda:0] 32400/85028 queries | 3240000 pairs scored | 55 pairs/s | 58646.5s
07:18:20 | INFO | [cuda:1] 32400/85027 queries | 3240000 pairs scored | 55 pairs/s | 58708.1s
07:24:12 | INFO | [cuda:0] 32600/85028 queries | 3260000 pairs scored | 55 pairs/s | 59075.1s
07:25:27 | INFO | [cuda:1] 32600/85027 queries | 3260000 pairs scored | 55 pairs/s | 59135.4s
07:31:21 | INFO | [cuda:0] 32800/85028 queries | 3280000 pairs scored | 55 pairs/s | 59504.1s
07:32:34 | INFO | [cuda:1] 32800/85027 queries | 3280000 pairs scored | 55 pairs/s | 59562.5s
07:38:28 | INFO | [cuda:0] 33000/85028 queries | 3300000 pairs scored | 55 pairs/s | 59930.6s
07:39:47 | INFO | [cuda:1] 33000/85027 queries | 3300000 pairs scored | 55 pairs/s | 59995.2s
07:45:37 | INFO | [cuda:0] 33200/85028 queries | 3320000 pairs scored | 55 pairs/s | 60360.2s
07:46:58 | INFO | [cuda:1] 33200/85027 queries | 3320000 pairs scored | 55 pairs/s | 60426.6s
07:52:42 | INFO | [cuda:0] 33400/85028 queries | 3340000 pairs scored | 55 pairs/s | 60785.2s
07:54:10 | INFO | [cuda:1] 33400/85027 queries | 3340000 pairs scored | 55 pairs/s | 60858.7s
07:59:49 | INFO | [cuda:0] 33600/85028 queries | 3360000 pairs scored | 55 pairs/s | 61211.9s
08:01:23 | INFO | [cuda:1] 33600/85027 queries | 3360000 pairs scored | 55 pairs/s | 61291.0s
08:06:59 | INFO | [cuda:0] 33800/85028 queries | 3380000 pairs scored | 55 pairs/s | 61642.1s
08:08:36 | INFO | [cuda:1] 33800/85027 queries | 3380000 pairs scored | 55 pairs/s | 61724.3s
08:14:11 | INFO | [cuda:0] 34000/85028 queries | 3400000 pairs scored | 55 pairs/s | 62073.9s
08:15:50 | INFO | [cuda:1] 34000/85027 queries | 3400000 pairs scored | 55 pairs/s | 62158.0s
08:21:26 | INFO | [cuda:0] 34200/85028 queries | 3420000 pairs scored | 55 pairs/s | 62509.2s
08:23:05 | INFO | [cuda:1] 34200/85027 queries | 3420000 pairs scored | 55 pairs/s | 62593.8s
08:28:38 | INFO | [cuda:0] 34400/85028 queries | 3440000 pairs scored | 55 pairs/s | 62940.8s
08:30:21 | INFO | [cuda:1] 34400/85027 queries | 3440000 pairs scored | 55 pairs/s | 63029.9s
08:35:47 | INFO | [cuda:0] 34600/85028 queries | 3460000 pairs scored | 55 pairs/s | 63370.1s
08:37:39 | INFO | [cuda:1] 34600/85027 queries | 3460000 pairs scored | 55 pairs/s | 63467.1s
08:42:55 | INFO | [cuda:0] 34800/85028 queries | 3480000 pairs scored | 55 pairs/s | 63798.1s
08:44:48 | INFO | [cuda:1] 34800/85027 queries | 3480000 pairs scored | 54 pairs/s | 63896.9s
08:50:06 | INFO | [cuda:0] 35000/85028 queries | 3500000 pairs scored | 54 pairs/s | 64229.2s
08:52:02 | INFO | [cuda:1] 35000/85027 queries | 3500000 pairs scored | 54 pairs/s | 64330.9s
08:57:22 | INFO | [cuda:0] 35200/85028 queries | 3520000 pairs scored | 54 pairs/s | 64664.5s
08:59:18 | INFO | [cuda:1] 35200/85027 queries | 3520000 pairs scored | 54 pairs/s | 64766.1s
09:04:38 | INFO | [cuda:0] 35400/85028 queries | 3540000 pairs scored | 54 pairs/s | 65101.0s
09:06:37 | INFO | [cuda:1] 35400/85027 queries | 3540000 pairs scored | 54 pairs/s | 65205.8s
09:11:53 | INFO | [cuda:0] 35600/85028 queries | 3560000 pairs scored | 54 pairs/s | 65535.9s
09:13:59 | INFO | [cuda:1] 35600/85027 queries | 3560000 pairs scored | 54 pairs/s | 65647.0s
09:19:17 | INFO | [cuda:0] 35800/85028 queries | 3580000 pairs scored | 54 pairs/s | 65980.3s
09:21:26 | INFO | [cuda:1] 35800/85027 queries | 3580000 pairs scored | 54 pairs/s | 66094.2s
09:26:50 | INFO | [cuda:0] 36000/85028 queries | 3600000 pairs scored | 54 pairs/s | 66432.9s
09:28:52 | INFO | [cuda:1] 36000/85027 queries | 3600000 pairs scored | 54 pairs/s | 66540.4s
09:34:09 | INFO | [cuda:0] 36200/85028 queries | 3620000 pairs scored | 54 pairs/s | 66871.7s
09:36:11 | INFO | [cuda:1] 36200/85027 queries | 3620000 pairs scored | 54 pairs/s | 66979.0s
09:41:30 | INFO | [cuda:0] 36400/85028 queries | 3640000 pairs scored | 54 pairs/s | 67312.5s
09:43:41 | INFO | [cuda:1] 36400/85027 queries | 3640000 pairs scored | 54 pairs/s | 67429.4s
09:48:54 | INFO | [cuda:0] 36600/85028 queries | 3660000 pairs scored | 54 pairs/s | 67757.0s
09:51:16 | INFO | [cuda:1] 36600/85027 queries | 3660000 pairs scored | 54 pairs/s | 67884.1s
09:56:12 | INFO | [cuda:0] 36800/85028 queries | 3680000 pairs scored | 54 pairs/s | 68194.8s
09:58:40 | INFO | [cuda:1] 36800/85027 queries | 3680000 pairs scored | 54 pairs/s | 68328.2s
10:03:36 | INFO | [cuda:0] 37000/85028 queries | 3700000 pairs scored | 54 pairs/s | 68638.9s
10:06:02 | INFO | [cuda:1] 37000/85027 queries | 3700000 pairs scored | 54 pairs/s | 68770.2s
10:10:55 | INFO | [cuda:0] 37200/85028 queries | 3720000 pairs scored | 54 pairs/s | 69077.7s
10:13:21 | INFO | [cuda:1] 37200/85027 queries | 3720000 pairs scored | 54 pairs/s | 69209.7s
10:18:17 | INFO | [cuda:0] 37400/85028 queries | 3740000 pairs scored | 54 pairs/s | 69519.7s
10:20:44 | INFO | [cuda:1] 37400/85027 queries | 3740000 pairs scored | 54 pairs/s | 69652.6s
10:25:42 | INFO | [cuda:0] 37600/85028 queries | 3760000 pairs scored | 54 pairs/s | 69964.6s
10:28:19 | INFO | [cuda:1] 37600/85027 queries | 3760000 pairs scored | 54 pairs/s | 70107.5s
10:33:12 | INFO | [cuda:0] 37800/85028 queries | 3780000 pairs scored | 54 pairs/s | 70415.0s
10:35:54 | INFO | [cuda:1] 37800/85027 queries | 3780000 pairs scored | 54 pairs/s | 70562.2s
10:40:37 | INFO | [cuda:0] 38000/85028 queries | 3800000 pairs scored | 54 pairs/s | 70860.2s
10:43:18 | INFO | [cuda:1] 38000/85027 queries | 3800000 pairs scored | 54 pairs/s | 71006.1s
10:48:08 | INFO | [cuda:0] 38200/85028 queries | 3820000 pairs scored | 54 pairs/s | 71310.6s
10:50:50 | INFO | [cuda:1] 38200/85027 queries | 3820000 pairs scored | 53 pairs/s | 71458.3s
10:55:39 | INFO | [cuda:0] 38400/85028 queries | 3840000 pairs scored | 54 pairs/s | 71762.4s
10:58:25 | INFO | [cuda:1] 38400/85027 queries | 3840000 pairs scored | 53 pairs/s | 71913.4s
11:03:06 | INFO | [cuda:0] 38600/85028 queries | 3860000 pairs scored | 53 pairs/s | 72209.3s
11:05:58 | INFO | [cuda:1] 38600/85027 queries | 3860000 pairs scored | 53 pairs/s | 72366.5s
11:10:41 | INFO | [cuda:0] 38800/85028 queries | 3880000 pairs scored | 53 pairs/s | 72663.7s
11:13:27 | INFO | [cuda:1] 38800/85027 queries | 3880000 pairs scored | 53 pairs/s | 72815.2s
11:18:12 | INFO | [cuda:0] 39000/85028 queries | 3900000 pairs scored | 53 pairs/s | 73114.7s
11:21:10 | INFO | [cuda:1] 39000/85027 queries | 3900000 pairs scored | 53 pairs/s | 73278.0s
11:25:52 | INFO | [cuda:0] 39200/85028 queries | 3920000 pairs scored | 53 pairs/s | 73575.2s
11:28:42 | INFO | [cuda:1] 39200/85027 queries | 3920000 pairs scored | 53 pairs/s | 73730.2s
11:33:27 | INFO | [cuda:0] 39400/85028 queries | 3940000 pairs scored | 53 pairs/s | 74029.8s
11:36:13 | INFO | [cuda:1] 39400/85027 queries | 3940000 pairs scored | 53 pairs/s | 74181.1s
11:41:00 | INFO | [cuda:0] 39600/85028 queries | 3960000 pairs scored | 53 pairs/s | 74483.1s
11:43:49 | INFO | [cuda:1] 39600/85027 queries | 3960000 pairs scored | 53 pairs/s | 74637.3s
11:48:37 | INFO | [cuda:0] 39800/85028 queries | 3980000 pairs scored | 53 pairs/s | 74940.3s
11:51:18 | INFO | [cuda:1] 39800/85027 queries | 3980000 pairs scored | 53 pairs/s | 75086.5s
11:56:10 | INFO | [cuda:0] 40000/85028 queries | 4000000 pairs scored | 53 pairs/s | 75392.6s
11:58:59 | INFO | [cuda:1] 40000/85027 queries | 4000000 pairs scored | 53 pairs/s | 75547.2s
12:03:48 | INFO | [cuda:0] 40200/85028 queries | 4020000 pairs scored | 53 pairs/s | 75850.7s
12:06:43 | INFO | [cuda:1] 40200/85027 queries | 4020000 pairs scored | 53 pairs/s | 76011.3s
12:11:32 | INFO | [cuda:0] 40400/85028 queries | 4040000 pairs scored | 53 pairs/s | 76314.5s
12:14:28 | INFO | [cuda:1] 40400/85027 queries | 4040000 pairs scored | 53 pairs/s | 76476.2s
12:19:11 | INFO | [cuda:0] 40600/85028 queries | 4060000 pairs scored | 53 pairs/s | 76773.6s
12:22:08 | INFO | [cuda:1] 40600/85027 queries | 4060000 pairs scored | 53 pairs/s | 76936.4s
12:26:47 | INFO | [cuda:0] 40800/85028 queries | 4080000 pairs scored | 53 pairs/s | 77229.7s
12:29:50 | INFO | [cuda:1] 40800/85027 queries | 4080000 pairs scored | 53 pairs/s | 77398.1s
12:34:23 | INFO | [cuda:0] 41000/85028 queries | 4100000 pairs scored | 53 pairs/s | 77686.4s
12:37:34 | INFO | [cuda:1] 41000/85027 queries | 4100000 pairs scored | 53 pairs/s | 77862.0s
12:41:55 | INFO | [cuda:0] 41200/85028 queries | 4120000 pairs scored | 53 pairs/s | 78138.2s
12:45:13 | INFO | [cuda:1] 41200/85027 queries | 4120000 pairs scored | 53 pairs/s | 78321.7s
12:49:28 | INFO | [cuda:0] 41400/85028 queries | 4140000 pairs scored | 53 pairs/s | 78591.0s
12:52:59 | INFO | [cuda:1] 41400/85027 queries | 4140000 pairs scored | 53 pairs/s | 78787.5s
12:57:08 | INFO | [cuda:0] 41600/85028 queries | 4160000 pairs scored | 53 pairs/s | 79050.9s
13:00:43 | INFO | [cuda:1] 41600/85027 queries | 4160000 pairs scored | 52 pairs/s | 79251.8s
13:04:48 | INFO | [cuda:0] 41800/85028 queries | 4180000 pairs scored | 53 pairs/s | 79511.3s
13:08:25 | INFO | [cuda:1] 41800/85027 queries | 4180000 pairs scored | 52 pairs/s | 79713.7s
13:12:29 | INFO | [cuda:0] 42000/85028 queries | 4200000 pairs scored | 53 pairs/s | 79972.1s
13:16:16 | INFO | [cuda:1] 42000/85027 queries | 4200000 pairs scored | 52 pairs/s | 80184.5s
13:20:21 | INFO | [cuda:0] 42200/85028 queries | 4220000 pairs scored | 52 pairs/s | 80444.4s
13:24:05 | INFO | [cuda:1] 42200/85027 queries | 4220000 pairs scored | 52 pairs/s | 80653.9s
13:28:07 | INFO | [cuda:0] 42400/85028 queries | 4240000 pairs scored | 52 pairs/s | 80909.7s
13:31:49 | INFO | [cuda:1] 42400/85027 queries | 4240000 pairs scored | 52 pairs/s | 81117.8s
13:35:45 | INFO | [cuda:0] 42600/85028 queries | 4260000 pairs scored | 52 pairs/s | 81367.9s
13:39:31 | INFO | [cuda:1] 42600/85027 queries | 4260000 pairs scored | 52 pairs/s | 81579.3s
13:43:30 | INFO | [cuda:0] 42800/85028 queries | 4280000 pairs scored | 52 pairs/s | 81833.2s
13:47:17 | INFO | [cuda:1] 42800/85027 queries | 4280000 pairs scored | 52 pairs/s | 82045.6s
13:51:20 | INFO | [cuda:0] 43000/85028 queries | 4300000 pairs scored | 52 pairs/s | 82303.2s
13:55:09 | INFO | [cuda:1] 43000/85027 queries | 4300000 pairs scored | 52 pairs/s | 82517.0s
13:59:20 | INFO | [cuda:0] 43200/85028 queries | 4320000 pairs scored | 52 pairs/s | 82783.5s
14:03:05 | INFO | [cuda:1] 43200/85027 queries | 4320000 pairs scored | 52 pairs/s | 82993.3s
14:07:10 | INFO | [cuda:0] 43400/85028 queries | 4340000 pairs scored | 52 pairs/s | 83252.8s
14:10:59 | INFO | [cuda:1] 43400/85027 queries | 4340000 pairs scored | 52 pairs/s | 83467.8s
14:15:02 | INFO | [cuda:0] 43600/85028 queries | 4360000 pairs scored | 52 pairs/s | 83724.9s
14:18:58 | INFO | [cuda:1] 43600/85027 queries | 4360000 pairs scored | 52 pairs/s | 83946.1s
14:22:55 | INFO | [cuda:0] 43800/85028 queries | 4380000 pairs scored | 52 pairs/s | 84197.8s
14:26:51 | INFO | [cuda:1] 43800/85027 queries | 4380000 pairs scored | 52 pairs/s | 84419.5s
14:30:50 | INFO | [cuda:0] 44000/85028 queries | 4400000 pairs scored | 52 pairs/s | 84672.8s
14:34:49 | INFO | [cuda:1] 44000/85027 queries | 4400000 pairs scored | 52 pairs/s | 84897.5s
14:38:49 | INFO | [cuda:0] 44200/85028 queries | 4420000 pairs scored | 52 pairs/s | 85151.8s
14:42:42 | INFO | [cuda:1] 44200/85027 queries | 4420000 pairs scored | 52 pairs/s | 85370.8s
14:46:43 | INFO | [cuda:0] 44400/85028 queries | 4440000 pairs scored | 52 pairs/s | 85625.8s
14:50:50 | INFO | [cuda:1] 44400/85027 queries | 4440000 pairs scored | 52 pairs/s | 85858.6s
14:54:46 | INFO | [cuda:0] 44600/85028 queries | 4460000 pairs scored | 52 pairs/s | 86108.7s
14:58:49 | INFO | [cuda:1] 44600/85027 queries | 4460000 pairs scored | 52 pairs/s | 86337.0s
15:02:43 | INFO | [cuda:0] 44800/85028 queries | 4480000 pairs scored | 52 pairs/s | 86586.4s
15:06:39 | INFO | [cuda:1] 44800/85027 queries | 4480000 pairs scored | 52 pairs/s | 86807.0s
15:10:34 | INFO | [cuda:0] 45000/85028 queries | 4500000 pairs scored | 52 pairs/s | 87056.9s
15:14:35 | INFO | [cuda:1] 45000/85027 queries | 4500000 pairs scored | 52 pairs/s | 87283.2s
15:18:32 | INFO | [cuda:0] 45200/85028 queries | 4520000 pairs scored | 52 pairs/s | 87534.8s
15:22:38 | INFO | [cuda:1] 45200/85027 queries | 4520000 pairs scored | 52 pairs/s | 87766.3s
15:26:38 | INFO | [cuda:0] 45400/85028 queries | 4540000 pairs scored | 52 pairs/s | 88020.8s
15:30:48 | INFO | [cuda:1] 45400/85027 queries | 4540000 pairs scored | 51 pairs/s | 88256.8s
15:34:42 | INFO | [cuda:0] 45600/85028 queries | 4560000 pairs scored | 52 pairs/s | 88505.3s
15:39:09 | INFO | [cuda:1] 45600/85027 queries | 4560000 pairs scored | 51 pairs/s | 88757.9s
15:42:37 | INFO | [cuda:0] 45800/85028 queries | 4580000 pairs scored | 51 pairs/s | 88980.4s
15:48:21 | INFO | [cuda:1] 45800/85027 queries | 4580000 pairs scored | 51 pairs/s | 89309.8s
15:50:44 | INFO | [cuda:0] 46000/85028 queries | 4600000 pairs scored | 51 pairs/s | 89467.5s
15:56:58 | INFO | [cuda:1] 46000/85027 queries | 4600000 pairs scored | 51 pairs/s | 89826.7s
15:58:47 | INFO | [cuda:0] 46200/85028 queries | 4620000 pairs scored | 51 pairs/s | 89949.8s
16:05:10 | INFO | [cuda:1] 46200/85027 queries | 4620000 pairs scored | 51 pairs/s | 90318.0s
16:07:15 | INFO | [cuda:0] 46400/85028 queries | 4640000 pairs scored | 51 pairs/s | 90457.7s
16:13:14 | INFO | [cuda:1] 46400/85027 queries | 4640000 pairs scored | 51 pairs/s | 90802.0s
16:16:32 | INFO | [cuda:0] 46600/85028 queries | 4660000 pairs scored | 51 pairs/s | 91014.7s
16:21:18 | INFO | [cuda:1] 46600/85027 queries | 4660000 pairs scored | 51 pairs/s | 91286.8s
16:25:45 | INFO | [cuda:0] 46800/85028 queries | 4680000 pairs scored | 51 pairs/s | 91568.3s
16:29:22 | INFO | [cuda:1] 46800/85027 queries | 4680000 pairs scored | 51 pairs/s | 91770.1s
16:35:08 | INFO | [cuda:0] 47000/85028 queries | 4700000 pairs scored | 51 pairs/s | 92131.0s
16:37:32 | INFO | [cuda:1] 47000/85027 queries | 4700000 pairs scored | 51 pairs/s | 92260.3s
16:44:33 | INFO | [cuda:0] 47200/85028 queries | 4720000 pairs scored | 51 pairs/s | 92696.5s
16:45:41 | INFO | [cuda:1] 47200/85027 queries | 4720000 pairs scored | 51 pairs/s | 92749.7s
16:53:52 | INFO | [cuda:1] 47400/85027 queries | 4740000 pairs scored | 51 pairs/s | 93240.5s
16:53:56 | INFO | [cuda:0] 47400/85028 queries | 4740000 pairs scored | 51 pairs/s | 93258.5s
17:02:38 | INFO | [cuda:1] 47600/85027 queries | 4760000 pairs scored | 51 pairs/s | 93766.4s
17:03:19 | INFO | [cuda:0] 47600/85028 queries | 4760000 pairs scored | 51 pairs/s | 93821.8s
17:10:49 | INFO | [cuda:1] 47800/85027 queries | 4780000 pairs scored | 51 pairs/s | 94257.9s
17:13:05 | INFO | [cuda:0] 47800/85028 queries | 4780000 pairs scored | 51 pairs/s | 94408.2s
17:19:01 | INFO | [cuda:1] 48000/85027 queries | 4800000 pairs scored | 51 pairs/s | 94749.9s
17:22:27 | INFO | [cuda:0] 48000/85028 queries | 4800000 pairs scored | 51 pairs/s | 94969.9s
17:27:11 | INFO | [cuda:1] 48200/85027 queries | 4820000 pairs scored | 51 pairs/s | 95239.2s
17:31:49 | INFO | [cuda:0] 48200/85028 queries | 4820000 pairs scored | 50 pairs/s | 95531.7s
17:35:35 | INFO | [cuda:1] 48400/85027 queries | 4840000 pairs scored | 51 pairs/s | 95743.0s
17:41:16 | INFO | [cuda:0] 48400/85028 queries | 4840000 pairs scored | 50 pairs/s | 96098.8s
17:43:55 | INFO | [cuda:1] 48600/85027 queries | 4860000 pairs scored | 50 pairs/s | 96243.4s
17:50:48 | INFO | [cuda:0] 48600/85028 queries | 4860000 pairs scored | 50 pairs/s | 96671.3s
17:52:14 | INFO | [cuda:1] 48800/85027 queries | 4880000 pairs scored | 50 pairs/s | 96742.5s
18:00:14 | INFO | [cuda:0] 48800/85028 queries | 4880000 pairs scored | 50 pairs/s | 97237.0s
18:00:42 | INFO | [cuda:1] 49000/85027 queries | 4900000 pairs scored | 50 pairs/s | 97250.3s
18:09:05 | INFO | [cuda:1] 49200/85027 queries | 4920000 pairs scored | 50 pairs/s | 97753.5s
18:09:50 | INFO | [cuda:0] 49000/85028 queries | 4900000 pairs scored | 50 pairs/s | 97812.5s
18:17:25 | INFO | [cuda:1] 49400/85027 queries | 4940000 pairs scored | 50 pairs/s | 98253.5s
18:19:27 | INFO | [cuda:0] 49200/85028 queries | 4920000 pairs scored | 50 pairs/s | 98389.8s
18:25:42 | INFO | [cuda:1] 49600/85027 queries | 4960000 pairs scored | 50 pairs/s | 98750.6s
18:28:36 | INFO | [cuda:0] 49400/85028 queries | 4940000 pairs scored | 50 pairs/s | 98938.8s
18:34:19 | INFO | [cuda:1] 49800/85027 queries | 4980000 pairs scored | 50 pairs/s | 99267.8s
18:37:53 | INFO | [cuda:0] 49600/85028 queries | 4960000 pairs scored | 50 pairs/s | 99496.5s
18:42:58 | INFO | [cuda:1] 50000/85027 queries | 5000000 pairs scored | 50 pairs/s | 99786.5s
18:47:23 | INFO | [cuda:0] 49800/85028 queries | 4980000 pairs scored | 50 pairs/s | 100066.4s
18:51:36 | INFO | [cuda:1] 50200/85027 queries | 5020000 pairs scored | 50 pairs/s | 100304.5s
18:56:10 | INFO | [cuda:0] 50000/85028 queries | 5000000 pairs scored | 50 pairs/s | 100592.6s
19:00:39 | INFO | [cuda:1] 50400/85027 queries | 5040000 pairs scored | 50 pairs/s | 100847.8s
19:04:47 | INFO | [cuda:0] 50200/85028 queries | 5020000 pairs scored | 50 pairs/s | 101110.3s
19:09:43 | INFO | [cuda:1] 50600/85027 queries | 5060000 pairs scored | 50 pairs/s | 101391.1s
19:13:40 | INFO | [cuda:0] 50400/85028 queries | 5040000 pairs scored | 50 pairs/s | 101642.5s
19:18:29 | INFO | [cuda:1] 50800/85027 queries | 5080000 pairs scored | 50 pairs/s | 101917.8s
19:22:15 | INFO | [cuda:0] 50600/85028 queries | 5060000 pairs scored | 50 pairs/s | 102157.8s
19:27:50 | INFO | [cuda:1] 51000/85027 queries | 5100000 pairs scored | 50 pairs/s | 102478.3s
19:30:43 | INFO | [cuda:0] 50800/85028 queries | 5080000 pairs scored | 49 pairs/s | 102665.7s
19:36:53 | INFO | [cuda:1] 51200/85027 queries | 5120000 pairs scored | 50 pairs/s | 103021.0s
19:39:06 | INFO | [cuda:0] 51000/85028 queries | 5100000 pairs scored | 49 pairs/s | 103168.7s
19:45:51 | INFO | [cuda:1] 51400/85027 queries | 5140000 pairs scored | 50 pairs/s | 103559.1s
19:47:46 | INFO | [cuda:0] 51200/85028 queries | 5120000 pairs scored | 49 pairs/s | 103688.9s
19:54:53 | INFO | [cuda:1] 51600/85027 queries | 5160000 pairs scored | 50 pairs/s | 104101.7s
19:56:11 | INFO | [cuda:0] 51400/85028 queries | 5140000 pairs scored | 49 pairs/s | 104194.4s
20:03:34 | INFO | [cuda:1] 51800/85027 queries | 5180000 pairs scored | 50 pairs/s | 104622.4s
20:04:42 | INFO | [cuda:0] 51600/85028 queries | 5160000 pairs scored | 49 pairs/s | 104705.1s
20:12:22 | INFO | [cuda:1] 52000/85027 queries | 5200000 pairs scored | 49 pairs/s | 105150.8s
20:13:06 | INFO | [cuda:0] 51800/85028 queries | 5180000 pairs scored | 49 pairs/s | 105208.6s
20:21:22 | INFO | [cuda:1] 52200/85027 queries | 5220000 pairs scored | 49 pairs/s | 105690.3s
20:21:48 | INFO | [cuda:0] 52000/85028 queries | 5200000 pairs scored | 49 pairs/s | 105731.4s
20:29:59 | INFO | [cuda:1] 52400/85027 queries | 5240000 pairs scored | 49 pairs/s | 106207.2s
20:31:34 | INFO | [cuda:0] 52200/85028 queries | 5220000 pairs scored | 49 pairs/s | 106316.9s
20:38:44 | INFO | [cuda:1] 52600/85027 queries | 5260000 pairs scored | 49 pairs/s | 106732.2s
20:41:26 | INFO | [cuda:0] 52400/85028 queries | 5240000 pairs scored | 49 pairs/s | 106909.5s
20:47:24 | INFO | [cuda:1] 52800/85027 queries | 5280000 pairs scored | 49 pairs/s | 107252.8s
20:51:24 | INFO | [cuda:0] 52600/85028 queries | 5260000 pairs scored | 49 pairs/s | 107507.0s
20:56:08 | INFO | [cuda:1] 53000/85027 queries | 5300000 pairs scored | 49 pairs/s | 107776.7s
21:01:19 | INFO | [cuda:0] 52800/85028 queries | 5280000 pairs scored | 49 pairs/s | 108102.4s
21:04:43 | INFO | [cuda:1] 53200/85027 queries | 5320000 pairs scored | 49 pairs/s | 108291.4s
21:11:18 | INFO | [cuda:0] 53000/85028 queries | 5300000 pairs scored | 49 pairs/s | 108700.8s
21:13:20 | INFO | [cuda:1] 53400/85027 queries | 5340000 pairs scored | 49 pairs/s | 108808.8s
21:20:53 | INFO | [cuda:0] 53200/85028 queries | 5320000 pairs scored | 49 pairs/s | 109275.7s
21:22:08 | INFO | [cuda:1] 53600/85027 queries | 5360000 pairs scored | 49 pairs/s | 109336.6s
21:30:40 | INFO | [cuda:0] 53400/85028 queries | 5340000 pairs scored | 49 pairs/s | 109863.5s
21:30:51 | INFO | [cuda:1] 53800/85027 queries | 5380000 pairs scored | 49 pairs/s | 109859.9s
21:39:33 | INFO | [cuda:1] 54000/85027 queries | 5400000 pairs scored | 49 pairs/s | 110381.2s
21:40:28 | INFO | [cuda:0] 53600/85028 queries | 5360000 pairs scored | 49 pairs/s | 110451.2s
21:48:17 | INFO | [cuda:1] 54200/85027 queries | 5420000 pairs scored | 49 pairs/s | 110905.7s
21:50:17 | INFO | [cuda:0] 53800/85028 queries | 5380000 pairs scored | 48 pairs/s | 111040.1s
21:57:08 | INFO | [cuda:1] 54400/85027 queries | 5440000 pairs scored | 49 pairs/s | 111436.7s
22:00:16 | INFO | [cuda:0] 54000/85028 queries | 5400000 pairs scored | 48 pairs/s | 111639.2s
22:06:02 | INFO | [cuda:1] 54600/85027 queries | 5460000 pairs scored | 49 pairs/s | 111970.3s
22:10:02 | INFO | [cuda:0] 54200/85028 queries | 5420000 pairs scored | 48 pairs/s | 112224.7s
22:14:53 | INFO | [cuda:1] 54800/85027 queries | 5480000 pairs scored | 49 pairs/s | 112501.3s
22:19:42 | INFO | [cuda:0] 54400/85028 queries | 5440000 pairs scored | 48 pairs/s | 112805.0s
22:24:08 | INFO | [cuda:1] 55000/85027 queries | 5500000 pairs scored | 49 pairs/s | 113056.0s
22:28:34 | INFO | [cuda:0] 54600/85028 queries | 5460000 pairs scored | 48 pairs/s | 113337.3s
22:33:38 | INFO | [cuda:1] 55200/85027 queries | 5520000 pairs scored | 49 pairs/s | 113626.8s
22:37:22 | INFO | [cuda:0] 54800/85028 queries | 5480000 pairs scored | 48 pairs/s | 113865.5s
22:42:54 | INFO | [cuda:1] 55400/85027 queries | 5540000 pairs scored | 49 pairs/s | 114182.0s
22:46:16 | INFO | [cuda:0] 55000/85028 queries | 5500000 pairs scored | 48 pairs/s | 114398.6s
22:52:39 | INFO | [cuda:1] 55600/85027 queries | 5560000 pairs scored | 48 pairs/s | 114767.3s
22:55:16 | INFO | [cuda:0] 55200/85028 queries | 5520000 pairs scored | 48 pairs/s | 114938.7s
23:02:26 | INFO | [cuda:1] 55800/85027 queries | 5580000 pairs scored | 48 pairs/s | 115354.4s
23:04:17 | INFO | [cuda:0] 55400/85028 queries | 5540000 pairs scored | 48 pairs/s | 115480.1s
23:12:51 | INFO | [cuda:1] 56000/85027 queries | 5600000 pairs scored | 48 pairs/s | 115979.5s
23:13:17 | INFO | [cuda:0] 55600/85028 queries | 5560000 pairs scored | 48 pairs/s | 116020.5s
23:22:14 | INFO | [cuda:0] 55800/85028 queries | 5580000 pairs scored | 48 pairs/s | 116557.3s
23:22:38 | INFO | [cuda:1] 56200/85027 queries | 5620000 pairs scored | 48 pairs/s | 116566.9s
23:31:14 | INFO | [cuda:0] 56000/85028 queries | 5600000 pairs scored | 48 pairs/s | 117096.8s
23:32:02 | INFO | [cuda:1] 56400/85027 queries | 5640000 pairs scored | 48 pairs/s | 117130.3s
23:40:08 | INFO | [cuda:0] 56200/85028 queries | 5620000 pairs scored | 48 pairs/s | 117631.1s
23:41:02 | INFO | [cuda:1] 56600/85027 queries | 5660000 pairs scored | 48 pairs/s | 117670.6s
23:49:07 | INFO | [cuda:0] 56400/85028 queries | 5640000 pairs scored | 48 pairs/s | 118169.9s
23:49:53 | INFO | [cuda:1] 56800/85027 queries | 5680000 pairs scored | 48 pairs/s | 118201.0s
23:58:00 | INFO | [cuda:0] 56600/85028 queries | 5660000 pairs scored | 48 pairs/s | 118702.7s
23:58:53 | INFO | [cuda:1] 57000/85027 queries | 5700000 pairs scored | 48 pairs/s | 118741.8s
00:06:43 | INFO | [cuda:0] 56800/85028 queries | 5680000 pairs scored | 48 pairs/s | 119226.0s
00:08:07 | INFO | [cuda:1] 57200/85027 queries | 5720000 pairs scored | 48 pairs/s | 119295.1s
00:15:41 | INFO | [cuda:0] 57000/85028 queries | 5700000 pairs scored | 48 pairs/s | 119763.7s
00:17:15 | INFO | [cuda:1] 57400/85027 queries | 5740000 pairs scored | 48 pairs/s | 119843.6s
00:24:48 | INFO | [cuda:0] 57200/85028 queries | 5720000 pairs scored | 48 pairs/s | 120310.9s
00:26:20 | INFO | [cuda:1] 57600/85027 queries | 5760000 pairs scored | 48 pairs/s | 120388.1s
00:33:58 | INFO | [cuda:0] 57400/85028 queries | 5740000 pairs scored | 47 pairs/s | 120860.7s
00:35:25 | INFO | [cuda:1] 57800/85027 queries | 5780000 pairs scored | 48 pairs/s | 120933.6s
00:43:01 | INFO | [cuda:0] 57600/85028 queries | 5760000 pairs scored | 47 pairs/s | 121404.4s
00:44:33 | INFO | [cuda:1] 58000/85027 queries | 5800000 pairs scored | 48 pairs/s | 121481.8s
00:52:04 | INFO | [cuda:0] 57800/85028 queries | 5780000 pairs scored | 47 pairs/s | 121946.7s
00:53:34 | INFO | [cuda:1] 58200/85027 queries | 5820000 pairs scored | 48 pairs/s | 122022.1s
01:01:07 | INFO | [cuda:0] 58000/85028 queries | 5800000 pairs scored | 47 pairs/s | 122490.1s
01:02:45 | INFO | [cuda:1] 58400/85027 queries | 5840000 pairs scored | 48 pairs/s | 122573.4s
01:10:04 | INFO | [cuda:0] 58200/85028 queries | 5820000 pairs scored | 47 pairs/s | 123026.6s
01:12:03 | INFO | [cuda:1] 58600/85027 queries | 5860000 pairs scored | 48 pairs/s | 123131.5s
01:18:57 | INFO | [cuda:0] 58400/85028 queries | 5840000 pairs scored | 47 pairs/s | 123559.6s
01:21:23 | INFO | [cuda:1] 58800/85027 queries | 5880000 pairs scored | 48 pairs/s | 123691.6s
01:28:07 | INFO | [cuda:0] 58600/85028 queries | 5860000 pairs scored | 47 pairs/s | 124109.9s
01:30:46 | INFO | [cuda:1] 59000/85027 queries | 5900000 pairs scored | 47 pairs/s | 124254.3s
01:37:15 | INFO | [cuda:0] 58800/85028 queries | 5880000 pairs scored | 47 pairs/s | 124658.4s
01:39:52 | INFO | [cuda:1] 59200/85027 queries | 5920000 pairs scored | 47 pairs/s | 124800.4s
01:46:32 | INFO | [cuda:0] 59000/85028 queries | 5900000 pairs scored | 47 pairs/s | 125215.0s
01:49:04 | INFO | [cuda:1] 59400/85027 queries | 5940000 pairs scored | 47 pairs/s | 125352.3s
01:55:42 | INFO | [cuda:0] 59200/85028 queries | 5920000 pairs scored | 47 pairs/s | 125765.2s
01:58:20 | INFO | [cuda:1] 59600/85027 queries | 5960000 pairs scored | 47 pairs/s | 125908.0s
02:04:59 | INFO | [cuda:0] 59400/85028 queries | 5940000 pairs scored | 47 pairs/s | 126322.2s
02:07:46 | INFO | [cuda:1] 59800/85027 queries | 5980000 pairs scored | 47 pairs/s | 126474.9s
02:14:05 | INFO | [cuda:0] 59600/85028 queries | 5960000 pairs scored | 47 pairs/s | 126868.2s
02:17:13 | INFO | [cuda:1] 60000/85027 queries | 6000000 pairs scored | 47 pairs/s | 127041.7s
02:23:16 | INFO | [cuda:0] 59800/85028 queries | 5980000 pairs scored | 47 pairs/s | 127419.3s
02:26:42 | INFO | [cuda:1] 60200/85027 queries | 6020000 pairs scored | 47 pairs/s | 127610.7s
02:32:37 | INFO | [cuda:0] 60000/85028 queries | 6000000 pairs scored | 47 pairs/s | 127979.7s
02:36:11 | INFO | [cuda:1] 60400/85027 queries | 6040000 pairs scored | 47 pairs/s | 128179.6s
02:42:03 | INFO | [cuda:0] 60200/85028 queries | 6020000 pairs scored | 47 pairs/s | 128545.6s
02:45:37 | INFO | [cuda:1] 60600/85027 queries | 6060000 pairs scored | 47 pairs/s | 128745.1s
02:51:28 | INFO | [cuda:0] 60400/85028 queries | 6040000 pairs scored | 47 pairs/s | 129111.3s
02:54:56 | INFO | [cuda:1] 60800/85027 queries | 6080000 pairs scored | 47 pairs/s | 129304.1s
03:00:45 | INFO | [cuda:0] 60600/85028 queries | 6060000 pairs scored | 47 pairs/s | 129668.3s
03:04:20 | INFO | [cuda:1] 61000/85027 queries | 6100000 pairs scored | 47 pairs/s | 129868.7s
03:10:08 | INFO | [cuda:0] 60800/85028 queries | 6080000 pairs scored | 47 pairs/s | 130231.0s
03:13:52 | INFO | [cuda:1] 61200/85027 queries | 6120000 pairs scored | 47 pairs/s | 130440.2s
03:19:26 | INFO | [cuda:0] 61000/85028 queries | 6100000 pairs scored | 47 pairs/s | 130788.7s
03:23:31 | INFO | [cuda:1] 61400/85027 queries | 6140000 pairs scored | 47 pairs/s | 131019.0s
03:28:39 | INFO | [cuda:0] 61200/85028 queries | 6120000 pairs scored | 47 pairs/s | 131342.2s
03:33:18 | INFO | [cuda:1] 61600/85027 queries | 6160000 pairs scored | 47 pairs/s | 131606.5s
03:38:10 | INFO | [cuda:0] 61400/85028 queries | 6140000 pairs scored | 47 pairs/s | 131913.3s
03:42:55 | INFO | [cuda:1] 61800/85027 queries | 6180000 pairs scored | 47 pairs/s | 132183.2s
03:47:48 | INFO | [cuda:0] 61600/85028 queries | 6160000 pairs scored | 46 pairs/s | 132491.4s
03:52:35 | INFO | [cuda:1] 62000/85027 queries | 6200000 pairs scored | 47 pairs/s | 132763.9s
03:57:19 | INFO | [cuda:0] 61800/85028 queries | 6180000 pairs scored | 46 pairs/s | 133061.9s
04:02:09 | INFO | [cuda:1] 62200/85027 queries | 6220000 pairs scored | 47 pairs/s | 133337.2s
04:06:49 | INFO | [cuda:0] 62000/85028 queries | 6200000 pairs scored | 46 pairs/s | 133631.9s
04:11:50 | INFO | [cuda:1] 62400/85027 queries | 6240000 pairs scored | 47 pairs/s | 133918.5s
04:16:23 | INFO | [cuda:0] 62200/85028 queries | 6220000 pairs scored | 46 pairs/s | 134205.5s
04:21:40 | INFO | [cuda:1] 62600/85027 queries | 6260000 pairs scored | 47 pairs/s | 134508.8s
04:25:52 | INFO | [cuda:0] 62400/85028 queries | 6240000 pairs scored | 46 pairs/s | 134775.0s
04:31:31 | INFO | [cuda:1] 62800/85027 queries | 6280000 pairs scored | 46 pairs/s | 135099.4s
04:35:36 | INFO | [cuda:0] 62600/85028 queries | 6260000 pairs scored | 46 pairs/s | 135359.0s
04:41:14 | INFO | [cuda:1] 63000/85027 queries | 6300000 pairs scored | 46 pairs/s | 135682.8s
04:45:15 | INFO | [cuda:0] 62800/85028 queries | 6280000 pairs scored | 46 pairs/s | 135938.4s
04:50:48 | INFO | [cuda:1] 63200/85027 queries | 6320000 pairs scored | 46 pairs/s | 136256.4s
04:54:56 | INFO | [cuda:0] 63000/85028 queries | 6300000 pairs scored | 46 pairs/s | 136519.0s
05:00:33 | INFO | [cuda:1] 63400/85027 queries | 6340000 pairs scored | 46 pairs/s | 136841.8s
05:04:24 | INFO | [cuda:0] 63200/85028 queries | 6320000 pairs scored | 46 pairs/s | 137086.7s
05:10:21 | INFO | [cuda:1] 63600/85027 queries | 6360000 pairs scored | 46 pairs/s | 137429.5s
05:14:03 | INFO | [cuda:0] 63400/85028 queries | 6340000 pairs scored | 46 pairs/s | 137666.0s
05:20:15 | INFO | [cuda:1] 63800/85027 queries | 6380000 pairs scored | 46 pairs/s | 138023.2s
05:23:45 | INFO | [cuda:0] 63600/85028 queries | 6360000 pairs scored | 46 pairs/s | 138247.7s
05:29:59 | INFO | [cuda:1] 64000/85027 queries | 6400000 pairs scored | 46 pairs/s | 138607.6s
05:33:33 | INFO | [cuda:0] 63800/85028 queries | 6380000 pairs scored | 46 pairs/s | 138835.6s
05:39:47 | INFO | [cuda:1] 64200/85027 queries | 6420000 pairs scored | 46 pairs/s | 139195.4s
05:43:12 | INFO | [cuda:0] 64000/85028 queries | 6400000 pairs scored | 46 pairs/s | 139415.2s
05:49:30 | INFO | [cuda:1] 64400/85027 queries | 6440000 pairs scored | 46 pairs/s | 139778.0s
05:52:55 | INFO | [cuda:0] 64200/85028 queries | 6420000 pairs scored | 46 pairs/s | 139998.3s
05:59:31 | INFO | [cuda:1] 64600/85027 queries | 6460000 pairs scored | 46 pairs/s | 140379.5s
06:02:34 | INFO | [cuda:0] 64400/85028 queries | 6440000 pairs scored | 46 pairs/s | 140577.4s
06:09:31 | INFO | [cuda:1] 64800/85027 queries | 6480000 pairs scored | 46 pairs/s | 140979.7s
06:12:33 | INFO | [cuda:0] 64600/85028 queries | 6460000 pairs scored | 46 pairs/s | 141176.3s
06:19:30 | INFO | [cuda:1] 65000/85027 queries | 6500000 pairs scored | 46 pairs/s | 141578.7s
06:22:31 | INFO | [cuda:0] 64800/85028 queries | 6480000 pairs scored | 46 pairs/s | 141773.6s
06:29:18 | INFO | [cuda:1] 65200/85027 queries | 6520000 pairs scored | 46 pairs/s | 142166.2s
06:32:25 | INFO | [cuda:0] 65000/85028 queries | 6500000 pairs scored | 46 pairs/s | 142368.1s
06:39:11 | INFO | [cuda:1] 65400/85027 queries | 6540000 pairs scored | 46 pairs/s | 142759.5s
06:42:12 | INFO | [cuda:0] 65200/85028 queries | 6520000 pairs scored | 46 pairs/s | 142954.5s
06:49:07 | INFO | [cuda:1] 65600/85027 queries | 6560000 pairs scored | 46 pairs/s | 143355.8s
06:52:05 | INFO | [cuda:0] 65400/85028 queries | 6540000 pairs scored | 46 pairs/s | 143548.5s
06:59:01 | INFO | [cuda:1] 65800/85027 queries | 6580000 pairs scored | 46 pairs/s | 143949.6s
07:01:57 | INFO | [cuda:0] 65600/85028 queries | 6560000 pairs scored | 46 pairs/s | 144140.3s
07:09:16 | INFO | [cuda:1] 66000/85027 queries | 6600000 pairs scored | 46 pairs/s | 144564.0s
07:11:47 | INFO | [cuda:0] 65800/85028 queries | 6580000 pairs scored | 45 pairs/s | 144730.0s
07:19:15 | INFO | [cuda:1] 66200/85027 queries | 6620000 pairs scored | 46 pairs/s | 145163.1s
07:21:51 | INFO | [cuda:0] 66000/85028 queries | 6600000 pairs scored | 45 pairs/s | 145334.4s
07:29:14 | INFO | [cuda:1] 66400/85027 queries | 6640000 pairs scored | 46 pairs/s | 145762.3s
07:31:53 | INFO | [cuda:0] 66200/85028 queries | 6620000 pairs scored | 45 pairs/s | 145936.4s
07:39:21 | INFO | [cuda:1] 66600/85027 queries | 6660000 pairs scored | 46 pairs/s | 146369.8s
07:42:03 | INFO | [cuda:0] 66400/85028 queries | 6640000 pairs scored | 45 pairs/s | 146545.9s
07:49:28 | INFO | [cuda:1] 66800/85027 queries | 6680000 pairs scored | 45 pairs/s | 146976.9s
07:53:25 | INFO | [cuda:0] 66600/85028 queries | 6660000 pairs scored | 45 pairs/s | 147228.5s
07:59:37 | INFO | [cuda:1] 67000/85027 queries | 6700000 pairs scored | 45 pairs/s | 147585.5s
08:04:48 | INFO | [cuda:0] 66800/85028 queries | 6680000 pairs scored | 45 pairs/s | 147911.3s
08:09:44 | INFO | [cuda:1] 67200/85027 queries | 6720000 pairs scored | 45 pairs/s | 148192.7s
08:16:13 | INFO | [cuda:0] 67000/85028 queries | 6700000 pairs scored | 45 pairs/s | 148595.9s
08:19:51 | INFO | [cuda:1] 67400/85027 queries | 6740000 pairs scored | 45 pairs/s | 148799.5s
08:27:23 | INFO | [cuda:0] 67200/85028 queries | 6720000 pairs scored | 45 pairs/s | 149266.1s
08:29:59 | INFO | [cuda:1] 67600/85027 queries | 6760000 pairs scored | 45 pairs/s | 149407.2s
08:37:25 | INFO | [cuda:0] 67400/85028 queries | 6740000 pairs scored | 45 pairs/s | 149868.1s
08:40:08 | INFO | [cuda:1] 67800/85027 queries | 6780000 pairs scored | 45 pairs/s | 150016.6s
08:47:31 | INFO | [cuda:0] 67600/85028 queries | 6760000 pairs scored | 45 pairs/s | 150474.1s
08:50:14 | INFO | [cuda:1] 68000/85027 queries | 6800000 pairs scored | 45 pairs/s | 150622.5s
08:57:37 | INFO | [cuda:0] 67800/85028 queries | 6780000 pairs scored | 45 pairs/s | 151079.9s
09:00:32 | INFO | [cuda:1] 68200/85027 queries | 6820000 pairs scored | 45 pairs/s | 151240.4s
09:07:40 | INFO | [cuda:0] 68000/85028 queries | 6800000 pairs scored | 45 pairs/s | 151682.8s
09:10:44 | INFO | [cuda:1] 68400/85027 queries | 6840000 pairs scored | 45 pairs/s | 151852.1s
09:17:51 | INFO | [cuda:0] 68200/85028 queries | 6820000 pairs scored | 45 pairs/s | 152293.5s
09:21:05 | INFO | [cuda:1] 68600/85027 queries | 6860000 pairs scored | 45 pairs/s | 152473.8s
09:28:02 | INFO | [cuda:0] 68400/85028 queries | 6840000 pairs scored | 45 pairs/s | 152905.1s
09:31:22 | INFO | [cuda:1] 68800/85027 queries | 6880000 pairs scored | 45 pairs/s | 153090.3s
09:38:14 | INFO | [cuda:0] 68600/85028 queries | 6860000 pairs scored | 45 pairs/s | 153517.0s
09:41:42 | INFO | [cuda:1] 69000/85027 queries | 6900000 pairs scored | 45 pairs/s | 153710.4s
09:48:26 | INFO | [cuda:0] 68800/85028 queries | 6880000 pairs scored | 45 pairs/s | 154129.2s
09:52:00 | INFO | [cuda:1] 69200/85027 queries | 6920000 pairs scored | 45 pairs/s | 154328.9s
09:58:36 | INFO | [cuda:0] 69000/85028 queries | 6900000 pairs scored | 45 pairs/s | 154738.7s
10:02:25 | INFO | [cuda:1] 69400/85027 queries | 6940000 pairs scored | 45 pairs/s | 154953.0s
10:08:51 | INFO | [cuda:0] 69200/85028 queries | 6920000 pairs scored | 45 pairs/s | 155353.7s
10:12:48 | INFO | [cuda:1] 69600/85027 queries | 6960000 pairs scored | 45 pairs/s | 155576.9s
10:19:11 | INFO | [cuda:0] 69400/85028 queries | 6940000 pairs scored | 44 pairs/s | 155974.3s
10:23:13 | INFO | [cuda:1] 69800/85027 queries | 6980000 pairs scored | 45 pairs/s | 156201.3s
10:29:31 | INFO | [cuda:0] 69600/85028 queries | 6960000 pairs scored | 44 pairs/s | 156593.7s
10:33:33 | INFO | [cuda:1] 70000/85027 queries | 7000000 pairs scored | 45 pairs/s | 156821.2s
10:39:52 | INFO | [cuda:0] 69800/85028 queries | 6980000 pairs scored | 44 pairs/s | 157215.4s
10:43:57 | INFO | [cuda:1] 70200/85027 queries | 7020000 pairs scored | 45 pairs/s | 157445.3s
10:50:12 | INFO | [cuda:0] 70000/85028 queries | 7000000 pairs scored | 44 pairs/s | 157835.5s
10:54:27 | INFO | [cuda:1] 70400/85027 queries | 7040000 pairs scored | 45 pairs/s | 158075.6s
11:00:32 | INFO | [cuda:0] 70200/85028 queries | 7020000 pairs scored | 44 pairs/s | 158455.3s
11:04:59 | INFO | [cuda:1] 70600/85027 queries | 7060000 pairs scored | 44 pairs/s | 158707.1s
11:10:57 | INFO | [cuda:0] 70400/85028 queries | 7040000 pairs scored | 44 pairs/s | 159080.1s
11:15:31 | INFO | [cuda:1] 70800/85027 queries | 7080000 pairs scored | 44 pairs/s | 159339.7s
11:21:27 | INFO | [cuda:0] 70600/85028 queries | 7060000 pairs scored | 44 pairs/s | 159709.6s
11:26:00 | INFO | [cuda:1] 71000/85027 queries | 7100000 pairs scored | 44 pairs/s | 159968.4s
11:31:57 | INFO | [cuda:0] 70800/85028 queries | 7080000 pairs scored | 44 pairs/s | 160339.6s
11:36:29 | INFO | [cuda:1] 71200/85027 queries | 7120000 pairs scored | 44 pairs/s | 160597.6s
11:42:21 | INFO | [cuda:0] 71000/85028 queries | 7100000 pairs scored | 44 pairs/s | 160963.6s
11:47:04 | INFO | [cuda:1] 71400/85027 queries | 7140000 pairs scored | 44 pairs/s | 161232.2s
11:52:49 | INFO | [cuda:0] 71200/85028 queries | 7120000 pairs scored | 44 pairs/s | 161592.3s
11:57:39 | INFO | [cuda:1] 71600/85027 queries | 7160000 pairs scored | 44 pairs/s | 161867.4s
12:03:21 | INFO | [cuda:0] 71400/85028 queries | 7140000 pairs scored | 44 pairs/s | 162223.6s
12:08:10 | INFO | [cuda:1] 71800/85027 queries | 7180000 pairs scored | 44 pairs/s | 162498.9s
12:13:48 | INFO | [cuda:0] 71600/85028 queries | 7160000 pairs scored | 44 pairs/s | 162851.3s
12:18:43 | INFO | [cuda:1] 72000/85027 queries | 7200000 pairs scored | 44 pairs/s | 163131.2s
12:24:18 | INFO | [cuda:0] 71800/85028 queries | 7180000 pairs scored | 44 pairs/s | 163480.8s
12:29:18 | INFO | [cuda:1] 72200/85027 queries | 7220000 pairs scored | 44 pairs/s | 163766.8s
12:34:45 | INFO | [cuda:0] 72000/85028 queries | 7200000 pairs scored | 44 pairs/s | 164108.0s
12:40:05 | INFO | [cuda:1] 72400/85027 queries | 7240000 pairs scored | 44 pairs/s | 164413.4s
12:45:15 | INFO | [cuda:0] 72200/85028 queries | 7220000 pairs scored | 44 pairs/s | 164737.7s
12:51:55 | INFO | [cuda:1] 72600/85027 queries | 7260000 pairs scored | 44 pairs/s | 165123.7s
12:55:47 | INFO | [cuda:0] 72400/85028 queries | 7240000 pairs scored | 44 pairs/s | 165370.0s
13:04:18 | INFO | [cuda:1] 72800/85027 queries | 7280000 pairs scored | 44 pairs/s | 165866.1s
13:06:17 | INFO | [cuda:0] 72600/85028 queries | 7260000 pairs scored | 44 pairs/s | 165999.7s
13:16:40 | INFO | [cuda:1] 73000/85027 queries | 7300000 pairs scored | 44 pairs/s | 166608.3s
13:16:52 | INFO | [cuda:0] 72800/85028 queries | 7280000 pairs scored | 44 pairs/s | 166635.5s
13:27:27 | INFO | [cuda:0] 73000/85028 queries | 7300000 pairs scored | 44 pairs/s | 167270.0s
13:29:54 | INFO | [cuda:1] 73200/85027 queries | 7320000 pairs scored | 44 pairs/s | 167402.6s
13:38:04 | INFO | [cuda:0] 73200/85028 queries | 7320000 pairs scored | 44 pairs/s | 167907.0s
13:43:04 | INFO | [cuda:1] 73400/85027 queries | 7340000 pairs scored | 44 pairs/s | 168192.0s
13:48:38 | INFO | [cuda:0] 73400/85028 queries | 7340000 pairs scored | 44 pairs/s | 168540.5s
13:56:11 | INFO | [cuda:1] 73600/85027 queries | 7360000 pairs scored | 44 pairs/s | 168979.6s
13:59:15 | INFO | [cuda:0] 73600/85028 queries | 7360000 pairs scored | 44 pairs/s | 169178.4s
14:09:20 | INFO | [cuda:1] 73800/85027 queries | 7380000 pairs scored | 43 pairs/s | 169768.6s
14:09:50 | INFO | [cuda:0] 73800/85028 queries | 7380000 pairs scored | 43 pairs/s | 169812.9s
14:20:26 | INFO | [cuda:0] 74000/85028 queries | 7400000 pairs scored | 43 pairs/s | 170448.9s
14:22:11 | INFO | [cuda:1] 74000/85027 queries | 7400000 pairs scored | 43 pairs/s | 170539.8s
14:31:03 | INFO | [cuda:0] 74200/85028 queries | 7420000 pairs scored | 43 pairs/s | 171085.9s
14:35:07 | INFO | [cuda:1] 74200/85027 queries | 7420000 pairs scored | 43 pairs/s | 171315.5s
14:41:41 | INFO | [cuda:0] 74400/85028 queries | 7440000 pairs scored | 43 pairs/s | 171723.6s
14:47:52 | INFO | [cuda:1] 74400/85027 queries | 7440000 pairs scored | 43 pairs/s | 172080.4s
14:52:18 | INFO | [cuda:0] 74600/85028 queries | 7460000 pairs scored | 43 pairs/s | 172360.5s
15:00:24 | INFO | [cuda:1] 74600/85027 queries | 7460000 pairs scored | 43 pairs/s | 172832.5s
15:02:56 | INFO | [cuda:0] 74800/85028 queries | 7480000 pairs scored | 43 pairs/s | 172998.5s
15:13:23 | INFO | [cuda:1] 74800/85027 queries | 7480000 pairs scored | 43 pairs/s | 173611.2s
15:13:33 | INFO | [cuda:0] 75000/85028 queries | 7500000 pairs scored | 43 pairs/s | 173636.2s
15:24:10 | INFO | [cuda:0] 75200/85028 queries | 7520000 pairs scored | 43 pairs/s | 174272.6s
15:26:15 | INFO | [cuda:1] 75000/85027 queries | 7500000 pairs scored | 43 pairs/s | 174383.7s
15:34:56 | INFO | [cuda:0] 75400/85028 queries | 7540000 pairs scored | 43 pairs/s | 174919.1s
15:39:00 | INFO | [cuda:1] 75200/85027 queries | 7520000 pairs scored | 43 pairs/s | 175148.4s
15:45:55 | INFO | [cuda:0] 75600/85028 queries | 7560000 pairs scored | 43 pairs/s | 175578.2s
15:52:03 | INFO | [cuda:1] 75400/85027 queries | 7540000 pairs scored | 43 pairs/s | 175931.9s
15:56:34 | INFO | [cuda:0] 75800/85028 queries | 7580000 pairs scored | 43 pairs/s | 176216.9s
16:04:26 | INFO | [cuda:1] 75600/85027 queries | 7560000 pairs scored | 43 pairs/s | 176674.8s
16:07:27 | INFO | [cuda:0] 76000/85028 queries | 7600000 pairs scored | 43 pairs/s | 176870.3s
16:17:07 | INFO | [cuda:1] 75800/85027 queries | 7580000 pairs scored | 43 pairs/s | 177435.1s
16:18:21 | INFO | [cuda:0] 76200/85028 queries | 7620000 pairs scored | 43 pairs/s | 177524.2s
16:29:20 | INFO | [cuda:0] 76400/85028 queries | 7640000 pairs scored | 43 pairs/s | 178182.9s
16:29:38 | INFO | [cuda:1] 76000/85027 queries | 7600000 pairs scored | 43 pairs/s | 178186.0s
16:40:00 | INFO | [cuda:0] 76600/85028 queries | 7660000 pairs scored | 43 pairs/s | 178823.1s
16:41:57 | INFO | [cuda:1] 76200/85027 queries | 7620000 pairs scored | 43 pairs/s | 178925.4s
16:51:38 | INFO | [cuda:0] 76800/85028 queries | 7680000 pairs scored | 43 pairs/s | 179520.8s
16:54:52 | INFO | [cuda:1] 76400/85027 queries | 7640000 pairs scored | 43 pairs/s | 179700.0s
17:02:14 | INFO | [cuda:0] 77000/85028 queries | 7700000 pairs scored | 43 pairs/s | 180157.4s
17:06:37 | INFO | [cuda:1] 76600/85027 queries | 7660000 pairs scored | 42 pairs/s | 180405.0s
17:12:52 | INFO | [cuda:0] 77200/85028 queries | 7720000 pairs scored | 43 pairs/s | 180794.6s
17:18:54 | INFO | [cuda:1] 76800/85027 queries | 7680000 pairs scored | 42 pairs/s | 181142.0s
17:23:27 | INFO | [cuda:0] 77400/85028 queries | 7740000 pairs scored | 43 pairs/s | 181429.8s
17:31:17 | INFO | [cuda:1] 77000/85027 queries | 7700000 pairs scored | 42 pairs/s | 181885.9s
17:34:01 | INFO | [cuda:0] 77600/85028 queries | 7760000 pairs scored | 43 pairs/s | 182064.3s
17:43:43 | INFO | [cuda:1] 77200/85027 queries | 7720000 pairs scored | 42 pairs/s | 182631.6s
17:44:38 | INFO | [cuda:0] 77800/85028 queries | 7780000 pairs scored | 43 pairs/s | 182701.5s
17:55:14 | INFO | [cuda:0] 78000/85028 queries | 7800000 pairs scored | 43 pairs/s | 183336.6s
17:56:08 | INFO | [cuda:1] 77400/85027 queries | 7740000 pairs scored | 42 pairs/s | 183376.3s
18:05:49 | INFO | [cuda:0] 78200/85028 queries | 7820000 pairs scored | 43 pairs/s | 183972.2s
18:08:20 | INFO | [cuda:1] 77600/85027 queries | 7760000 pairs scored | 42 pairs/s | 184108.1s
18:16:26 | INFO | [cuda:0] 78400/85028 queries | 7840000 pairs scored | 42 pairs/s | 184608.5s
18:20:30 | INFO | [cuda:1] 77800/85027 queries | 7780000 pairs scored | 42 pairs/s | 184838.7s
18:27:01 | INFO | [cuda:0] 78600/85028 queries | 7860000 pairs scored | 42 pairs/s | 185244.2s
18:32:40 | INFO | [cuda:1] 78000/85027 queries | 7800000 pairs scored | 42 pairs/s | 185568.1s
18:37:37 | INFO | [cuda:0] 78800/85028 queries | 7880000 pairs scored | 42 pairs/s | 185880.5s
18:44:52 | INFO | [cuda:1] 78200/85027 queries | 7820000 pairs scored | 42 pairs/s | 186300.1s
18:48:16 | INFO | [cuda:0] 79000/85028 queries | 7900000 pairs scored | 42 pairs/s | 186518.6s
18:56:54 | INFO | [cuda:1] 78400/85027 queries | 7840000 pairs scored | 42 pairs/s | 187022.9s
18:58:53 | INFO | [cuda:0] 79200/85028 queries | 7920000 pairs scored | 42 pairs/s | 187155.8s
19:08:29 | INFO | [cuda:1] 78600/85027 queries | 7860000 pairs scored | 42 pairs/s | 187717.8s
19:09:31 | INFO | [cuda:0] 79400/85028 queries | 7940000 pairs scored | 42 pairs/s | 187793.9s
19:19:58 | INFO | [cuda:1] 78800/85027 queries | 7880000 pairs scored | 42 pairs/s | 188406.2s
19:20:08 | INFO | [cuda:0] 79600/85028 queries | 7960000 pairs scored | 42 pairs/s | 188430.7s
19:30:44 | INFO | [cuda:0] 79800/85028 queries | 7980000 pairs scored | 42 pairs/s | 189067.2s
19:31:33 | INFO | [cuda:1] 79000/85027 queries | 7900000 pairs scored | 42 pairs/s | 189101.8s
19:41:21 | INFO | [cuda:0] 80000/85028 queries | 8000000 pairs scored | 42 pairs/s | 189704.2s
19:43:09 | INFO | [cuda:1] 79200/85027 queries | 7920000 pairs scored | 42 pairs/s | 189797.5s
19:52:01 | INFO | [cuda:0] 80200/85028 queries | 8020000 pairs scored | 42 pairs/s | 190343.7s
19:54:56 | INFO | [cuda:1] 79400/85027 queries | 7940000 pairs scored | 42 pairs/s | 190504.7s
20:02:38 | INFO | [cuda:0] 80400/85028 queries | 8040000 pairs scored | 42 pairs/s | 190980.5s
20:06:32 | INFO | [cuda:1] 79600/85027 queries | 7960000 pairs scored | 42 pairs/s | 191200.7s
20:13:25 | INFO | [cuda:0] 80600/85028 queries | 8060000 pairs scored | 42 pairs/s | 191627.6s
20:20:54 | INFO | [cuda:1] 79800/85027 queries | 7980000 pairs scored | 42 pairs/s | 192062.4s
20:31:25 | INFO | [cuda:0] 80800/85028 queries | 8080000 pairs scored | 42 pairs/s | 192708.4s
20:40:32 | INFO | [cuda:1] 80000/85027 queries | 8000000 pairs scored | 41 pairs/s | 193240.2s
20:50:30 | INFO | [cuda:0] 81000/85028 queries | 8100000 pairs scored | 42 pairs/s | 193853.4s
20:58:50 | INFO | [cuda:1] 80200/85027 queries | 8020000 pairs scored | 41 pairs/s | 194338.6s
21:04:09 | INFO | [cuda:0] 81200/85028 queries | 8120000 pairs scored | 42 pairs/s | 194672.2s
21:11:04 | INFO | [cuda:1] 80400/85027 queries | 8040000 pairs scored | 41 pairs/s | 195072.3s
21:19:10 | INFO | [cuda:0] 81400/85028 queries | 8140000 pairs scored | 42 pairs/s | 195573.2s
21:26:10 | INFO | [cuda:1] 80600/85027 queries | 8060000 pairs scored | 41 pairs/s | 195978.7s
21:32:06 | INFO | [cuda:0] 81600/85028 queries | 8160000 pairs scored | 42 pairs/s | 196349.1s
21:39:39 | INFO | [cuda:1] 80800/85027 queries | 8080000 pairs scored | 41 pairs/s | 196787.2s
21:45:41 | INFO | [cuda:0] 81800/85028 queries | 8180000 pairs scored | 41 pairs/s | 197164.4s
21:53:18 | INFO | [cuda:1] 81000/85027 queries | 8100000 pairs scored | 41 pairs/s | 197606.4s
22:01:37 | INFO | [cuda:0] 82000/85028 queries | 8200000 pairs scored | 41 pairs/s | 198120.3s
22:11:27 | INFO | [cuda:1] 81200/85027 queries | 8120000 pairs scored | 41 pairs/s | 198695.3s
22:20:41 | INFO | [cuda:0] 82200/85028 queries | 8220000 pairs scored | 41 pairs/s | 199263.8s
22:29:52 | INFO | [cuda:1] 81400/85027 queries | 8140000 pairs scored | 41 pairs/s | 199800.7s
22:34:48 | INFO | [cuda:0] 82400/85028 queries | 8240000 pairs scored | 41 pairs/s | 200111.1s
22:40:32 | INFO | [cuda:1] 81600/85027 queries | 8160000 pairs scored | 41 pairs/s | 200440.8s
22:45:25 | INFO | [cuda:0] 82600/85028 queries | 8260000 pairs scored | 41 pairs/s | 200748.4s
22:51:13 | INFO | [cuda:1] 81800/85027 queries | 8180000 pairs scored | 41 pairs/s | 201081.2s
22:56:04 | INFO | [cuda:0] 82800/85028 queries | 8280000 pairs scored | 41 pairs/s | 201386.5s
23:01:52 | INFO | [cuda:1] 82000/85027 queries | 8200000 pairs scored | 41 pairs/s | 201720.2s
23:06:40 | INFO | [cuda:0] 83000/85028 queries | 8300000 pairs scored | 41 pairs/s | 202023.3s
23:12:34 | INFO | [cuda:1] 82200/85027 queries | 8220000 pairs scored | 41 pairs/s | 202362.2s
23:17:16 | INFO | [cuda:0] 83200/85028 queries | 8320000 pairs scored | 41 pairs/s | 202659.4s
23:23:14 | INFO | [cuda:1] 82400/85027 queries | 8240000 pairs scored | 41 pairs/s | 203002.4s
23:28:46 | INFO | [cuda:0] 83400/85028 queries | 8340000 pairs scored | 41 pairs/s | 203349.4s
23:39:32 | INFO | [cuda:1] 82600/85027 queries | 8260000 pairs scored | 40 pairs/s | 203980.6s
23:46:28 | INFO | [cuda:0] 83600/85028 queries | 8360000 pairs scored | 41 pairs/s | 204411.5s
23:56:36 | INFO | [cuda:1] 82800/85027 queries | 8280000 pairs scored | 40 pairs/s | 205004.5s
00:03:33 | INFO | [cuda:0] 83800/85028 queries | 8380000 pairs scored | 41 pairs/s | 205435.9s
00:15:15 | INFO | [cuda:1] 83000/85027 queries | 8300000 pairs scored | 40 pairs/s | 206123.8s
00:22:39 | INFO | [cuda:0] 84000/85028 queries | 8400000 pairs scored | 41 pairs/s | 206582.2s
00:34:02 | INFO | [cuda:1] 83200/85027 queries | 8320000 pairs scored | 40 pairs/s | 207250.0s
00:41:14 | INFO | [cuda:0] 84200/85028 queries | 8420000 pairs scored | 41 pairs/s | 207696.6s
00:52:10 | INFO | [cuda:1] 83400/85027 queries | 8340000 pairs scored | 40 pairs/s | 208338.7s
00:58:26 | INFO | [cuda:0] 84400/85028 queries | 8440000 pairs scored | 40 pairs/s | 208728.6s
01:09:33 | INFO | [cuda:1] 83600/85027 queries | 8360000 pairs scored | 40 pairs/s | 209381.8s
01:16:16 | INFO | [cuda:0] 84600/85028 queries | 8460000 pairs scored | 40 pairs/s | 209799.4s
01:28:58 | INFO | [cuda:1] 83800/85027 queries | 8380000 pairs scored | 40 pairs/s | 210546.2s
01:35:26 | INFO | [cuda:0] 84800/85028 queries | 8480000 pairs scored | 40 pairs/s | 210948.7s
01:47:37 | INFO | [cuda:1] 84000/85027 queries | 8400000 pairs scored | 40 pairs/s | 211665.2s
01:53:16 | INFO | [cuda:0] 85000/85028 queries | 8500000 pairs scored | 40 pairs/s | 212018.9s
01:56:18 | INFO | [cuda:0] Done: 85028 queries, 8502800 pairs in 212201.2s (40 pairs/s)
02:05:08 | INFO | [cuda:1] 84200/85027 queries | 8420000 pairs scored | 40 pairs/s | 212716.6s
02:22:47 | INFO | [cuda:1] 84400/85027 queries | 8440000 pairs scored | 39 pairs/s | 213775.6s
02:40:11 | INFO | [cuda:1] 84600/85027 queries | 8460000 pairs scored | 39 pairs/s | 214819.5s
02:50:14 | INFO | [cuda:1] 84800/85027 queries | 8480000 pairs scored | 39 pairs/s | 215422.6s
03:00:17 | INFO | [cuda:1] 85000/85027 queries | 8500000 pairs scored | 39 pairs/s | 216025.7s
03:01:48 | INFO | [cuda:1] Done: 85027 queries, 8502700 pairs in 216116.8s (39 pairs/s)
03:01:57 | INFO | ⏱  DONE:  Reranking 170055 queries on 2 GPU(s) (216802.7s)
03:02:10 | INFO | Reranking complete: 170055 queries merged
03:04:29 | INFO | Saved reranked run to /home/jmendoza/.cache/messirve_embeddings/BAAI__bge-reranker-v2-m3/over__jinaai__jina-embeddings-v5-text-small-retrieval/full_v1.2_q512_d512_nofilter/retrieval_run.lz4
03:04:29 | INFO | Cleaned up checkpoint directory
03:04:37 | INFO | 
03:04:37 | INFO | ╔══════════════════════════════════════════════════╗
03:04:37 | INFO | ║  RESULTS — bge-reranker-v2-m3                    ║
03:04:37 | INFO | ╠══════════════════════════════════════════════════╣
03:04:37 | INFO | ║  ndcg@10          0.5770                         ║
03:04:37 | INFO | ║  recall@100       0.9039                         ║
03:04:37 | INFO | ║  mrr@10           0.5124                         ║
03:04:37 | INFO | ║  map              0.5159                         ║
03:04:37 | INFO | ║  precision@10     0.0802                         ║
03:04:37 | INFO | ║  precision@50     0.0183                         ║
03:04:37 | INFO | ╚══════════════════════════════════════════════════╝
