nohup: no se tendrá en cuenta la entrada
22:22:18 | INFO | Loading faiss with AVX512 support.
22:22:18 | INFO | Successfully loaded faiss with AVX512 support.
22:22:18 | INFO | ⏱  START: Loading cached pruned qrels
22:22:18 | INFO | ⏱  DONE:  Loading cached pruned qrels (0.3s)
22:22:24 | INFO | Loading run for e5large from /home/jmendoza/.cache/messirve_embeddings/intfloat__multilingual-e5-large-instruct/full_v1.2_q512_d512_nofilter/retrieval_run.lz4
22:22:51 | INFO | Loading run for bgem3 from /home/jmendoza/.cache/messirve_embeddings/BAAI__bge-m3/full_v1.2_q8192_d8192_nofilter/retrieval_run.lz4
22:23:15 | INFO | Loading run for jinav5small from /home/jmendoza/.cache/messirve_embeddings/jinaai__jina-embeddings-v5-text-small-retrieval/full_v1.2_q32768_d32768_nofilter/retrieval_run.lz4
22:23:38 | INFO | ⏱  START: Fusing 3 runs with combmnz
22:24:10 | INFO | ⏱  DONE:  Fusing 3 runs with combmnz (31.6s)
22:26:12 | INFO | Fused run: 170055 queries, 36544650 total docs
22:28:26 | INFO | Prepared 170055 queries, 36544650 total docs across 2 GPU(s)
22:28:26 | INFO | ⏱  START: Reranking 170055 queries on 2 GPU(s)
22:28:35 | INFO | Loading faiss with AVX512 support.
22:28:36 | INFO | Successfully loaded faiss with AVX512 support.
22:28:37 | INFO | Started worker on cuda:0 (85028 queries)
22:28:42 | INFO | [cuda:0] Building doc lookup ...
22:28:42 | INFO | ⏱  START: Loading eswiki corpus
22:28:42 | INFO | HTTP Request: HEAD https://huggingface.co/datasets/spanish-ir/eswiki_20240401_corpus/resolve/main/README.md "HTTP/1.1 307 Temporary Redirect"
22:28:42 | INFO | HTTP Request: HEAD https://huggingface.co/api/resolve-cache/datasets/spanish-ir/eswiki_20240401_corpus/fe9f26a420825289ac86e77eb924443b489f0dbf/README.md "HTTP/1.1 200 OK"
22:28:42 | INFO | HTTP Request: HEAD https://huggingface.co/datasets/spanish-ir/eswiki_20240401_corpus/resolve/fe9f26a420825289ac86e77eb924443b489f0dbf/eswiki_20240401_corpus.py "HTTP/1.1 404 Not Found"
22:28:42 | INFO | HTTP Request: HEAD https://s3.amazonaws.com/datasets.huggingface.co/datasets/datasets/spanish-ir/eswiki_20240401_corpus/spanish-ir/eswiki_20240401_corpus.py "HTTP/1.1 404 Not Found"
22:28:42 | INFO | HTTP Request: GET https://huggingface.co/api/datasets/spanish-ir/eswiki_20240401_corpus/revision/fe9f26a420825289ac86e77eb924443b489f0dbf "HTTP/1.1 200 OK"
22:28:43 | INFO | HTTP Request: HEAD https://huggingface.co/datasets/spanish-ir/eswiki_20240401_corpus/resolve/fe9f26a420825289ac86e77eb924443b489f0dbf/.huggingface.yaml "HTTP/1.1 404 Not Found"
22:28:43 | INFO | HTTP Request: GET https://datasets-server.huggingface.co/info?dataset=spanish-ir/eswiki_20240401_corpus "HTTP/1.1 200 OK"
22:28:43 | INFO | HTTP Request: GET https://huggingface.co/api/datasets/spanish-ir/eswiki_20240401_corpus/tree/fe9f26a420825289ac86e77eb924443b489f0dbf/data?recursive=true&expand=false "HTTP/1.1 200 OK"
22:28:43 | INFO | HTTP Request: GET https://huggingface.co/api/datasets/spanish-ir/eswiki_20240401_corpus/tree/fe9f26a420825289ac86e77eb924443b489f0dbf?recursive=false&expand=false "HTTP/1.1 200 OK"
22:28:43 | INFO | HTTP Request: HEAD https://huggingface.co/datasets/spanish-ir/eswiki_20240401_corpus/resolve/fe9f26a420825289ac86e77eb924443b489f0dbf/dataset_infos.json "HTTP/1.1 404 Not Found"
22:28:47 | INFO | ⏱  DONE:  Loading eswiki corpus (5.5s)
22:28:47 | INFO | Original corpus: 14047759 documents
22:28:47 | INFO | ⏱  START: Formatting and counting words (16 workers)
Setting TOKENIZERS_PARALLELISM=false for forked processes.
22:28:47 | WARNING | Setting TOKENIZERS_PARALLELISM=false for forked processes.
22:28:51 | INFO | Loading faiss with AVX512 support.
22:28:51 | INFO | Successfully loaded faiss with AVX512 support.
22:28:53 | INFO | Started worker on cuda:1 (85027 queries)
22:28:58 | INFO | [cuda:1] Building doc lookup ...
22:28:58 | INFO | ⏱  START: Loading eswiki corpus
22:28:58 | INFO | HTTP Request: HEAD https://huggingface.co/datasets/spanish-ir/eswiki_20240401_corpus/resolve/main/README.md "HTTP/1.1 307 Temporary Redirect"
22:28:58 | INFO | HTTP Request: HEAD https://huggingface.co/api/resolve-cache/datasets/spanish-ir/eswiki_20240401_corpus/fe9f26a420825289ac86e77eb924443b489f0dbf/README.md "HTTP/1.1 200 OK"
22:28:58 | INFO | HTTP Request: HEAD https://huggingface.co/datasets/spanish-ir/eswiki_20240401_corpus/resolve/fe9f26a420825289ac86e77eb924443b489f0dbf/eswiki_20240401_corpus.py "HTTP/1.1 404 Not Found"
22:28:59 | INFO | HTTP Request: HEAD https://s3.amazonaws.com/datasets.huggingface.co/datasets/datasets/spanish-ir/eswiki_20240401_corpus/spanish-ir/eswiki_20240401_corpus.py "HTTP/1.1 404 Not Found"
22:28:59 | INFO | HTTP Request: GET https://huggingface.co/api/datasets/spanish-ir/eswiki_20240401_corpus/revision/fe9f26a420825289ac86e77eb924443b489f0dbf "HTTP/1.1 200 OK"
22:28:59 | INFO | HTTP Request: HEAD https://huggingface.co/datasets/spanish-ir/eswiki_20240401_corpus/resolve/fe9f26a420825289ac86e77eb924443b489f0dbf/.huggingface.yaml "HTTP/1.1 404 Not Found"
22:28:59 | INFO | HTTP Request: GET https://datasets-server.huggingface.co/info?dataset=spanish-ir/eswiki_20240401_corpus "HTTP/1.1 200 OK"
22:28:59 | INFO | HTTP Request: GET https://huggingface.co/api/datasets/spanish-ir/eswiki_20240401_corpus/tree/fe9f26a420825289ac86e77eb924443b489f0dbf/data?recursive=true&expand=false "HTTP/1.1 200 OK"
22:28:59 | INFO | HTTP Request: GET https://huggingface.co/api/datasets/spanish-ir/eswiki_20240401_corpus/tree/fe9f26a420825289ac86e77eb924443b489f0dbf?recursive=false&expand=false "HTTP/1.1 200 OK"
22:28:59 | INFO | HTTP Request: HEAD https://huggingface.co/datasets/spanish-ir/eswiki_20240401_corpus/resolve/fe9f26a420825289ac86e77eb924443b489f0dbf/dataset_infos.json "HTTP/1.1 404 Not Found"
22:29:01 | INFO | ⏱  DONE:  Loading eswiki corpus (2.5s)
22:29:01 | INFO | Original corpus: 14047759 documents
22:29:01 | INFO | ⏱  START: Formatting and counting words (16 workers)
Setting TOKENIZERS_PARALLELISM=false for forked processes.
22:29:01 | WARNING | Setting TOKENIZERS_PARALLELISM=false for forked processes.
22:29:03 | INFO | ⏱  DONE:  Formatting and counting words (16 workers) (2.5s)
22:29:03 | INFO | Word-count filter disabled — using all 14047759 documents
22:29:03 | INFO | ⏱  DONE:  Formatting and counting words (16 workers) (16.2s)
22:29:03 | INFO | Word-count filter disabled — using all 14047759 documents
22:38:47 | INFO | Doc lookup built: 14047759 documents
22:38:48 | INFO | [cuda:1] Loading jinaai/jina-reranker-v3 ...
22:38:48 | INFO | HTTP Request: HEAD https://huggingface.co/jinaai/jina-reranker-v3/resolve/main/config.json "HTTP/1.1 307 Temporary Redirect"
22:38:48 | INFO | HTTP Request: HEAD https://huggingface.co/api/resolve-cache/models/jinaai/jina-reranker-v3/10fb694fc21f7a710a563ff1eb977a460f3868e4/config.json "HTTP/1.1 200 OK"
22:38:48 | INFO | HTTP Request: HEAD https://huggingface.co/jinaai/jina-reranker-v3/resolve/main/modeling.py "HTTP/1.1 307 Temporary Redirect"
22:38:48 | INFO | HTTP Request: HEAD https://huggingface.co/api/resolve-cache/models/jinaai/jina-reranker-v3/10fb694fc21f7a710a563ff1eb977a460f3868e4/modeling.py "HTTP/1.1 200 OK"
Loading weights:   0%|          | 0/312 [00:00<?, ?it/s]Loading weights:  47%|████▋     | 148/312 [00:00<00:00, 1298.82it/s]Loading weights:  89%|████████▉ | 278/312 [00:00<00:00, 1184.13it/s]Loading weights: 100%|██████████| 312/312 [00:00<00:00, 1233.12it/s]
22:38:49 | INFO | HTTP Request: HEAD https://huggingface.co/jinaai/jina-reranker-v3/resolve/main/generation_config.json "HTTP/1.1 307 Temporary Redirect"
22:38:49 | INFO | HTTP Request: HEAD https://huggingface.co/api/resolve-cache/models/jinaai/jina-reranker-v3/10fb694fc21f7a710a563ff1eb977a460f3868e4/generation_config.json "HTTP/1.1 200 OK"
22:38:49 | INFO | HTTP Request: HEAD https://huggingface.co/jinaai/jina-reranker-v3/resolve/main/custom_generate/generate.py "HTTP/1.1 404 Not Found"
22:38:52 | INFO | [cuda:1] Model loaded.
22:39:00 | INFO | Doc lookup built: 14047759 documents
22:39:00 | INFO | [cuda:0] Loading jinaai/jina-reranker-v3 ...
22:39:00 | INFO | HTTP Request: HEAD https://huggingface.co/jinaai/jina-reranker-v3/resolve/main/config.json "HTTP/1.1 307 Temporary Redirect"
22:39:00 | INFO | HTTP Request: HEAD https://huggingface.co/api/resolve-cache/models/jinaai/jina-reranker-v3/10fb694fc21f7a710a563ff1eb977a460f3868e4/config.json "HTTP/1.1 200 OK"
22:39:00 | INFO | HTTP Request: HEAD https://huggingface.co/jinaai/jina-reranker-v3/resolve/main/modeling.py "HTTP/1.1 307 Temporary Redirect"
22:39:00 | INFO | HTTP Request: HEAD https://huggingface.co/api/resolve-cache/models/jinaai/jina-reranker-v3/10fb694fc21f7a710a563ff1eb977a460f3868e4/modeling.py "HTTP/1.1 200 OK"
Loading weights:   0%|          | 0/312 [00:00<?, ?it/s]Loading weights: 100%|██████████| 312/312 [00:00<00:00, 19134.99it/s]
22:39:01 | INFO | HTTP Request: HEAD https://huggingface.co/jinaai/jina-reranker-v3/resolve/main/generation_config.json "HTTP/1.1 307 Temporary Redirect"
22:39:01 | INFO | HTTP Request: HEAD https://huggingface.co/api/resolve-cache/models/jinaai/jina-reranker-v3/10fb694fc21f7a710a563ff1eb977a460f3868e4/generation_config.json "HTTP/1.1 200 OK"
22:39:01 | INFO | HTTP Request: HEAD https://huggingface.co/jinaai/jina-reranker-v3/resolve/main/custom_generate/generate.py "HTTP/1.1 404 Not Found"
22:39:02 | INFO | [cuda:0] Model loaded.
22:42:01 | INFO | HTTP Request: HEAD https://huggingface.co/jinaai/jina-reranker-v3/resolve/main/config.json "HTTP/1.1 307 Temporary Redirect"
22:42:01 | INFO | HTTP Request: HEAD https://huggingface.co/api/resolve-cache/models/jinaai/jina-reranker-v3/10fb694fc21f7a710a563ff1eb977a460f3868e4/config.json "HTTP/1.1 200 OK"
22:42:01 | INFO | HTTP Request: HEAD https://huggingface.co/jinaai/jina-reranker-v3/resolve/main/tokenizer_config.json "HTTP/1.1 307 Temporary Redirect"
22:42:01 | INFO | HTTP Request: HEAD https://huggingface.co/api/resolve-cache/models/jinaai/jina-reranker-v3/10fb694fc21f7a710a563ff1eb977a460f3868e4/tokenizer_config.json "HTTP/1.1 200 OK"
22:42:02 | INFO | HTTP Request: GET https://huggingface.co/api/models/jinaai/jina-reranker-v3/tree/main/additional_chat_templates?recursive=false&expand=false "HTTP/1.1 404 Not Found"
22:42:02 | INFO | HTTP Request: GET https://huggingface.co/api/models/jinaai/jina-reranker-v3/tree/main?recursive=true&expand=false "HTTP/1.1 200 OK"
22:42:03 | INFO | HTTP Request: GET https://huggingface.co/api/models/jinaai/jina-reranker-v3 "HTTP/1.1 200 OK"
22:42:13 | INFO | HTTP Request: HEAD https://huggingface.co/jinaai/jina-reranker-v3/resolve/main/config.json "HTTP/1.1 307 Temporary Redirect"
22:42:13 | INFO | HTTP Request: HEAD https://huggingface.co/api/resolve-cache/models/jinaai/jina-reranker-v3/10fb694fc21f7a710a563ff1eb977a460f3868e4/config.json "HTTP/1.1 200 OK"
22:42:13 | INFO | HTTP Request: HEAD https://huggingface.co/jinaai/jina-reranker-v3/resolve/main/tokenizer_config.json "HTTP/1.1 307 Temporary Redirect"
22:42:13 | INFO | HTTP Request: HEAD https://huggingface.co/api/resolve-cache/models/jinaai/jina-reranker-v3/10fb694fc21f7a710a563ff1eb977a460f3868e4/tokenizer_config.json "HTTP/1.1 200 OK"
22:42:13 | INFO | HTTP Request: GET https://huggingface.co/api/models/jinaai/jina-reranker-v3/tree/main/additional_chat_templates?recursive=false&expand=false "HTTP/1.1 404 Not Found"
22:42:14 | INFO | HTTP Request: GET https://huggingface.co/api/models/jinaai/jina-reranker-v3/tree/main?recursive=true&expand=false "HTTP/1.1 200 OK"
22:42:16 | INFO | HTTP Request: GET https://huggingface.co/api/models/jinaai/jina-reranker-v3 "HTTP/1.1 200 OK"
22:45:39 | INFO | [cuda:1] 200/85027 queries | 40356 docs scored | 185 docs/s | 218.1s
22:46:09 | INFO | [cuda:0] 200/85028 queries | 40039 docs scored | 169 docs/s | 236.3s
22:49:42 | INFO | [cuda:1] 400/85027 queries | 82613 docs scored | 179 docs/s | 461.5s
22:50:22 | INFO | [cuda:0] 400/85028 queries | 82318 docs scored | 168 docs/s | 488.7s
22:53:49 | INFO | [cuda:1] 600/85027 queries | 124947 docs scored | 177 docs/s | 707.9s
22:54:29 | INFO | [cuda:0] 600/85028 queries | 123940 docs scored | 168 docs/s | 736.1s
22:57:53 | INFO | [cuda:1] 800/85027 queries | 166067 docs scored | 174 docs/s | 952.2s
22:58:39 | INFO | [cuda:0] 800/85028 queries | 165329 docs scored | 168 docs/s | 986.2s
23:02:14 | INFO | [cuda:1] 1000/85027 queries | 207945 docs scored | 171 docs/s | 1213.1s
23:03:21 | INFO | [cuda:0] 1000/85028 queries | 206855 docs scored | 163 docs/s | 1268.4s
23:06:35 | INFO | [cuda:1] 1200/85027 queries | 250048 docs scored | 170 docs/s | 1473.7s
23:08:16 | INFO | [cuda:0] 1200/85028 queries | 249230 docs scored | 159 docs/s | 1562.8s
23:10:56 | INFO | [cuda:1] 1400/85027 queries | 291267 docs scored | 168 docs/s | 1735.2s
23:13:26 | INFO | [cuda:0] 1400/85028 queries | 291604 docs scored | 156 docs/s | 1873.3s
23:15:22 | INFO | [cuda:1] 1600/85027 queries | 333025 docs scored | 166 docs/s | 2000.8s
23:18:29 | INFO | [cuda:0] 1600/85028 queries | 332960 docs scored | 153 docs/s | 2176.1s
23:19:49 | INFO | [cuda:1] 1800/85027 queries | 374944 docs scored | 165 docs/s | 2267.8s
23:23:35 | INFO | [cuda:0] 1800/85028 queries | 375302 docs scored | 151 docs/s | 2482.0s
23:24:28 | INFO | [cuda:1] 2000/85027 queries | 417351 docs scored | 164 docs/s | 2547.1s
23:28:35 | INFO | [cuda:0] 2000/85028 queries | 417824 docs scored | 150 docs/s | 2782.4s
23:29:22 | INFO | [cuda:1] 2200/85027 queries | 458921 docs scored | 162 docs/s | 2841.1s
23:33:54 | INFO | [cuda:0] 2200/85028 queries | 459139 docs scored | 148 docs/s | 3101.3s
23:34:05 | INFO | [cuda:1] 2400/85027 queries | 499956 docs scored | 160 docs/s | 3123.7s
23:38:46 | INFO | [cuda:1] 2600/85027 queries | 542530 docs scored | 159 docs/s | 3405.6s
23:39:06 | INFO | [cuda:0] 2400/85028 queries | 501183 docs scored | 147 docs/s | 3413.2s
23:43:36 | INFO | [cuda:1] 2800/85027 queries | 585751 docs scored | 159 docs/s | 3694.7s
23:44:32 | INFO | [cuda:0] 2600/85028 queries | 543332 docs scored | 145 docs/s | 3738.8s
23:48:21 | INFO | [cuda:1] 3000/85027 queries | 627081 docs scored | 158 docs/s | 3980.6s
23:49:58 | INFO | [cuda:0] 2800/85028 queries | 586451 docs scored | 144 docs/s | 4065.3s
23:53:15 | INFO | [cuda:1] 3200/85027 queries | 670005 docs scored | 157 docs/s | 4273.8s
23:55:11 | INFO | [cuda:0] 3000/85028 queries | 629314 docs scored | 144 docs/s | 4377.8s
23:57:56 | INFO | [cuda:1] 3400/85027 queries | 712452 docs scored | 156 docs/s | 4555.2s
00:00:30 | INFO | [cuda:0] 3200/85028 queries | 669936 docs scored | 143 docs/s | 4697.1s
00:02:41 | INFO | [cuda:1] 3600/85027 queries | 754925 docs scored | 156 docs/s | 4840.5s
00:05:50 | INFO | [cuda:0] 3400/85028 queries | 712396 docs scored | 142 docs/s | 5017.1s
00:07:36 | INFO | [cuda:1] 3800/85027 queries | 796487 docs scored | 155 docs/s | 5134.7s
00:10:59 | INFO | [cuda:0] 3600/85028 queries | 754800 docs scored | 142 docs/s | 5326.2s
00:12:40 | INFO | [cuda:1] 4000/85027 queries | 838841 docs scored | 154 docs/s | 5439.1s
00:16:21 | INFO | [cuda:0] 3800/85028 queries | 797425 docs scored | 141 docs/s | 5648.0s
00:17:38 | INFO | [cuda:1] 4200/85027 queries | 881327 docs scored | 154 docs/s | 5737.4s
00:22:01 | INFO | [cuda:0] 4000/85028 queries | 839797 docs scored | 140 docs/s | 5987.8s
00:22:36 | INFO | [cuda:1] 4400/85027 queries | 923450 docs scored | 153 docs/s | 6034.8s
00:27:20 | INFO | [cuda:0] 4200/85028 queries | 880498 docs scored | 140 docs/s | 6306.7s
00:27:28 | INFO | [cuda:1] 4600/85027 queries | 966226 docs scored | 153 docs/s | 6327.2s
00:32:36 | INFO | [cuda:1] 4800/85027 queries | 1008954 docs scored | 152 docs/s | 6635.1s
00:32:44 | INFO | [cuda:0] 4400/85028 queries | 922909 docs scored | 139 docs/s | 6631.3s
00:37:30 | INFO | [cuda:1] 5000/85027 queries | 1051100 docs scored | 152 docs/s | 6929.2s
00:37:43 | INFO | [cuda:0] 4600/85028 queries | 964579 docs scored | 139 docs/s | 6929.8s
00:42:27 | INFO | [cuda:1] 5200/85027 queries | 1092427 docs scored | 151 docs/s | 7226.1s
00:42:42 | INFO | [cuda:0] 4800/85028 queries | 1006996 docs scored | 139 docs/s | 7229.1s
00:47:30 | INFO | [cuda:1] 5400/85027 queries | 1134947 docs scored | 151 docs/s | 7529.2s
00:47:45 | INFO | [cuda:0] 5000/85028 queries | 1048990 docs scored | 139 docs/s | 7531.8s
00:52:36 | INFO | [cuda:1] 5600/85027 queries | 1177864 docs scored | 150 docs/s | 7835.1s
00:52:44 | INFO | [cuda:0] 5200/85028 queries | 1090335 docs scored | 139 docs/s | 7830.9s
00:57:43 | INFO | [cuda:1] 5800/85027 queries | 1220461 docs scored | 150 docs/s | 8141.8s
00:58:00 | INFO | [cuda:0] 5400/85028 queries | 1132882 docs scored | 139 docs/s | 8147.5s
01:02:41 | INFO | [cuda:1] 6000/85027 queries | 1263238 docs scored | 150 docs/s | 8440.4s
01:03:06 | INFO | [cuda:0] 5600/85028 queries | 1175778 docs scored | 139 docs/s | 8453.3s
01:07:44 | INFO | [cuda:1] 6200/85027 queries | 1306028 docs scored | 149 docs/s | 8742.9s
01:08:07 | INFO | [cuda:0] 5800/85028 queries | 1218144 docs scored | 139 docs/s | 8754.2s
01:13:01 | INFO | [cuda:1] 6400/85027 queries | 1347698 docs scored | 149 docs/s | 9060.6s
01:13:17 | INFO | [cuda:0] 6000/85028 queries | 1260906 docs scored | 139 docs/s | 9064.0s
01:18:15 | INFO | [cuda:0] 6200/85028 queries | 1303708 docs scored | 139 docs/s | 9362.0s
01:18:17 | INFO | [cuda:1] 6600/85027 queries | 1389906 docs scored | 148 docs/s | 9376.0s
01:23:21 | INFO | [cuda:0] 6400/85028 queries | 1346199 docs scored | 139 docs/s | 9668.5s
01:23:30 | INFO | [cuda:1] 6800/85027 queries | 1433213 docs scored | 148 docs/s | 9689.5s
01:28:41 | INFO | [cuda:1] 7000/85027 queries | 1475820 docs scored | 148 docs/s | 10000.3s
01:28:48 | INFO | [cuda:0] 6600/85028 queries | 1388242 docs scored | 139 docs/s | 9995.4s
01:34:00 | INFO | [cuda:0] 6800/85028 queries | 1430025 docs scored | 139 docs/s | 10307.3s
01:34:06 | INFO | [cuda:1] 7200/85027 queries | 1519417 docs scored | 147 docs/s | 10325.2s
01:39:13 | INFO | [cuda:0] 7000/85028 queries | 1472838 docs scored | 139 docs/s | 10620.3s
01:39:20 | INFO | [cuda:1] 7400/85027 queries | 1561438 docs scored | 147 docs/s | 10638.8s
01:44:28 | INFO | [cuda:1] 7600/85027 queries | 1602487 docs scored | 146 docs/s | 10946.7s
01:44:30 | INFO | [cuda:0] 7200/85028 queries | 1516038 docs scored | 139 docs/s | 10937.0s
01:49:47 | INFO | [cuda:1] 7800/85027 queries | 1644040 docs scored | 146 docs/s | 11265.7s
01:49:59 | INFO | [cuda:0] 7400/85028 queries | 1560261 docs scored | 138 docs/s | 11265.9s
01:55:00 | INFO | [cuda:1] 8000/85027 queries | 1687146 docs scored | 146 docs/s | 11579.6s
01:55:20 | INFO | [cuda:0] 7600/85028 queries | 1602950 docs scored | 138 docs/s | 11587.4s
02:00:16 | INFO | [cuda:1] 8200/85027 queries | 1730025 docs scored | 145 docs/s | 11895.6s
02:00:27 | INFO | [cuda:0] 7800/85028 queries | 1644632 docs scored | 138 docs/s | 11893.6s
02:05:20 | INFO | [cuda:1] 8400/85027 queries | 1772542 docs scored | 145 docs/s | 12199.0s
02:05:47 | INFO | [cuda:0] 8000/85028 queries | 1686969 docs scored | 138 docs/s | 12213.8s
02:10:35 | INFO | [cuda:1] 8600/85027 queries | 1814864 docs scored | 145 docs/s | 12514.4s
02:11:06 | INFO | [cuda:0] 8200/85028 queries | 1729660 docs scored | 138 docs/s | 12532.7s
02:16:01 | INFO | [cuda:1] 8800/85027 queries | 1857966 docs scored | 145 docs/s | 12840.2s
02:16:23 | INFO | [cuda:0] 8400/85028 queries | 1772868 docs scored | 138 docs/s | 12850.3s
02:21:24 | INFO | [cuda:1] 9000/85027 queries | 1900271 docs scored | 144 docs/s | 13163.6s
02:21:27 | INFO | [cuda:0] 8600/85028 queries | 1814798 docs scored | 138 docs/s | 13153.6s
02:26:43 | INFO | [cuda:1] 9200/85027 queries | 1942813 docs scored | 144 docs/s | 13482.2s
02:26:44 | INFO | [cuda:0] 8800/85028 queries | 1856970 docs scored | 138 docs/s | 13471.1s
02:32:08 | INFO | [cuda:1] 9400/85027 queries | 1985240 docs scored | 144 docs/s | 13807.6s
02:32:11 | INFO | [cuda:0] 9000/85028 queries | 1899785 docs scored | 138 docs/s | 13797.6s
02:37:24 | INFO | [cuda:0] 9200/85028 queries | 1940642 docs scored | 138 docs/s | 14111.4s
02:37:25 | INFO | [cuda:1] 9600/85027 queries | 2026398 docs scored | 143 docs/s | 14124.6s
02:42:47 | INFO | [cuda:0] 9400/85028 queries | 1983295 docs scored | 137 docs/s | 14434.4s
02:43:08 | INFO | [cuda:1] 9800/85027 queries | 2069733 docs scored | 143 docs/s | 14467.2s
02:48:08 | INFO | [cuda:0] 9600/85028 queries | 2026020 docs scored | 137 docs/s | 14755.0s
02:48:25 | INFO | [cuda:1] 10000/85027 queries | 2111786 docs scored | 143 docs/s | 14784.5s
02:53:22 | INFO | [cuda:0] 9800/85028 queries | 2068116 docs scored | 137 docs/s | 15069.3s
02:53:48 | INFO | [cuda:1] 10200/85027 queries | 2153942 docs scored | 143 docs/s | 15107.4s
02:59:01 | INFO | [cuda:0] 10000/85028 queries | 2111391 docs scored | 137 docs/s | 15407.9s
02:59:06 | INFO | [cuda:1] 10400/85027 queries | 2196256 docs scored | 142 docs/s | 15425.0s
03:04:20 | INFO | [cuda:0] 10200/85028 queries | 2153153 docs scored | 137 docs/s | 15726.7s
03:04:38 | INFO | [cuda:1] 10600/85027 queries | 2237794 docs scored | 142 docs/s | 15757.1s
03:09:32 | INFO | [cuda:0] 10400/85028 queries | 2195040 docs scored | 137 docs/s | 16039.2s
03:09:55 | INFO | [cuda:1] 10800/85027 queries | 2280334 docs scored | 142 docs/s | 16074.1s
03:14:52 | INFO | [cuda:0] 10600/85028 queries | 2237274 docs scored | 137 docs/s | 16358.9s
03:15:13 | INFO | [cuda:1] 11000/85027 queries | 2323509 docs scored | 142 docs/s | 16391.9s
03:20:23 | INFO | [cuda:0] 10800/85028 queries | 2279006 docs scored | 137 docs/s | 16689.9s
03:20:27 | INFO | [cuda:1] 11200/85027 queries | 2366418 docs scored | 142 docs/s | 16706.7s
03:25:44 | INFO | [cuda:0] 11000/85028 queries | 2321781 docs scored | 136 docs/s | 17011.1s
03:25:57 | INFO | [cuda:1] 11400/85027 queries | 2409560 docs scored | 141 docs/s | 17035.9s
03:31:04 | INFO | [cuda:0] 11200/85028 queries | 2363261 docs scored | 136 docs/s | 17330.6s
03:31:17 | INFO | [cuda:1] 11600/85027 queries | 2451547 docs scored | 141 docs/s | 17356.3s
03:36:27 | INFO | [cuda:0] 11400/85028 queries | 2406876 docs scored | 136 docs/s | 17654.0s
03:36:51 | INFO | [cuda:1] 11800/85027 queries | 2494441 docs scored | 141 docs/s | 17689.8s
03:42:01 | INFO | [cuda:0] 11600/85028 queries | 2450213 docs scored | 136 docs/s | 17987.7s
03:42:22 | INFO | [cuda:1] 12000/85027 queries | 2537349 docs scored | 141 docs/s | 18020.8s
03:47:31 | INFO | [cuda:0] 11800/85028 queries | 2492285 docs scored | 136 docs/s | 18317.7s
03:48:03 | INFO | [cuda:1] 12200/85027 queries | 2580583 docs scored | 141 docs/s | 18362.6s
03:53:04 | INFO | [cuda:0] 12000/85028 queries | 2535310 docs scored | 136 docs/s | 18650.6s
03:53:45 | INFO | [cuda:1] 12400/85027 queries | 2623807 docs scored | 140 docs/s | 18704.6s
03:58:28 | INFO | [cuda:0] 12200/85028 queries | 2576744 docs scored | 136 docs/s | 18975.3s
03:59:09 | INFO | [cuda:1] 12600/85027 queries | 2664799 docs scored | 140 docs/s | 19028.3s
04:04:03 | INFO | [cuda:0] 12400/85028 queries | 2618970 docs scored | 136 docs/s | 19309.8s
04:04:33 | INFO | [cuda:1] 12800/85027 queries | 2707159 docs scored | 140 docs/s | 19351.9s
04:09:41 | INFO | [cuda:0] 12600/85028 queries | 2661712 docs scored | 135 docs/s | 19648.1s
04:10:02 | INFO | [cuda:1] 13000/85027 queries | 2749742 docs scored | 140 docs/s | 19680.8s
04:15:01 | INFO | [cuda:0] 12800/85028 queries | 2702445 docs scored | 135 docs/s | 19968.4s
04:15:29 | INFO | [cuda:1] 13200/85027 queries | 2792198 docs scored | 140 docs/s | 20008.4s
04:20:22 | INFO | [cuda:0] 13000/85028 queries | 2744692 docs scored | 135 docs/s | 20288.9s
04:20:57 | INFO | [cuda:1] 13400/85027 queries | 2834841 docs scored | 139 docs/s | 20335.9s
04:25:51 | INFO | [cuda:0] 13200/85028 queries | 2787268 docs scored | 135 docs/s | 20617.9s
04:26:40 | INFO | [cuda:1] 13600/85027 queries | 2877527 docs scored | 139 docs/s | 20679.1s
04:31:36 | INFO | [cuda:0] 13400/85028 queries | 2830312 docs scored | 135 docs/s | 20962.8s
04:32:16 | INFO | [cuda:1] 13800/85027 queries | 2920715 docs scored | 139 docs/s | 21015.2s
04:37:01 | INFO | [cuda:0] 13600/85028 queries | 2872501 docs scored | 135 docs/s | 21288.1s
04:37:51 | INFO | [cuda:1] 14000/85027 queries | 2963091 docs scored | 139 docs/s | 21350.2s
04:42:31 | INFO | [cuda:0] 13800/85028 queries | 2914960 docs scored | 135 docs/s | 21617.8s
04:43:21 | INFO | [cuda:1] 14200/85027 queries | 3005143 docs scored | 139 docs/s | 21679.8s
04:48:06 | INFO | [cuda:0] 14000/85028 queries | 2957369 docs scored | 135 docs/s | 21953.4s
04:49:10 | INFO | [cuda:1] 14400/85027 queries | 3048777 docs scored | 138 docs/s | 22028.8s
04:54:38 | INFO | [cuda:0] 14200/85028 queries | 2999903 docs scored | 134 docs/s | 22345.5s
04:54:56 | INFO | [cuda:1] 14600/85027 queries | 3091170 docs scored | 138 docs/s | 22374.7s
05:00:39 | INFO | [cuda:1] 14800/85027 queries | 3132728 docs scored | 138 docs/s | 22718.4s
05:01:05 | INFO | [cuda:0] 14400/85028 queries | 3042460 docs scored | 134 docs/s | 22731.7s
05:06:21 | INFO | [cuda:1] 15000/85027 queries | 3175339 docs scored | 138 docs/s | 23060.1s
05:08:17 | INFO | [cuda:0] 14600/85028 queries | 3085456 docs scored | 133 docs/s | 23164.2s
05:11:50 | INFO | [cuda:1] 15200/85027 queries | 3218212 docs scored | 138 docs/s | 23389.1s
05:15:34 | INFO | [cuda:0] 14800/85028 queries | 3128092 docs scored | 133 docs/s | 23601.2s
05:17:40 | INFO | [cuda:1] 15400/85027 queries | 3261061 docs scored | 137 docs/s | 23739.0s
05:23:03 | INFO | [cuda:0] 15000/85028 queries | 3169493 docs scored | 132 docs/s | 24049.8s
05:23:28 | INFO | [cuda:1] 15600/85027 queries | 3303353 docs scored | 137 docs/s | 24087.4s
05:29:28 | INFO | [cuda:1] 15800/85027 queries | 3347069 docs scored | 137 docs/s | 24447.6s
05:31:41 | INFO | [cuda:0] 15200/85028 queries | 3212310 docs scored | 131 docs/s | 24567.9s
05:35:28 | INFO | [cuda:1] 16000/85027 queries | 3389597 docs scored | 137 docs/s | 24807.1s
05:40:14 | INFO | [cuda:0] 15400/85028 queries | 3255721 docs scored | 130 docs/s | 25081.0s
05:41:26 | INFO | [cuda:1] 16200/85027 queries | 3431885 docs scored | 136 docs/s | 25165.5s
05:47:22 | INFO | [cuda:1] 16400/85027 queries | 3473579 docs scored | 136 docs/s | 25521.2s
05:47:49 | INFO | [cuda:0] 15600/85028 queries | 3298467 docs scored | 129 docs/s | 25535.9s
05:53:22 | INFO | [cuda:1] 16600/85027 queries | 3517616 docs scored | 136 docs/s | 25881.3s
05:54:55 | INFO | [cuda:0] 15800/85028 queries | 3341452 docs scored | 129 docs/s | 25961.9s
05:59:20 | INFO | [cuda:1] 16800/85027 queries | 3560522 docs scored | 136 docs/s | 26239.1s
06:01:49 | INFO | [cuda:0] 16000/85028 queries | 3383995 docs scored | 128 docs/s | 26375.6s
06:05:18 | INFO | [cuda:1] 17000/85027 queries | 3602933 docs scored | 135 docs/s | 26597.2s
06:08:39 | INFO | [cuda:0] 16200/85028 queries | 3426578 docs scored | 128 docs/s | 26785.7s
06:11:12 | INFO | [cuda:1] 17200/85027 queries | 3646538 docs scored | 135 docs/s | 26951.6s
06:15:53 | INFO | [cuda:0] 16400/85028 queries | 3469809 docs scored | 127 docs/s | 27220.2s
06:17:03 | INFO | [cuda:1] 17400/85027 queries | 3688553 docs scored | 135 docs/s | 27302.4s
06:22:48 | INFO | [cuda:1] 17600/85027 queries | 3730585 docs scored | 135 docs/s | 27647.3s
06:24:18 | INFO | [cuda:0] 16600/85028 queries | 3512757 docs scored | 127 docs/s | 27725.3s
06:28:30 | INFO | [cuda:1] 17800/85027 queries | 3773374 docs scored | 135 docs/s | 27989.2s
06:32:04 | INFO | [cuda:0] 16800/85028 queries | 3555409 docs scored | 126 docs/s | 28190.9s
06:34:19 | INFO | [cuda:1] 18000/85027 queries | 3815791 docs scored | 135 docs/s | 28338.0s
06:38:55 | INFO | [cuda:0] 17000/85028 queries | 3598619 docs scored | 126 docs/s | 28601.9s
06:40:16 | INFO | [cuda:1] 18200/85027 queries | 3858966 docs scored | 134 docs/s | 28694.9s
06:45:30 | INFO | [cuda:0] 17200/85028 queries | 3641651 docs scored | 126 docs/s | 28997.3s
06:46:26 | INFO | [cuda:1] 18400/85027 queries | 3902810 docs scored | 134 docs/s | 29065.6s
06:52:33 | INFO | [cuda:1] 18600/85027 queries | 3946046 docs scored | 134 docs/s | 29432.4s
06:53:04 | INFO | [cuda:0] 17400/85028 queries | 3684427 docs scored | 125 docs/s | 29450.8s
06:58:40 | INFO | [cuda:1] 18800/85027 queries | 3989291 docs scored | 134 docs/s | 29799.4s
07:01:35 | INFO | [cuda:0] 17600/85028 queries | 3727537 docs scored | 124 docs/s | 29962.0s
07:04:44 | INFO | [cuda:1] 19000/85027 queries | 4032215 docs scored | 134 docs/s | 30162.8s
07:09:18 | INFO | [cuda:0] 17800/85028 queries | 3769539 docs scored | 124 docs/s | 30425.1s
07:10:49 | INFO | [cuda:1] 19200/85027 queries | 4074975 docs scored | 133 docs/s | 30528.3s
07:15:03 | INFO | [cuda:0] 18000/85028 queries | 3811971 docs scored | 124 docs/s | 30770.1s
07:16:54 | INFO | [cuda:1] 19400/85027 queries | 4118291 docs scored | 133 docs/s | 30893.0s
07:21:39 | INFO | [cuda:0] 18200/85028 queries | 3854674 docs scored | 124 docs/s | 31166.3s
07:23:11 | INFO | [cuda:1] 19600/85027 queries | 4160267 docs scored | 133 docs/s | 31269.9s
07:27:41 | INFO | [cuda:0] 18400/85028 queries | 3896589 docs scored | 124 docs/s | 31528.2s
07:28:59 | INFO | [cuda:1] 19800/85027 queries | 4203195 docs scored | 133 docs/s | 31617.9s
07:33:47 | INFO | [cuda:0] 18600/85028 queries | 3939764 docs scored | 124 docs/s | 31893.7s
07:34:43 | INFO | [cuda:1] 20000/85027 queries | 4245499 docs scored | 133 docs/s | 31962.1s
07:39:41 | INFO | [cuda:0] 18800/85028 queries | 3982865 docs scored | 124 docs/s | 32247.7s
07:40:45 | INFO | [cuda:1] 20200/85027 queries | 4288088 docs scored | 133 docs/s | 32324.0s
07:45:28 | INFO | [cuda:0] 19000/85028 queries | 4025838 docs scored | 124 docs/s | 32594.6s
07:46:35 | INFO | [cuda:1] 20400/85027 queries | 4331008 docs scored | 133 docs/s | 32673.8s
07:51:21 | INFO | [cuda:0] 19200/85028 queries | 4067953 docs scored | 123 docs/s | 32948.0s
07:52:32 | INFO | [cuda:1] 20600/85027 queries | 4373998 docs scored | 132 docs/s | 33031.1s
07:57:25 | INFO | [cuda:0] 19400/85028 queries | 4111423 docs scored | 123 docs/s | 33311.9s
07:58:26 | INFO | [cuda:1] 20800/85027 queries | 4416693 docs scored | 132 docs/s | 33384.9s
08:03:17 | INFO | [cuda:0] 19600/85028 queries | 4153909 docs scored | 123 docs/s | 33664.3s
08:04:14 | INFO | [cuda:1] 21000/85027 queries | 4458909 docs scored | 132 docs/s | 33733.3s
08:09:09 | INFO | [cuda:0] 19800/85028 queries | 4196434 docs scored | 123 docs/s | 34016.0s
08:10:10 | INFO | [cuda:1] 21200/85027 queries | 4501642 docs scored | 132 docs/s | 34089.6s
08:15:04 | INFO | [cuda:0] 20000/85028 queries | 4239642 docs scored | 123 docs/s | 34370.7s
08:16:04 | INFO | [cuda:1] 21400/85027 queries | 4544030 docs scored | 132 docs/s | 34442.8s
08:20:52 | INFO | [cuda:0] 20200/85028 queries | 4281909 docs scored | 123 docs/s | 34719.0s
08:21:59 | INFO | [cuda:1] 21600/85027 queries | 4586086 docs scored | 132 docs/s | 34798.5s
08:26:57 | INFO | [cuda:0] 20400/85028 queries | 4324643 docs scored | 123 docs/s | 35084.0s
08:27:52 | INFO | [cuda:1] 21800/85027 queries | 4628735 docs scored | 132 docs/s | 35150.8s
08:32:51 | INFO | [cuda:0] 20600/85028 queries | 4366810 docs scored | 123 docs/s | 35438.2s
08:33:58 | INFO | [cuda:1] 22000/85027 queries | 4672047 docs scored | 132 docs/s | 35517.5s
08:38:51 | INFO | [cuda:0] 20800/85028 queries | 4409670 docs scored | 123 docs/s | 35798.4s
08:40:09 | INFO | [cuda:1] 22200/85027 queries | 4716216 docs scored | 131 docs/s | 35888.1s
08:44:47 | INFO | [cuda:0] 21000/85028 queries | 4451267 docs scored | 123 docs/s | 36153.6s
08:46:10 | INFO | [cuda:1] 22400/85027 queries | 4759022 docs scored | 131 docs/s | 36249.1s
08:50:32 | INFO | [cuda:0] 21200/85028 queries | 4493344 docs scored | 123 docs/s | 36499.3s
08:52:12 | INFO | [cuda:1] 22600/85027 queries | 4801741 docs scored | 131 docs/s | 36611.2s
08:56:38 | INFO | [cuda:0] 21400/85028 queries | 4536034 docs scored | 123 docs/s | 36865.5s
08:58:16 | INFO | [cuda:1] 22800/85027 queries | 4844627 docs scored | 131 docs/s | 36975.1s
09:02:37 | INFO | [cuda:0] 21600/85028 queries | 4579074 docs scored | 123 docs/s | 37224.4s
09:04:23 | INFO | [cuda:1] 23000/85027 queries | 4886745 docs scored | 131 docs/s | 37342.0s
09:08:17 | INFO | [cuda:0] 21800/85028 queries | 4620870 docs scored | 123 docs/s | 37563.6s
09:10:17 | INFO | [cuda:1] 23200/85027 queries | 4929157 docs scored | 131 docs/s | 37696.2s
09:14:13 | INFO | [cuda:0] 22000/85028 queries | 4663781 docs scored | 123 docs/s | 37920.1s
09:16:25 | INFO | [cuda:1] 23400/85027 queries | 4972730 docs scored | 131 docs/s | 38063.8s
09:20:11 | INFO | [cuda:0] 22200/85028 queries | 4706667 docs scored | 123 docs/s | 38277.7s
09:22:37 | INFO | [cuda:1] 23600/85027 queries | 5015285 docs scored | 130 docs/s | 38436.6s
09:26:18 | INFO | [cuda:0] 22400/85028 queries | 4750470 docs scored | 123 docs/s | 38644.8s
09:28:26 | INFO | [cuda:1] 23800/85027 queries | 5058230 docs scored | 130 docs/s | 38785.3s
09:32:18 | INFO | [cuda:0] 22600/85028 queries | 4792993 docs scored | 123 docs/s | 39004.6s
09:34:29 | INFO | [cuda:1] 24000/85027 queries | 5101394 docs scored | 130 docs/s | 39147.8s
09:38:16 | INFO | [cuda:0] 22800/85028 queries | 4835644 docs scored | 123 docs/s | 39363.1s
09:40:32 | INFO | [cuda:1] 24200/85027 queries | 5144497 docs scored | 130 docs/s | 39511.0s
09:44:18 | INFO | [cuda:0] 23000/85028 queries | 4878464 docs scored | 123 docs/s | 39725.0s
09:46:06 | INFO | [cuda:1] 24400/85027 queries | 5187239 docs scored | 130 docs/s | 39844.8s
09:50:16 | INFO | [cuda:0] 23200/85028 queries | 4920456 docs scored | 123 docs/s | 40083.2s
09:51:54 | INFO | [cuda:1] 24600/85027 queries | 5228978 docs scored | 130 docs/s | 40193.3s
09:56:13 | INFO | [cuda:0] 23400/85028 queries | 4962787 docs scored | 123 docs/s | 40439.6s
09:57:59 | INFO | [cuda:1] 24800/85027 queries | 5271426 docs scored | 130 docs/s | 40558.3s
10:02:28 | INFO | [cuda:0] 23600/85028 queries | 5006912 docs scored | 123 docs/s | 40815.0s
10:03:50 | INFO | [cuda:1] 25000/85027 queries | 5313406 docs scored | 130 docs/s | 40909.4s
10:08:33 | INFO | [cuda:0] 23800/85028 queries | 5049866 docs scored | 123 docs/s | 41180.3s
10:10:02 | INFO | [cuda:1] 25200/85027 queries | 5355757 docs scored | 130 docs/s | 41281.0s
10:14:40 | INFO | [cuda:0] 24000/85028 queries | 5093147 docs scored | 123 docs/s | 41546.8s
10:16:04 | INFO | [cuda:1] 25400/85027 queries | 5397720 docs scored | 130 docs/s | 41643.1s
10:20:31 | INFO | [cuda:0] 24200/85028 queries | 5135518 docs scored | 123 docs/s | 41898.4s
10:22:22 | INFO | [cuda:1] 25600/85027 queries | 5440087 docs scored | 129 docs/s | 42021.2s
10:26:04 | INFO | [cuda:0] 24400/85028 queries | 5177224 docs scored | 123 docs/s | 42231.1s
10:28:26 | INFO | [cuda:1] 25800/85027 queries | 5482208 docs scored | 129 docs/s | 42384.7s
10:31:54 | INFO | [cuda:0] 24600/85028 queries | 5220451 docs scored | 123 docs/s | 42581.3s
10:34:38 | INFO | [cuda:1] 26000/85027 queries | 5524299 docs scored | 129 docs/s | 42756.9s
10:37:40 | INFO | [cuda:0] 24800/85028 queries | 5262761 docs scored | 123 docs/s | 42926.8s
10:40:44 | INFO | [cuda:1] 26200/85027 queries | 5566188 docs scored | 129 docs/s | 43123.3s
10:43:40 | INFO | [cuda:0] 25000/85028 queries | 5305392 docs scored | 123 docs/s | 43287.0s
10:46:55 | INFO | [cuda:1] 26400/85027 queries | 5608611 docs scored | 129 docs/s | 43494.2s
10:49:48 | INFO | [cuda:0] 25200/85028 queries | 5347707 docs scored | 122 docs/s | 43655.4s
10:53:02 | INFO | [cuda:1] 26600/85027 queries | 5652211 docs scored | 129 docs/s | 43861.6s
10:55:53 | INFO | [cuda:0] 25400/85028 queries | 5389691 docs scored | 122 docs/s | 44020.5s
10:59:18 | INFO | [cuda:1] 26800/85027 queries | 5695297 docs scored | 129 docs/s | 44237.4s
11:02:01 | INFO | [cuda:0] 25600/85028 queries | 5432382 docs scored | 122 docs/s | 44388.5s
11:05:31 | INFO | [cuda:1] 27000/85027 queries | 5738088 docs scored | 129 docs/s | 44610.6s
11:08:08 | INFO | [cuda:0] 25800/85028 queries | 5474971 docs scored | 122 docs/s | 44755.0s
11:11:23 | INFO | [cuda:1] 27200/85027 queries | 5779289 docs scored | 129 docs/s | 44962.4s
11:14:13 | INFO | [cuda:0] 26000/85028 queries | 5517624 docs scored | 122 docs/s | 45119.7s
11:17:17 | INFO | [cuda:1] 27400/85027 queries | 5821990 docs scored | 128 docs/s | 45316.0s
11:20:28 | INFO | [cuda:0] 26200/85028 queries | 5560355 docs scored | 122 docs/s | 45495.4s
11:23:16 | INFO | [cuda:1] 27600/85027 queries | 5864493 docs scored | 128 docs/s | 45674.9s
11:26:40 | INFO | [cuda:0] 26400/85028 queries | 5602764 docs scored | 122 docs/s | 45866.7s
11:29:37 | INFO | [cuda:1] 27800/85027 queries | 5908357 docs scored | 128 docs/s | 46056.6s
11:32:40 | INFO | [cuda:0] 26600/85028 queries | 5644793 docs scored | 122 docs/s | 46227.5s
11:35:46 | INFO | [cuda:1] 28000/85027 queries | 5951564 docs scored | 128 docs/s | 46425.6s
11:38:38 | INFO | [cuda:0] 26800/85028 queries | 5687643 docs scored | 122 docs/s | 46585.4s
11:41:51 | INFO | [cuda:1] 28200/85027 queries | 5994435 docs scored | 128 docs/s | 46790.5s
11:44:52 | INFO | [cuda:0] 27000/85028 queries | 5731322 docs scored | 122 docs/s | 46958.7s
11:48:06 | INFO | [cuda:1] 28400/85027 queries | 6037868 docs scored | 128 docs/s | 47165.0s
11:51:08 | INFO | [cuda:0] 27200/85028 queries | 5774315 docs scored | 122 docs/s | 47334.7s
11:54:16 | INFO | [cuda:1] 28600/85027 queries | 6080716 docs scored | 128 docs/s | 47535.2s
11:57:05 | INFO | [cuda:0] 27400/85028 queries | 5815957 docs scored | 122 docs/s | 47692.0s
12:00:25 | INFO | [cuda:1] 28800/85027 queries | 6123284 docs scored | 128 docs/s | 47904.3s
12:03:05 | INFO | [cuda:0] 27600/85028 queries | 5858745 docs scored | 122 docs/s | 48052.4s
12:06:34 | INFO | [cuda:1] 29000/85027 queries | 6164427 docs scored | 128 docs/s | 48273.7s
12:09:09 | INFO | [cuda:0] 27800/85028 queries | 5901031 docs scored | 122 docs/s | 48416.2s
12:12:43 | INFO | [cuda:1] 29200/85027 queries | 6207724 docs scored | 128 docs/s | 48641.9s
12:15:12 | INFO | [cuda:0] 28000/85028 queries | 5944329 docs scored | 122 docs/s | 48779.0s
12:19:05 | INFO | [cuda:1] 29400/85027 queries | 6250977 docs scored | 128 docs/s | 49024.4s
12:21:18 | INFO | [cuda:0] 28200/85028 queries | 5987395 docs scored | 122 docs/s | 49144.9s
12:25:17 | INFO | [cuda:1] 29600/85027 queries | 6293893 docs scored | 127 docs/s | 49395.7s
12:27:29 | INFO | [cuda:0] 28400/85028 queries | 6030898 docs scored | 122 docs/s | 49516.2s
12:31:44 | INFO | [cuda:1] 29800/85027 queries | 6337529 docs scored | 127 docs/s | 49783.7s
12:33:47 | INFO | [cuda:0] 28600/85028 queries | 6074025 docs scored | 122 docs/s | 49893.9s
12:37:57 | INFO | [cuda:1] 30000/85027 queries | 6379619 docs scored | 127 docs/s | 50156.4s
12:40:01 | INFO | [cuda:0] 28800/85028 queries | 6116875 docs scored | 122 docs/s | 50268.3s
12:44:17 | INFO | [cuda:1] 30200/85027 queries | 6422790 docs scored | 127 docs/s | 50536.4s
12:46:12 | INFO | [cuda:0] 29000/85028 queries | 6159431 docs scored | 122 docs/s | 50639.0s
12:50:28 | INFO | [cuda:1] 30400/85027 queries | 6465017 docs scored | 127 docs/s | 50907.5s
12:52:31 | INFO | [cuda:0] 29200/85028 queries | 6202486 docs scored | 122 docs/s | 51018.3s
12:56:45 | INFO | [cuda:1] 30600/85027 queries | 6508422 docs scored | 127 docs/s | 51284.1s
12:58:49 | INFO | [cuda:0] 29400/85028 queries | 6246052 docs scored | 122 docs/s | 51396.5s
13:03:16 | INFO | [cuda:1] 30800/85027 queries | 6552233 docs scored | 127 docs/s | 51675.5s
13:04:58 | INFO | [cuda:0] 29600/85028 queries | 6288556 docs scored | 121 docs/s | 51765.4s
13:09:43 | INFO | [cuda:1] 31000/85027 queries | 6595845 docs scored | 127 docs/s | 52062.2s
13:11:04 | INFO | [cuda:0] 29800/85028 queries | 6331310 docs scored | 121 docs/s | 52130.7s
13:15:57 | INFO | [cuda:1] 31200/85027 queries | 6639087 docs scored | 127 docs/s | 52436.2s
13:17:29 | INFO | [cuda:0] 30000/85028 queries | 6374275 docs scored | 121 docs/s | 52516.4s
13:22:20 | INFO | [cuda:1] 31400/85027 queries | 6681917 docs scored | 127 docs/s | 52818.8s
13:23:43 | INFO | [cuda:0] 30200/85028 queries | 6416334 docs scored | 121 docs/s | 52889.7s
13:28:36 | INFO | [cuda:1] 31600/85027 queries | 6725408 docs scored | 126 docs/s | 53195.0s
13:29:47 | INFO | [cuda:0] 30400/85028 queries | 6458701 docs scored | 121 docs/s | 53254.3s
13:34:58 | INFO | [cuda:1] 31800/85027 queries | 6768512 docs scored | 126 docs/s | 53576.9s
13:35:54 | INFO | [cuda:0] 30600/85028 queries | 6500024 docs scored | 121 docs/s | 53621.0s
13:41:13 | INFO | [cuda:1] 32000/85027 queries | 6811291 docs scored | 126 docs/s | 53952.4s
13:42:06 | INFO | [cuda:0] 30800/85028 queries | 6543131 docs scored | 121 docs/s | 53993.4s
13:47:47 | INFO | [cuda:1] 32200/85027 queries | 6855254 docs scored | 126 docs/s | 54346.5s
13:48:27 | INFO | [cuda:0] 31000/85028 queries | 6586553 docs scored | 121 docs/s | 54373.7s
13:54:05 | INFO | [cuda:1] 32400/85027 queries | 6898829 docs scored | 126 docs/s | 54724.0s
13:54:33 | INFO | [cuda:0] 31200/85028 queries | 6629834 docs scored | 121 docs/s | 54740.3s
14:00:17 | INFO | [cuda:1] 32600/85027 queries | 6941408 docs scored | 126 docs/s | 55096.4s
14:01:07 | INFO | [cuda:0] 31400/85028 queries | 6672700 docs scored | 121 docs/s | 55133.8s
14:06:42 | INFO | [cuda:1] 32800/85027 queries | 6985383 docs scored | 126 docs/s | 55481.4s
14:07:40 | INFO | [cuda:0] 31600/85028 queries | 6716281 docs scored | 121 docs/s | 55526.7s
14:13:06 | INFO | [cuda:1] 33000/85027 queries | 7028152 docs scored | 126 docs/s | 55865.2s
14:13:58 | INFO | [cuda:0] 31800/85028 queries | 6759284 docs scored | 121 docs/s | 55905.1s
14:19:17 | INFO | [cuda:1] 33200/85027 queries | 7070720 docs scored | 126 docs/s | 56235.8s
14:20:25 | INFO | [cuda:0] 32000/85028 queries | 6802542 docs scored | 121 docs/s | 56292.1s
14:25:46 | INFO | [cuda:1] 33400/85027 queries | 7113922 docs scored | 126 docs/s | 56625.6s
14:26:37 | INFO | [cuda:0] 32200/85028 queries | 6845241 docs scored | 121 docs/s | 56664.2s
14:32:13 | INFO | [cuda:1] 33600/85027 queries | 7156801 docs scored | 126 docs/s | 57012.0s
14:33:05 | INFO | [cuda:0] 32400/85028 queries | 6888855 docs scored | 121 docs/s | 57052.4s
14:38:30 | INFO | [cuda:1] 33800/85027 queries | 7199511 docs scored | 125 docs/s | 57389.6s
14:39:25 | INFO | [cuda:0] 32600/85028 queries | 6931964 docs scored | 121 docs/s | 57432.4s
14:45:00 | INFO | [cuda:1] 34000/85027 queries | 7242942 docs scored | 125 docs/s | 57779.6s
14:45:48 | INFO | [cuda:0] 32800/85028 queries | 6974964 docs scored | 121 docs/s | 57814.7s
14:51:19 | INFO | [cuda:1] 34200/85027 queries | 7286872 docs scored | 125 docs/s | 58158.6s
14:52:18 | INFO | [cuda:0] 33000/85028 queries | 7017663 docs scored | 121 docs/s | 58204.8s
14:57:49 | INFO | [cuda:1] 34400/85027 queries | 7329866 docs scored | 125 docs/s | 58548.2s
14:58:50 | INFO | [cuda:0] 33200/85028 queries | 7060865 docs scored | 120 docs/s | 58597.3s
15:04:12 | INFO | [cuda:1] 34600/85027 queries | 7372609 docs scored | 125 docs/s | 58931.3s
15:05:16 | INFO | [cuda:0] 33400/85028 queries | 7103827 docs scored | 120 docs/s | 58983.5s
15:10:32 | INFO | [cuda:1] 34800/85027 queries | 7415672 docs scored | 125 docs/s | 59311.6s
15:11:46 | INFO | [cuda:0] 33600/85028 queries | 7147230 docs scored | 120 docs/s | 59373.1s
15:16:54 | INFO | [cuda:1] 35000/85027 queries | 7457978 docs scored | 125 docs/s | 59693.5s
15:18:01 | INFO | [cuda:0] 33800/85028 queries | 7190165 docs scored | 120 docs/s | 59747.9s
15:23:22 | INFO | [cuda:1] 35200/85027 queries | 7500235 docs scored | 125 docs/s | 60081.4s
15:24:31 | INFO | [cuda:0] 34000/85028 queries | 7233426 docs scored | 120 docs/s | 60137.8s
15:29:46 | INFO | [cuda:1] 35400/85027 queries | 7542647 docs scored | 125 docs/s | 60464.9s
15:30:50 | INFO | [cuda:0] 34200/85028 queries | 7276283 docs scored | 120 docs/s | 60517.4s
15:36:06 | INFO | [cuda:1] 35600/85027 queries | 7584925 docs scored | 125 docs/s | 60844.8s
15:37:24 | INFO | [cuda:0] 34400/85028 queries | 7318447 docs scored | 120 docs/s | 60910.6s
15:42:26 | INFO | [cuda:1] 35800/85027 queries | 7627188 docs scored | 125 docs/s | 61224.8s
15:43:51 | INFO | [cuda:0] 34600/85028 queries | 7361171 docs scored | 120 docs/s | 61298.2s
15:49:11 | INFO | [cuda:1] 36000/85027 queries | 7670297 docs scored | 124 docs/s | 61629.9s
15:50:16 | INFO | [cuda:0] 34800/85028 queries | 7404639 docs scored | 120 docs/s | 61683.4s
15:55:35 | INFO | [cuda:1] 36200/85027 queries | 7713695 docs scored | 124 docs/s | 62014.4s
15:56:40 | INFO | [cuda:0] 35000/85028 queries | 7446520 docs scored | 120 docs/s | 62067.5s
16:02:16 | INFO | [cuda:1] 36400/85027 queries | 7756547 docs scored | 124 docs/s | 62414.8s
16:03:13 | INFO | [cuda:0] 35200/85028 queries | 7490159 docs scored | 120 docs/s | 62460.2s
16:08:44 | INFO | [cuda:1] 36600/85027 queries | 7798891 docs scored | 124 docs/s | 62803.0s
16:09:42 | INFO | [cuda:0] 35400/85028 queries | 7532777 docs scored | 120 docs/s | 62848.6s
16:15:11 | INFO | [cuda:1] 36800/85027 queries | 7841522 docs scored | 124 docs/s | 63190.3s
16:16:10 | INFO | [cuda:0] 35600/85028 queries | 7576267 docs scored | 120 docs/s | 63236.6s
16:21:38 | INFO | [cuda:1] 37000/85027 queries | 7884073 docs scored | 124 docs/s | 63577.1s
16:22:39 | INFO | [cuda:0] 35800/85028 queries | 7619073 docs scored | 120 docs/s | 63626.3s
16:28:03 | INFO | [cuda:1] 37200/85027 queries | 7926451 docs scored | 124 docs/s | 63962.4s
16:29:08 | INFO | [cuda:0] 36000/85028 queries | 7661881 docs scored | 120 docs/s | 64015.1s
16:34:30 | INFO | [cuda:1] 37400/85027 queries | 7968754 docs scored | 124 docs/s | 64348.9s
16:35:34 | INFO | [cuda:0] 36200/85028 queries | 7704834 docs scored | 120 docs/s | 64401.2s
16:41:04 | INFO | [cuda:1] 37600/85027 queries | 8011562 docs scored | 124 docs/s | 64743.2s
16:42:07 | INFO | [cuda:0] 36400/85028 queries | 7748020 docs scored | 120 docs/s | 64794.2s
16:47:22 | INFO | [cuda:1] 37800/85027 queries | 8054436 docs scored | 124 docs/s | 65120.8s
16:48:33 | INFO | [cuda:0] 36600/85028 queries | 7790416 docs scored | 120 docs/s | 65180.2s
16:53:57 | INFO | [cuda:1] 38000/85027 queries | 8096784 docs scored | 124 docs/s | 65515.7s
16:55:07 | INFO | [cuda:0] 36800/85028 queries | 7833547 docs scored | 119 docs/s | 65574.3s
17:00:19 | INFO | [cuda:1] 38200/85027 queries | 8139361 docs scored | 124 docs/s | 65898.4s
17:01:25 | INFO | [cuda:0] 37000/85028 queries | 7876820 docs scored | 119 docs/s | 65952.0s
17:06:49 | INFO | [cuda:1] 38400/85027 queries | 8183304 docs scored | 123 docs/s | 66288.5s
17:07:53 | INFO | [cuda:0] 37200/85028 queries | 7919202 docs scored | 119 docs/s | 66339.9s
17:13:34 | INFO | [cuda:1] 38600/85027 queries | 8226499 docs scored | 123 docs/s | 66693.1s
17:14:27 | INFO | [cuda:0] 37400/85028 queries | 7961476 docs scored | 119 docs/s | 66734.2s
17:20:26 | INFO | [cuda:1] 38800/85027 queries | 8269642 docs scored | 123 docs/s | 67105.2s
17:21:09 | INFO | [cuda:0] 37600/85028 queries | 8004921 docs scored | 119 docs/s | 67136.1s
17:27:12 | INFO | [cuda:1] 39000/85027 queries | 8312965 docs scored | 123 docs/s | 67511.6s
17:27:40 | INFO | [cuda:0] 37800/85028 queries | 8047868 docs scored | 119 docs/s | 67526.6s
17:33:48 | INFO | [cuda:1] 39200/85027 queries | 8355149 docs scored | 123 docs/s | 67907.4s
17:34:04 | INFO | [cuda:0] 38000/85028 queries | 8090468 docs scored | 119 docs/s | 67911.1s
17:40:32 | INFO | [cuda:1] 39400/85027 queries | 8396688 docs scored | 123 docs/s | 68311.1s
17:40:42 | INFO | [cuda:0] 38200/85028 queries | 8132835 docs scored | 119 docs/s | 68308.9s
17:47:07 | INFO | [cuda:0] 38400/85028 queries | 8176472 docs scored | 119 docs/s | 68694.0s
17:47:12 | INFO | [cuda:1] 39600/85027 queries | 8438927 docs scored | 123 docs/s | 68710.9s
17:53:42 | INFO | [cuda:0] 38600/85028 queries | 8219680 docs scored | 119 docs/s | 69088.8s
17:53:54 | INFO | [cuda:1] 39800/85027 queries | 8482206 docs scored | 123 docs/s | 69113.2s
18:00:17 | INFO | [cuda:1] 40000/85027 queries | 8525522 docs scored | 123 docs/s | 69496.1s
18:00:34 | INFO | [cuda:0] 38800/85028 queries | 8262583 docs scored | 119 docs/s | 69501.5s
18:06:48 | INFO | [cuda:1] 40200/85027 queries | 8567587 docs scored | 123 docs/s | 69887.1s
18:07:25 | INFO | [cuda:0] 39000/85028 queries | 8305473 docs scored | 119 docs/s | 69911.7s
18:13:19 | INFO | [cuda:1] 40400/85027 queries | 8610143 docs scored | 123 docs/s | 70278.2s
18:14:12 | INFO | [cuda:0] 39200/85028 queries | 8349167 docs scored | 119 docs/s | 70318.9s
18:20:10 | INFO | [cuda:1] 40600/85027 queries | 8652299 docs scored | 122 docs/s | 70689.3s
18:20:43 | INFO | [cuda:0] 39400/85028 queries | 8391884 docs scored | 119 docs/s | 70710.2s
18:26:58 | INFO | [cuda:1] 40800/85027 queries | 8694448 docs scored | 122 docs/s | 71096.7s
18:27:32 | INFO | [cuda:0] 39600/85028 queries | 8433514 docs scored | 119 docs/s | 71119.5s
18:33:41 | INFO | [cuda:1] 41000/85027 queries | 8737257 docs scored | 122 docs/s | 71499.9s
18:34:09 | INFO | [cuda:0] 39800/85028 queries | 8476728 docs scored | 119 docs/s | 71516.3s
18:40:24 | INFO | [cuda:1] 41200/85027 queries | 8780192 docs scored | 122 docs/s | 71902.7s
18:40:51 | INFO | [cuda:0] 40000/85028 queries | 8520170 docs scored | 118 docs/s | 71918.3s
18:47:05 | INFO | [cuda:1] 41400/85027 queries | 8822148 docs scored | 122 docs/s | 72304.3s
18:47:21 | INFO | [cuda:0] 40200/85028 queries | 8562514 docs scored | 118 docs/s | 72308.4s
18:53:39 | INFO | [cuda:1] 41600/85027 queries | 8864956 docs scored | 122 docs/s | 72698.6s
18:53:51 | INFO | [cuda:0] 40400/85028 queries | 8605895 docs scored | 118 docs/s | 72698.4s
19:00:24 | INFO | [cuda:1] 41800/85027 queries | 8907198 docs scored | 122 docs/s | 73103.5s
19:00:32 | INFO | [cuda:0] 40600/85028 queries | 8649110 docs scored | 118 docs/s | 73099.3s
19:07:19 | INFO | [cuda:0] 40800/85028 queries | 8691705 docs scored | 118 docs/s | 73505.8s
19:07:19 | INFO | [cuda:1] 42000/85027 queries | 8950206 docs scored | 122 docs/s | 73518.4s
19:14:03 | INFO | [cuda:1] 42200/85027 queries | 8993692 docs scored | 122 docs/s | 73922.2s
19:14:10 | INFO | [cuda:0] 41000/85028 queries | 8735356 docs scored | 118 docs/s | 73917.1s
19:20:51 | INFO | [cuda:1] 42400/85027 queries | 9036325 docs scored | 122 docs/s | 74330.4s
19:20:59 | INFO | [cuda:0] 41200/85028 queries | 8778044 docs scored | 118 docs/s | 74326.0s
19:27:22 | INFO | [cuda:1] 42600/85027 queries | 9079954 docs scored | 122 docs/s | 74721.1s
19:27:54 | INFO | [cuda:0] 41400/85028 queries | 8821272 docs scored | 118 docs/s | 74741.2s
19:34:12 | INFO | [cuda:1] 42800/85027 queries | 9124170 docs scored | 121 docs/s | 75131.4s
19:34:26 | INFO | [cuda:0] 41600/85028 queries | 8863018 docs scored | 118 docs/s | 75133.2s
19:41:00 | INFO | [cuda:1] 43000/85027 queries | 9168338 docs scored | 121 docs/s | 75538.7s
19:41:03 | INFO | [cuda:0] 41800/85028 queries | 8905866 docs scored | 118 docs/s | 75529.8s
19:47:47 | INFO | [cuda:0] 42000/85028 queries | 8948151 docs scored | 118 docs/s | 75934.2s
19:48:06 | INFO | [cuda:1] 43200/85027 queries | 9211590 docs scored | 121 docs/s | 75965.3s
19:54:37 | INFO | [cuda:0] 42200/85028 queries | 8991118 docs scored | 118 docs/s | 76344.4s
19:54:58 | INFO | [cuda:1] 43400/85027 queries | 9255625 docs scored | 121 docs/s | 76376.7s
20:01:27 | INFO | [cuda:0] 42400/85028 queries | 9035156 docs scored | 118 docs/s | 76753.8s
20:01:50 | INFO | [cuda:1] 43600/85027 queries | 9300082 docs scored | 121 docs/s | 76789.6s
20:08:11 | INFO | [cuda:0] 42600/85028 queries | 9078412 docs scored | 118 docs/s | 77158.5s
20:08:46 | INFO | [cuda:1] 43800/85027 queries | 9343417 docs scored | 121 docs/s | 77205.6s
20:15:02 | INFO | [cuda:0] 42800/85028 queries | 9122469 docs scored | 118 docs/s | 77568.8s
20:15:14 | INFO | [cuda:1] 44000/85027 queries | 9385330 docs scored | 121 docs/s | 77592.9s
20:21:44 | INFO | [cuda:0] 43000/85028 queries | 9165717 docs scored | 118 docs/s | 77971.5s
20:22:04 | INFO | [cuda:1] 44200/85027 queries | 9428278 docs scored | 121 docs/s | 78002.7s
20:28:25 | INFO | [cuda:0] 43200/85028 queries | 9208544 docs scored | 117 docs/s | 78371.7s
20:28:59 | INFO | [cuda:1] 44400/85027 queries | 9471798 docs scored | 121 docs/s | 78418.0s
20:35:27 | INFO | [cuda:0] 43400/85028 queries | 9251996 docs scored | 117 docs/s | 78794.4s
20:35:54 | INFO | [cuda:1] 44600/85027 queries | 9514577 docs scored | 121 docs/s | 78833.4s
20:42:33 | INFO | [cuda:0] 43600/85028 queries | 9295470 docs scored | 117 docs/s | 79219.8s
20:42:36 | INFO | [cuda:1] 44800/85027 queries | 9556171 docs scored | 121 docs/s | 79235.1s
20:49:34 | INFO | [cuda:1] 45000/85027 queries | 9598576 docs scored | 121 docs/s | 79653.0s
20:49:36 | INFO | [cuda:0] 43800/85028 queries | 9340096 docs scored | 117 docs/s | 79643.5s
20:56:24 | INFO | [cuda:1] 45200/85027 queries | 9641207 docs scored | 120 docs/s | 80063.6s
20:56:25 | INFO | [cuda:0] 44000/85028 queries | 9384038 docs scored | 117 docs/s | 80052.2s
21:02:43 | INFO | [cuda:0] 44200/85028 queries | 9424939 docs scored | 117 docs/s | 80430.3s
21:03:15 | INFO | [cuda:1] 45400/85027 queries | 9684279 docs scored | 120 docs/s | 80474.1s
21:09:35 | INFO | [cuda:0] 44400/85028 queries | 9468206 docs scored | 117 docs/s | 80842.5s
21:10:09 | INFO | [cuda:1] 45600/85027 queries | 9728385 docs scored | 120 docs/s | 80887.9s
21:16:33 | INFO | [cuda:0] 44600/85028 queries | 9510955 docs scored | 117 docs/s | 81260.3s
21:17:06 | INFO | [cuda:1] 45800/85027 queries | 9771542 docs scored | 120 docs/s | 81305.5s
21:23:24 | INFO | [cuda:0] 44800/85028 queries | 9553520 docs scored | 117 docs/s | 81671.5s
21:23:58 | INFO | [cuda:1] 46000/85027 queries | 9814683 docs scored | 120 docs/s | 81717.1s
21:30:19 | INFO | [cuda:0] 45000/85028 queries | 9595583 docs scored | 117 docs/s | 82086.4s
21:31:08 | INFO | [cuda:1] 46200/85027 queries | 9858416 docs scored | 120 docs/s | 82147.2s
21:37:18 | INFO | [cuda:0] 45200/85028 queries | 9638564 docs scored | 117 docs/s | 82504.6s
21:38:11 | INFO | [cuda:1] 46400/85027 queries | 9901272 docs scored | 120 docs/s | 82570.4s
21:44:01 | INFO | [cuda:0] 45400/85028 queries | 9680637 docs scored | 117 docs/s | 82907.9s
21:45:27 | INFO | [cuda:1] 46600/85027 queries | 9944232 docs scored | 120 docs/s | 83005.9s
21:50:54 | INFO | [cuda:0] 45600/85028 queries | 9723582 docs scored | 117 docs/s | 83320.9s
21:52:15 | INFO | [cuda:1] 46800/85027 queries | 9986480 docs scored | 120 docs/s | 83414.4s
21:57:50 | INFO | [cuda:0] 45800/85028 queries | 9766803 docs scored | 117 docs/s | 83737.0s
21:59:15 | INFO | [cuda:1] 47000/85027 queries | 10029557 docs scored | 120 docs/s | 83833.8s
22:04:46 | INFO | [cuda:0] 46000/85028 queries | 9810467 docs scored | 117 docs/s | 84153.1s
22:06:06 | INFO | [cuda:1] 47200/85027 queries | 10073342 docs scored | 120 docs/s | 84245.5s
22:11:33 | INFO | [cuda:0] 46200/85028 queries | 9852603 docs scored | 117 docs/s | 84559.8s
22:13:25 | INFO | [cuda:1] 47400/85027 queries | 10117447 docs scored | 119 docs/s | 84684.1s
22:18:44 | INFO | [cuda:0] 46400/85028 queries | 9896534 docs scored | 116 docs/s | 84991.4s
22:20:30 | INFO | [cuda:1] 47600/85027 queries | 10160549 docs scored | 119 docs/s | 85109.2s
22:25:47 | INFO | [cuda:0] 46600/85028 queries | 9939127 docs scored | 116 docs/s | 85413.9s
22:27:33 | INFO | [cuda:1] 47800/85027 queries | 10202437 docs scored | 119 docs/s | 85532.0s
22:32:51 | INFO | [cuda:0] 46800/85028 queries | 9981859 docs scored | 116 docs/s | 85838.3s
22:34:28 | INFO | [cuda:1] 48000/85027 queries | 10245036 docs scored | 119 docs/s | 85947.3s
22:39:43 | INFO | [cuda:0] 47000/85028 queries | 10023795 docs scored | 116 docs/s | 86249.6s
22:41:48 | INFO | [cuda:1] 48200/85027 queries | 10288324 docs scored | 119 docs/s | 86387.2s
22:46:28 | INFO | [cuda:0] 47200/85028 queries | 10065931 docs scored | 116 docs/s | 86655.0s
22:48:40 | INFO | [cuda:1] 48400/85027 queries | 10330169 docs scored | 119 docs/s | 86798.9s
22:53:20 | INFO | [cuda:0] 47400/85028 queries | 10109670 docs scored | 116 docs/s | 87066.6s
22:55:46 | INFO | [cuda:1] 48600/85027 queries | 10373341 docs scored | 119 docs/s | 87224.9s
23:00:14 | INFO | [cuda:0] 47600/85028 queries | 10153693 docs scored | 116 docs/s | 87480.8s
23:02:48 | INFO | [cuda:1] 48800/85027 queries | 10416771 docs scored | 119 docs/s | 87647.4s
23:07:18 | INFO | [cuda:0] 47800/85028 queries | 10196367 docs scored | 116 docs/s | 87905.2s
23:09:45 | INFO | [cuda:1] 49000/85027 queries | 10460775 docs scored | 119 docs/s | 88064.4s
23:14:10 | INFO | [cuda:0] 48000/85028 queries | 10238200 docs scored | 116 docs/s | 88317.3s
23:16:55 | INFO | [cuda:1] 49200/85027 queries | 10504702 docs scored | 119 docs/s | 88494.1s
23:21:20 | INFO | [cuda:0] 48200/85028 queries | 10280942 docs scored | 116 docs/s | 88746.9s
23:24:03 | INFO | [cuda:1] 49400/85027 queries | 10547233 docs scored | 119 docs/s | 88922.3s
23:28:13 | INFO | [cuda:0] 48400/85028 queries | 10323369 docs scored | 116 docs/s | 89159.8s
23:31:10 | INFO | [cuda:1] 49600/85027 queries | 10589823 docs scored | 119 docs/s | 89349.2s
23:34:57 | INFO | [cuda:0] 48600/85028 queries | 10366178 docs scored | 116 docs/s | 89563.9s
23:38:14 | INFO | [cuda:1] 49800/85027 queries | 10633008 docs scored | 118 docs/s | 89772.9s
23:41:59 | INFO | [cuda:0] 48800/85028 queries | 10409105 docs scored | 116 docs/s | 89986.5s
23:45:05 | INFO | [cuda:1] 50000/85027 queries | 10675915 docs scored | 118 docs/s | 90184.0s
23:48:55 | INFO | [cuda:0] 49000/85028 queries | 10452941 docs scored | 116 docs/s | 90402.2s
23:52:00 | INFO | [cuda:1] 50200/85027 queries | 10717780 docs scored | 118 docs/s | 90599.5s
23:56:05 | INFO | [cuda:0] 49200/85028 queries | 10497482 docs scored | 116 docs/s | 90831.9s
23:59:00 | INFO | [cuda:1] 50400/85027 queries | 10760538 docs scored | 118 docs/s | 91019.3s
00:02:58 | INFO | [cuda:0] 49400/85028 queries | 10540844 docs scored | 116 docs/s | 91245.4s
00:06:06 | INFO | [cuda:1] 50600/85027 queries | 10804098 docs scored | 118 docs/s | 91445.2s
00:10:12 | INFO | [cuda:0] 49600/85028 queries | 10583730 docs scored | 115 docs/s | 91678.8s
00:12:58 | INFO | [cuda:1] 50800/85027 queries | 10847330 docs scored | 118 docs/s | 91857.4s
00:17:20 | INFO | [cuda:0] 49800/85028 queries | 10626612 docs scored | 115 docs/s | 92106.6s
00:20:08 | INFO | [cuda:1] 51000/85027 queries | 10890610 docs scored | 118 docs/s | 92286.9s
00:24:19 | INFO | [cuda:0] 50000/85028 queries | 10669746 docs scored | 115 docs/s | 92525.9s
00:27:13 | INFO | [cuda:1] 51200/85027 queries | 10933588 docs scored | 118 docs/s | 92712.6s
00:31:29 | INFO | [cuda:0] 50200/85028 queries | 10712599 docs scored | 115 docs/s | 92955.7s
00:34:28 | INFO | [cuda:1] 51400/85027 queries | 10976741 docs scored | 118 docs/s | 93147.4s
00:38:17 | INFO | [cuda:0] 50400/85028 queries | 10755130 docs scored | 115 docs/s | 93364.0s
00:41:29 | INFO | [cuda:1] 51600/85027 queries | 11020267 docs scored | 118 docs/s | 93568.3s
00:45:21 | INFO | [cuda:0] 50600/85028 queries | 10798146 docs scored | 115 docs/s | 93787.7s
00:48:26 | INFO | [cuda:1] 51800/85027 queries | 11064770 docs scored | 118 docs/s | 93985.1s
00:52:38 | INFO | [cuda:0] 50800/85028 queries | 10842449 docs scored | 115 docs/s | 94225.0s
00:55:31 | INFO | [cuda:1] 52000/85027 queries | 11107267 docs scored | 118 docs/s | 94409.9s
00:59:54 | INFO | [cuda:0] 51000/85028 queries | 10886713 docs scored | 115 docs/s | 94661.2s
01:02:50 | INFO | [cuda:1] 52200/85027 queries | 11149568 docs scored | 118 docs/s | 94848.9s
01:07:09 | INFO | [cuda:0] 51200/85028 queries | 10930179 docs scored | 115 docs/s | 95095.7s
01:10:01 | INFO | [cuda:1] 52400/85027 queries | 11192490 docs scored | 117 docs/s | 95280.0s
01:14:16 | INFO | [cuda:0] 51400/85028 queries | 10973797 docs scored | 115 docs/s | 95522.8s
01:17:04 | INFO | [cuda:1] 52600/85027 queries | 11236482 docs scored | 117 docs/s | 95702.9s
01:21:26 | INFO | [cuda:0] 51600/85028 queries | 11017023 docs scored | 115 docs/s | 95953.4s
01:24:18 | INFO | [cuda:1] 52800/85027 queries | 11279234 docs scored | 117 docs/s | 96137.2s
01:28:24 | INFO | [cuda:0] 51800/85028 queries | 11060374 docs scored | 115 docs/s | 96371.0s
01:31:17 | INFO | [cuda:1] 53000/85027 queries | 11319951 docs scored | 117 docs/s | 96556.6s
01:35:10 | INFO | [cuda:0] 52000/85028 queries | 11104155 docs scored | 115 docs/s | 96776.9s
01:38:36 | INFO | [cuda:1] 53200/85027 queries | 11362746 docs scored | 117 docs/s | 96995.4s
01:42:20 | INFO | [cuda:0] 52200/85028 queries | 11147252 docs scored | 115 docs/s | 97207.0s
01:46:03 | INFO | [cuda:1] 53400/85027 queries | 11406377 docs scored | 117 docs/s | 97442.4s
01:49:28 | INFO | [cuda:0] 52400/85028 queries | 11190075 docs scored | 115 docs/s | 97635.4s
01:53:07 | INFO | [cuda:1] 53600/85027 queries | 11448849 docs scored | 117 docs/s | 97866.5s
01:56:42 | INFO | [cuda:0] 52600/85028 queries | 11233826 docs scored | 115 docs/s | 98069.0s
02:00:16 | INFO | [cuda:1] 53800/85027 queries | 11492449 docs scored | 117 docs/s | 98295.5s
02:03:59 | INFO | [cuda:0] 52800/85028 queries | 11277097 docs scored | 114 docs/s | 98506.0s
02:07:31 | INFO | [cuda:1] 54000/85027 queries | 11535471 docs scored | 117 docs/s | 98730.1s
02:11:04 | INFO | [cuda:0] 53000/85028 queries | 11319712 docs scored | 114 docs/s | 98931.2s
02:14:39 | INFO | [cuda:1] 54200/85027 queries | 11578060 docs scored | 117 docs/s | 99158.6s
02:18:03 | INFO | [cuda:0] 53200/85028 queries | 11359831 docs scored | 114 docs/s | 99350.0s
02:21:53 | INFO | [cuda:1] 54400/85027 queries | 11620561 docs scored | 117 docs/s | 99592.1s
02:25:10 | INFO | [cuda:0] 53400/85028 queries | 11403711 docs scored | 114 docs/s | 99777.4s
02:28:57 | INFO | [cuda:1] 54600/85027 queries | 11663520 docs scored | 117 docs/s | 100016.6s
02:32:32 | INFO | [cuda:0] 53600/85028 queries | 11446492 docs scored | 114 docs/s | 100219.4s
02:36:12 | INFO | [cuda:1] 54800/85027 queries | 11705968 docs scored | 117 docs/s | 100451.4s
02:39:35 | INFO | [cuda:0] 53800/85028 queries | 11489601 docs scored | 114 docs/s | 100642.3s
02:43:16 | INFO | [cuda:1] 55000/85027 queries | 11747105 docs scored | 116 docs/s | 100875.2s
02:46:34 | INFO | [cuda:0] 54000/85028 queries | 11532836 docs scored | 114 docs/s | 101061.0s
02:50:28 | INFO | [cuda:1] 55200/85027 queries | 11789423 docs scored | 116 docs/s | 101307.3s
02:53:59 | INFO | [cuda:0] 54200/85028 queries | 11576311 docs scored | 114 docs/s | 101506.2s
02:57:42 | INFO | [cuda:1] 55400/85027 queries | 11833104 docs scored | 116 docs/s | 101741.4s
03:01:34 | INFO | [cuda:0] 54400/85028 queries | 11619517 docs scored | 114 docs/s | 101961.2s
03:05:16 | INFO | [cuda:1] 55600/85027 queries | 11876351 docs scored | 116 docs/s | 102195.0s
03:08:26 | INFO | [cuda:0] 54600/85028 queries | 11661670 docs scored | 114 docs/s | 102373.3s
03:12:52 | INFO | [cuda:1] 55800/85027 queries | 11919706 docs scored | 116 docs/s | 102650.7s
03:15:36 | INFO | [cuda:0] 54800/85028 queries | 11705301 docs scored | 114 docs/s | 102803.4s
03:20:05 | INFO | [cuda:1] 56000/85027 queries | 11962792 docs scored | 116 docs/s | 103084.2s
03:22:44 | INFO | [cuda:0] 55000/85028 queries | 11747893 docs scored | 114 docs/s | 103231.0s
03:27:29 | INFO | [cuda:1] 56200/85027 queries | 12004878 docs scored | 116 docs/s | 103528.0s
03:29:50 | INFO | [cuda:0] 55200/85028 queries | 11790672 docs scored | 114 docs/s | 103657.2s
03:34:36 | INFO | [cuda:1] 56400/85027 queries | 12047044 docs scored | 116 docs/s | 103955.2s
03:37:03 | INFO | [cuda:0] 55400/85028 queries | 11834022 docs scored | 114 docs/s | 104089.7s
03:41:49 | INFO | [cuda:1] 56600/85027 queries | 12090539 docs scored | 116 docs/s | 104387.9s
03:44:15 | INFO | [cuda:0] 55600/85028 queries | 11877391 docs scored | 114 docs/s | 104522.3s
03:49:06 | INFO | [cuda:1] 56800/85027 queries | 12132960 docs scored | 116 docs/s | 104825.6s
03:51:47 | INFO | [cuda:0] 55800/85028 queries | 11921248 docs scored | 114 docs/s | 104973.8s
03:56:10 | INFO | [cuda:1] 57000/85027 queries | 12175029 docs scored | 116 docs/s | 105249.1s
03:59:14 | INFO | [cuda:0] 56000/85028 queries | 11964521 docs scored | 113 docs/s | 105421.4s
04:03:46 | INFO | [cuda:1] 57200/85027 queries | 12218633 docs scored | 116 docs/s | 105705.6s
04:06:28 | INFO | [cuda:0] 56200/85028 queries | 12007882 docs scored | 113 docs/s | 105855.5s
04:10:53 | INFO | [cuda:1] 57400/85027 queries | 12262377 docs scored | 116 docs/s | 106132.5s
04:13:46 | INFO | [cuda:0] 56400/85028 queries | 12050346 docs scored | 113 docs/s | 106293.0s
04:18:10 | INFO | [cuda:1] 57600/85027 queries | 12306145 docs scored | 115 docs/s | 106569.5s
04:20:50 | INFO | [cuda:0] 56600/85028 queries | 12092701 docs scored | 113 docs/s | 106716.7s
04:25:37 | INFO | [cuda:1] 57800/85027 queries | 12348285 docs scored | 115 docs/s | 107016.6s
04:27:54 | INFO | [cuda:0] 56800/85028 queries | 12135580 docs scored | 113 docs/s | 107140.7s
04:32:53 | INFO | [cuda:1] 58000/85027 queries | 12390989 docs scored | 115 docs/s | 107452.2s
04:35:06 | INFO | [cuda:0] 57000/85028 queries | 12177043 docs scored | 113 docs/s | 107573.0s
04:40:17 | INFO | [cuda:1] 58200/85027 queries | 12434203 docs scored | 115 docs/s | 107896.2s
04:42:28 | INFO | [cuda:0] 57200/85028 queries | 12220429 docs scored | 113 docs/s | 108015.1s
04:47:24 | INFO | [cuda:1] 58400/85027 queries | 12478172 docs scored | 115 docs/s | 108323.1s
04:49:58 | INFO | [cuda:0] 57400/85028 queries | 12263596 docs scored | 113 docs/s | 108464.9s
04:54:44 | INFO | [cuda:1] 58600/85027 queries | 12522131 docs scored | 115 docs/s | 108763.6s
04:57:17 | INFO | [cuda:0] 57600/85028 queries | 12306892 docs scored | 113 docs/s | 108904.5s
05:01:47 | INFO | [cuda:1] 58800/85027 queries | 12564896 docs scored | 115 docs/s | 109185.8s
05:04:22 | INFO | [cuda:0] 57800/85028 queries | 12349146 docs scored | 113 docs/s | 109329.4s
05:08:49 | INFO | [cuda:1] 59000/85027 queries | 12606909 docs scored | 115 docs/s | 109608.6s
05:11:47 | INFO | [cuda:0] 58000/85028 queries | 12391931 docs scored | 113 docs/s | 109774.3s
05:16:15 | INFO | [cuda:1] 59200/85027 queries | 12650123 docs scored | 115 docs/s | 110054.5s
05:18:53 | INFO | [cuda:0] 58200/85028 queries | 12435247 docs scored | 113 docs/s | 110200.3s
05:23:42 | INFO | [cuda:1] 59400/85027 queries | 12693378 docs scored | 115 docs/s | 110501.6s
05:26:11 | INFO | [cuda:0] 58400/85028 queries | 12479000 docs scored | 113 docs/s | 110638.1s
05:31:11 | INFO | [cuda:1] 59600/85027 queries | 12736604 docs scored | 115 docs/s | 110949.9s
05:33:19 | INFO | [cuda:0] 58600/85028 queries | 12522462 docs scored | 113 docs/s | 111066.2s
05:38:46 | INFO | [cuda:1] 59800/85027 queries | 12779529 docs scored | 115 docs/s | 111405.3s
05:40:42 | INFO | [cuda:0] 58800/85028 queries | 12565399 docs scored | 113 docs/s | 111509.0s
05:46:14 | INFO | [cuda:1] 60000/85027 queries | 12822525 docs scored | 115 docs/s | 111852.9s
05:47:17 | INFO | [cuda:0] 59000/85028 queries | 12606253 docs scored | 113 docs/s | 111904.0s
05:53:43 | INFO | [cuda:1] 60200/85027 queries | 12865801 docs scored | 115 docs/s | 112302.2s
05:55:02 | INFO | [cuda:0] 59200/85028 queries | 12649530 docs scored | 113 docs/s | 112368.7s
06:01:13 | INFO | [cuda:1] 60400/85027 queries | 12909296 docs scored | 114 docs/s | 112752.5s
06:02:15 | INFO | [cuda:0] 59400/85028 queries | 12691989 docs scored | 113 docs/s | 112802.1s
06:08:46 | INFO | [cuda:1] 60600/85027 queries | 12953135 docs scored | 114 docs/s | 113205.5s
06:09:46 | INFO | [cuda:0] 59600/85028 queries | 12736233 docs scored | 112 docs/s | 113253.3s
06:16:15 | INFO | [cuda:1] 60800/85027 queries | 12995209 docs scored | 114 docs/s | 113653.7s
06:17:19 | INFO | [cuda:0] 59800/85028 queries | 12779940 docs scored | 112 docs/s | 113705.6s
06:23:36 | INFO | [cuda:1] 61000/85027 queries | 13039051 docs scored | 114 docs/s | 114095.2s
06:24:51 | INFO | [cuda:0] 60000/85028 queries | 12823326 docs scored | 112 docs/s | 114158.0s
06:31:12 | INFO | [cuda:1] 61200/85027 queries | 13082640 docs scored | 114 docs/s | 114551.5s
06:32:12 | INFO | [cuda:0] 60200/85028 queries | 12865925 docs scored | 112 docs/s | 114599.4s
06:38:46 | INFO | [cuda:1] 61400/85027 queries | 13126245 docs scored | 114 docs/s | 115004.8s
06:39:33 | INFO | [cuda:0] 60400/85028 queries | 12909305 docs scored | 112 docs/s | 115040.3s
06:46:28 | INFO | [cuda:1] 61600/85027 queries | 13168482 docs scored | 114 docs/s | 115466.8s
06:47:18 | INFO | [cuda:0] 60600/85028 queries | 12953326 docs scored | 112 docs/s | 115504.8s
06:54:09 | INFO | [cuda:1] 61800/85027 queries | 13211719 docs scored | 114 docs/s | 115928.4s
06:54:50 | INFO | [cuda:0] 60800/85028 queries | 12995769 docs scored | 112 docs/s | 115956.6s
07:01:52 | INFO | [cuda:1] 62000/85027 queries | 13253973 docs scored | 114 docs/s | 116391.2s
07:02:15 | INFO | [cuda:0] 61000/85028 queries | 13039801 docs scored | 112 docs/s | 116402.1s
07:09:24 | INFO | [cuda:1] 62200/85027 queries | 13298432 docs scored | 114 docs/s | 116842.9s
07:09:44 | INFO | [cuda:0] 61200/85028 queries | 13083653 docs scored | 112 docs/s | 116851.3s
07:17:17 | INFO | [cuda:0] 61400/85028 queries | 13127641 docs scored | 112 docs/s | 117304.0s
07:17:19 | INFO | [cuda:1] 62400/85027 queries | 13342641 docs scored | 114 docs/s | 117317.8s
07:24:40 | INFO | [cuda:1] 62600/85027 queries | 13385551 docs scored | 114 docs/s | 117759.6s
07:24:54 | INFO | [cuda:0] 61600/85028 queries | 13168572 docs scored | 112 docs/s | 117760.6s
07:32:14 | INFO | [cuda:1] 62800/85027 queries | 13429112 docs scored | 114 docs/s | 118212.7s
07:32:34 | INFO | [cuda:0] 61800/85028 queries | 13211717 docs scored | 112 docs/s | 118221.0s
07:39:32 | INFO | [cuda:1] 63000/85027 queries | 13473521 docs scored | 114 docs/s | 118651.6s
07:40:21 | INFO | [cuda:0] 62000/85028 queries | 13254961 docs scored | 112 docs/s | 118687.9s
07:46:53 | INFO | [cuda:1] 63200/85027 queries | 13516814 docs scored | 113 docs/s | 119092.3s
07:47:49 | INFO | [cuda:0] 62200/85028 queries | 13298698 docs scored | 112 docs/s | 119135.7s
07:54:12 | INFO | [cuda:1] 63400/85027 queries | 13559780 docs scored | 113 docs/s | 119531.1s
07:55:25 | INFO | [cuda:0] 62400/85028 queries | 13343044 docs scored | 112 docs/s | 119591.9s
08:01:34 | INFO | [cuda:1] 63600/85027 queries | 13602524 docs scored | 113 docs/s | 119973.6s
08:02:56 | INFO | [cuda:0] 62600/85028 queries | 13386777 docs scored | 112 docs/s | 120043.5s
08:08:56 | INFO | [cuda:1] 63800/85027 queries | 13645218 docs scored | 113 docs/s | 120415.1s
08:10:13 | INFO | [cuda:0] 62800/85028 queries | 13430417 docs scored | 111 docs/s | 120480.3s
08:16:14 | INFO | [cuda:1] 64000/85027 queries | 13687109 docs scored | 113 docs/s | 120853.1s
08:17:38 | INFO | [cuda:0] 63000/85028 queries | 13474275 docs scored | 111 docs/s | 120924.8s
08:23:32 | INFO | [cuda:1] 64200/85027 queries | 13730313 docs scored | 113 docs/s | 121291.0s
08:25:17 | INFO | [cuda:0] 63200/85028 queries | 13517652 docs scored | 111 docs/s | 121383.7s
08:30:53 | INFO | [cuda:1] 64400/85027 queries | 13772823 docs scored | 113 docs/s | 121732.5s
08:32:35 | INFO | [cuda:0] 63400/85028 queries | 13560419 docs scored | 111 docs/s | 121822.0s
08:38:31 | INFO | [cuda:1] 64600/85027 queries | 13815997 docs scored | 113 docs/s | 122189.8s
08:39:44 | INFO | [cuda:0] 63600/85028 queries | 13602071 docs scored | 111 docs/s | 122251.0s
08:45:56 | INFO | [cuda:1] 64800/85027 queries | 13859172 docs scored | 113 docs/s | 122635.4s
08:47:05 | INFO | [cuda:0] 63800/85028 queries | 13644959 docs scored | 111 docs/s | 122692.0s
08:53:45 | INFO | [cuda:1] 65000/85027 queries | 13903470 docs scored | 113 docs/s | 123104.5s
08:54:40 | INFO | [cuda:0] 64000/85028 queries | 13687910 docs scored | 111 docs/s | 123146.9s
09:01:20 | INFO | [cuda:1] 65200/85027 queries | 13947404 docs scored | 113 docs/s | 123559.2s
09:02:07 | INFO | [cuda:0] 64200/85028 queries | 13731449 docs scored | 111 docs/s | 123594.4s
09:08:57 | INFO | [cuda:1] 65400/85027 queries | 13991347 docs scored | 113 docs/s | 124015.9s
09:09:26 | INFO | [cuda:0] 64400/85028 queries | 13774307 docs scored | 111 docs/s | 124032.8s
09:16:41 | INFO | [cuda:1] 65600/85027 queries | 14034867 docs scored | 113 docs/s | 124480.1s
09:16:55 | INFO | [cuda:0] 64600/85028 queries | 13817534 docs scored | 111 docs/s | 124482.5s
09:24:17 | INFO | [cuda:1] 65800/85027 queries | 14077824 docs scored | 113 docs/s | 124936.6s
09:24:30 | INFO | [cuda:0] 64800/85028 queries | 13861700 docs scored | 111 docs/s | 124936.7s
09:32:05 | INFO | [cuda:1] 66000/85027 queries | 14122327 docs scored | 113 docs/s | 125404.4s
09:32:26 | INFO | [cuda:0] 65000/85028 queries | 13905335 docs scored | 111 docs/s | 125412.6s
09:40:01 | INFO | [cuda:1] 66200/85027 queries | 14165687 docs scored | 113 docs/s | 125879.9s
09:40:12 | INFO | [cuda:0] 65200/85028 queries | 13949330 docs scored | 111 docs/s | 125879.1s
09:47:37 | INFO | [cuda:1] 66400/85027 queries | 14210193 docs scored | 112 docs/s | 126336.6s
09:47:48 | INFO | [cuda:0] 65400/85028 queries | 13993026 docs scored | 111 docs/s | 126335.5s
09:55:11 | INFO | [cuda:1] 66600/85027 queries | 14253772 docs scored | 112 docs/s | 126790.6s
09:55:26 | INFO | [cuda:0] 65600/85028 queries | 14035306 docs scored | 111 docs/s | 126793.4s
10:02:46 | INFO | [cuda:1] 66800/85027 queries | 14297025 docs scored | 112 docs/s | 127245.5s
10:03:13 | INFO | [cuda:0] 65800/85028 queries | 14079143 docs scored | 111 docs/s | 127259.9s
10:10:27 | INFO | [cuda:1] 67000/85027 queries | 14340118 docs scored | 112 docs/s | 127706.4s
10:11:01 | INFO | [cuda:0] 66000/85028 queries | 14122777 docs scored | 111 docs/s | 127728.1s
10:18:38 | INFO | [cuda:0] 66200/85028 queries | 14165511 docs scored | 111 docs/s | 128184.9s
10:18:40 | INFO | [cuda:1] 67200/85027 queries | 14382417 docs scored | 112 docs/s | 128199.4s
10:25:59 | INFO | [cuda:0] 66400/85028 queries | 14210333 docs scored | 110 docs/s | 128626.1s
10:26:01 | INFO | [cuda:1] 67400/85027 queries | 14425318 docs scored | 112 docs/s | 128640.6s
10:33:23 | INFO | [cuda:0] 66600/85028 queries | 14253226 docs scored | 110 docs/s | 129070.1s
10:33:51 | INFO | [cuda:1] 67600/85027 queries | 14468883 docs scored | 112 docs/s | 129109.7s
10:41:04 | INFO | [cuda:0] 66800/85028 queries | 14296088 docs scored | 110 docs/s | 129531.2s
10:41:41 | INFO | [cuda:1] 67800/85027 queries | 14512221 docs scored | 112 docs/s | 129579.9s
10:48:29 | INFO | [cuda:0] 67000/85028 queries | 14338698 docs scored | 110 docs/s | 129976.1s
10:49:32 | INFO | [cuda:1] 68000/85027 queries | 14555462 docs scored | 112 docs/s | 130050.8s
10:56:04 | INFO | [cuda:0] 67200/85028 queries | 14381229 docs scored | 110 docs/s | 130431.4s
10:57:38 | INFO | [cuda:1] 68200/85027 queries | 14599338 docs scored | 112 docs/s | 130536.8s
11:03:43 | INFO | [cuda:0] 67400/85028 queries | 14424557 docs scored | 110 docs/s | 130889.9s
11:05:30 | INFO | [cuda:1] 68400/85027 queries | 14642828 docs scored | 112 docs/s | 131009.5s
11:11:43 | INFO | [cuda:0] 67600/85028 queries | 14468412 docs scored | 110 docs/s | 131370.1s
11:13:25 | INFO | [cuda:1] 68600/85027 queries | 14685357 docs scored | 112 docs/s | 131484.0s
11:19:47 | INFO | [cuda:0] 67800/85028 queries | 14512849 docs scored | 110 docs/s | 131854.4s
11:21:29 | INFO | [cuda:1] 68800/85027 queries | 14729172 docs scored | 112 docs/s | 131968.3s
11:28:04 | INFO | [cuda:0] 68000/85028 queries | 14556005 docs scored | 110 docs/s | 132351.1s
11:29:36 | INFO | [cuda:1] 69000/85027 queries | 14773496 docs scored | 112 docs/s | 132455.6s
11:36:03 | INFO | [cuda:0] 68200/85028 queries | 14599323 docs scored | 110 docs/s | 132829.8s
11:36:58 | INFO | [cuda:1] 69200/85027 queries | 14817959 docs scored | 111 docs/s | 132897.3s
11:44:02 | INFO | [cuda:0] 68400/85028 queries | 14642164 docs scored | 110 docs/s | 133309.5s
11:44:45 | INFO | [cuda:1] 69400/85027 queries | 14860612 docs scored | 111 docs/s | 133364.5s
11:51:37 | INFO | [cuda:0] 68600/85028 queries | 14684662 docs scored | 110 docs/s | 133764.0s
11:52:50 | INFO | [cuda:1] 69600/85027 queries | 14904709 docs scored | 111 docs/s | 133849.0s
11:59:37 | INFO | [cuda:0] 68800/85028 queries | 14728774 docs scored | 110 docs/s | 134244.0s
12:00:37 | INFO | [cuda:1] 69800/85027 queries | 14947973 docs scored | 111 docs/s | 134315.7s
12:07:38 | INFO | [cuda:0] 69000/85028 queries | 14773723 docs scored | 110 docs/s | 134725.3s
12:08:33 | INFO | [cuda:1] 70000/85027 queries | 14991355 docs scored | 111 docs/s | 134792.1s
12:15:05 | INFO | [cuda:0] 69200/85028 queries | 14817386 docs scored | 110 docs/s | 135171.7s
12:16:38 | INFO | [cuda:1] 70200/85027 queries | 15035238 docs scored | 111 docs/s | 135276.9s
12:22:56 | INFO | [cuda:0] 69400/85028 queries | 14860097 docs scored | 110 docs/s | 135643.1s
12:24:29 | INFO | [cuda:1] 70400/85027 queries | 15079111 docs scored | 111 docs/s | 135748.0s
12:30:59 | INFO | [cuda:0] 69600/85028 queries | 14903366 docs scored | 109 docs/s | 136125.6s
12:32:31 | INFO | [cuda:1] 70600/85027 queries | 15122915 docs scored | 111 docs/s | 136230.0s
12:38:40 | INFO | [cuda:0] 69800/85028 queries | 14946777 docs scored | 109 docs/s | 136587.3s
12:40:09 | INFO | [cuda:1] 70800/85027 queries | 15164493 docs scored | 111 docs/s | 136688.1s
12:46:24 | INFO | [cuda:0] 70000/85028 queries | 14990210 docs scored | 109 docs/s | 137051.0s
12:47:55 | INFO | [cuda:1] 71000/85027 queries | 15208185 docs scored | 111 docs/s | 137154.5s
12:54:15 | INFO | [cuda:0] 70200/85028 queries | 15033391 docs scored | 109 docs/s | 137521.6s
12:55:57 | INFO | [cuda:1] 71200/85027 queries | 15252197 docs scored | 111 docs/s | 137636.4s
13:02:10 | INFO | [cuda:0] 70400/85028 queries | 15076971 docs scored | 109 docs/s | 137997.3s
13:03:54 | INFO | [cuda:1] 71400/85027 queries | 15295345 docs scored | 111 docs/s | 138113.2s
13:09:58 | INFO | [cuda:0] 70600/85028 queries | 15121339 docs scored | 109 docs/s | 138464.8s
13:11:40 | INFO | [cuda:1] 71600/85027 queries | 15337914 docs scored | 111 docs/s | 138579.0s
13:18:00 | INFO | [cuda:0] 70800/85028 queries | 15163643 docs scored | 109 docs/s | 138946.6s
13:19:25 | INFO | [cuda:1] 71800/85027 queries | 15381229 docs scored | 111 docs/s | 139044.5s
13:25:41 | INFO | [cuda:0] 71000/85028 queries | 15205429 docs scored | 109 docs/s | 139407.9s
13:27:18 | INFO | [cuda:1] 72000/85027 queries | 15425616 docs scored | 111 docs/s | 139517.2s
13:33:21 | INFO | [cuda:0] 71200/85028 queries | 15249002 docs scored | 109 docs/s | 139868.1s
13:35:04 | INFO | [cuda:1] 72200/85027 queries | 15469277 docs scored | 111 docs/s | 139982.7s
13:41:17 | INFO | [cuda:0] 71400/85028 queries | 15292134 docs scored | 109 docs/s | 140344.2s
13:42:47 | INFO | [cuda:1] 72400/85027 queries | 15512906 docs scored | 110 docs/s | 140446.1s
13:49:03 | INFO | [cuda:0] 71600/85028 queries | 15335827 docs scored | 109 docs/s | 140809.9s
13:50:28 | INFO | [cuda:1] 72600/85027 queries | 15557031 docs scored | 110 docs/s | 140906.8s
13:56:39 | INFO | [cuda:0] 71800/85028 queries | 15378471 docs scored | 109 docs/s | 141266.2s
13:58:54 | INFO | [cuda:1] 72800/85027 queries | 15600098 docs scored | 110 docs/s | 141413.4s
14:04:16 | INFO | [cuda:0] 72000/85028 queries | 15422528 docs scored | 109 docs/s | 141723.1s
14:06:47 | INFO | [cuda:1] 73000/85027 queries | 15643996 docs scored | 110 docs/s | 141886.4s
14:12:08 | INFO | [cuda:0] 72200/85028 queries | 15466806 docs scored | 109 docs/s | 142195.5s
14:14:45 | INFO | [cuda:1] 73200/85027 queries | 15684797 docs scored | 110 docs/s | 142364.0s
14:20:04 | INFO | [cuda:0] 72400/85028 queries | 15510496 docs scored | 109 docs/s | 142671.0s
14:22:37 | INFO | [cuda:1] 73400/85027 queries | 15727997 docs scored | 110 docs/s | 142836.4s
14:27:43 | INFO | [cuda:0] 72600/85028 queries | 15554089 docs scored | 109 docs/s | 143129.9s
14:30:40 | INFO | [cuda:1] 73600/85027 queries | 15771797 docs scored | 110 docs/s | 143319.1s
14:35:52 | INFO | [cuda:0] 72800/85028 queries | 15597222 docs scored | 109 docs/s | 143618.9s
14:38:34 | INFO | [cuda:1] 73800/85027 queries | 15814890 docs scored | 110 docs/s | 143793.2s
14:43:45 | INFO | [cuda:0] 73000/85028 queries | 15640602 docs scored | 109 docs/s | 144092.4s
14:46:35 | INFO | [cuda:1] 74000/85027 queries | 15858141 docs scored | 110 docs/s | 144274.3s
14:52:01 | INFO | [cuda:0] 73200/85028 queries | 15682912 docs scored | 108 docs/s | 144588.4s
14:54:56 | INFO | [cuda:1] 74200/85027 queries | 15901613 docs scored | 110 docs/s | 144775.3s
15:00:03 | INFO | [cuda:0] 73400/85028 queries | 15726137 docs scored | 108 docs/s | 145070.1s
15:03:03 | INFO | [cuda:1] 74400/85027 queries | 15946016 docs scored | 110 docs/s | 145261.7s
15:08:01 | INFO | [cuda:0] 73600/85028 queries | 15769524 docs scored | 108 docs/s | 145547.7s
15:10:59 | INFO | [cuda:1] 74600/85027 queries | 15989890 docs scored | 110 docs/s | 145737.7s
15:16:06 | INFO | [cuda:0] 73800/85028 queries | 15812403 docs scored | 108 docs/s | 146033.2s
15:18:58 | INFO | [cuda:1] 74800/85027 queries | 16033890 docs scored | 110 docs/s | 146217.0s
15:24:03 | INFO | [cuda:0] 74000/85028 queries | 15854729 docs scored | 108 docs/s | 146510.4s
15:27:20 | INFO | [cuda:1] 75000/85027 queries | 16076822 docs scored | 110 docs/s | 146718.7s
15:32:08 | INFO | [cuda:0] 74200/85028 queries | 15898570 docs scored | 108 docs/s | 146994.9s
15:35:12 | INFO | [cuda:1] 75200/85027 queries | 16120134 docs scored | 110 docs/s | 147191.6s
15:40:11 | INFO | [cuda:0] 74400/85028 queries | 15942055 docs scored | 108 docs/s | 147478.4s
15:43:17 | INFO | [cuda:1] 75400/85027 queries | 16163729 docs scored | 109 docs/s | 147675.7s
15:48:14 | INFO | [cuda:0] 74600/85028 queries | 15986550 docs scored | 108 docs/s | 147961.1s
15:51:25 | INFO | [cuda:1] 75600/85027 queries | 16207493 docs scored | 109 docs/s | 148164.4s
15:56:28 | INFO | [cuda:0] 74800/85028 queries | 16029739 docs scored | 108 docs/s | 148455.0s
15:59:36 | INFO | [cuda:1] 75800/85027 queries | 16250006 docs scored | 109 docs/s | 148655.2s
16:04:55 | INFO | [cuda:0] 75000/85028 queries | 16073211 docs scored | 108 docs/s | 148962.3s
16:07:47 | INFO | [cuda:1] 76000/85027 queries | 16294161 docs scored | 109 docs/s | 149146.6s
16:12:53 | INFO | [cuda:0] 75200/85028 queries | 16118022 docs scored | 108 docs/s | 149440.3s
16:16:00 | INFO | [cuda:1] 76200/85027 queries | 16336959 docs scored | 109 docs/s | 149639.2s
16:21:16 | INFO | [cuda:0] 75400/85028 queries | 16161398 docs scored | 108 docs/s | 149943.1s
16:24:12 | INFO | [cuda:1] 76400/85027 queries | 16380573 docs scored | 109 docs/s | 150131.3s
16:29:15 | INFO | [cuda:0] 75600/85028 queries | 16204303 docs scored | 108 docs/s | 150422.4s
16:32:29 | INFO | [cuda:1] 76600/85027 queries | 16423978 docs scored | 109 docs/s | 150627.8s
16:37:22 | INFO | [cuda:0] 75800/85028 queries | 16248109 docs scored | 108 docs/s | 150909.0s
16:40:39 | INFO | [cuda:1] 76800/85027 queries | 16468837 docs scored | 109 docs/s | 151117.9s
16:45:25 | INFO | [cuda:0] 76000/85028 queries | 16292708 docs scored | 108 docs/s | 151391.7s
16:49:09 | INFO | [cuda:1] 77000/85027 queries | 16511598 docs scored | 109 docs/s | 151628.1s
16:53:35 | INFO | [cuda:0] 76200/85028 queries | 16335879 docs scored | 108 docs/s | 151881.6s
16:57:19 | INFO | [cuda:1] 77200/85027 queries | 16554132 docs scored | 109 docs/s | 152118.1s
17:02:15 | INFO | [cuda:0] 76400/85028 queries | 16380141 docs scored | 107 docs/s | 152402.0s
17:05:22 | INFO | [cuda:1] 77400/85027 queries | 16595670 docs scored | 109 docs/s | 152601.5s
17:10:11 | INFO | [cuda:0] 76600/85028 queries | 16423602 docs scored | 107 docs/s | 152878.1s
17:13:27 | INFO | [cuda:1] 77600/85027 queries | 16639120 docs scored | 109 docs/s | 153086.3s
17:18:23 | INFO | [cuda:0] 76800/85028 queries | 16467818 docs scored | 107 docs/s | 153370.3s
17:21:52 | INFO | [cuda:1] 77800/85027 queries | 16682919 docs scored | 109 docs/s | 153591.4s
17:26:42 | INFO | [cuda:0] 77000/85028 queries | 16510100 docs scored | 107 docs/s | 153868.8s
17:29:34 | INFO | [cuda:1] 78000/85027 queries | 16725190 docs scored | 109 docs/s | 154053.1s
17:34:42 | INFO | [cuda:0] 77200/85028 queries | 16553016 docs scored | 107 docs/s | 154349.5s
17:38:27 | INFO | [cuda:1] 78200/85027 queries | 16768056 docs scored | 108 docs/s | 154586.0s
17:42:53 | INFO | [cuda:0] 77400/85028 queries | 16595482 docs scored | 107 docs/s | 154840.4s
17:46:53 | INFO | [cuda:1] 78400/85027 queries | 16811406 docs scored | 108 docs/s | 155092.2s
17:51:12 | INFO | [cuda:0] 77600/85028 queries | 16639472 docs scored | 107 docs/s | 155338.7s
17:55:04 | INFO | [cuda:1] 78600/85027 queries | 16854976 docs scored | 108 docs/s | 155583.2s
17:59:41 | INFO | [cuda:0] 77800/85028 queries | 16683035 docs scored | 107 docs/s | 155847.6s
18:02:54 | INFO | [cuda:1] 78800/85027 queries | 16897778 docs scored | 108 docs/s | 156053.5s
18:07:36 | INFO | [cuda:0] 78000/85028 queries | 16725308 docs scored | 107 docs/s | 156322.8s
18:10:43 | INFO | [cuda:1] 79000/85027 queries | 16940818 docs scored | 108 docs/s | 156522.2s
18:16:22 | INFO | [cuda:0] 78200/85028 queries | 16769700 docs scored | 107 docs/s | 156849.0s
18:19:14 | INFO | [cuda:1] 79200/85027 queries | 16984291 docs scored | 108 docs/s | 157033.2s
18:24:16 | INFO | [cuda:0] 78400/85028 queries | 16812932 docs scored | 107 docs/s | 157322.8s
18:27:51 | INFO | [cuda:1] 79400/85027 queries | 17027559 docs scored | 108 docs/s | 157549.9s
18:32:03 | INFO | [cuda:0] 78600/85028 queries | 16856303 docs scored | 107 docs/s | 157790.0s
18:36:03 | INFO | [cuda:1] 79600/85027 queries | 17070830 docs scored | 108 docs/s | 158042.3s
18:39:45 | INFO | [cuda:0] 78800/85028 queries | 16899259 docs scored | 107 docs/s | 158252.2s
18:44:35 | INFO | [cuda:1] 79800/85027 queries | 17114953 docs scored | 108 docs/s | 158554.4s
18:47:42 | INFO | [cuda:0] 79000/85028 queries | 16942231 docs scored | 107 docs/s | 158729.1s
18:53:02 | INFO | [cuda:1] 80000/85027 queries | 17158678 docs scored | 108 docs/s | 159061.5s
18:56:22 | INFO | [cuda:0] 79200/85028 queries | 16986983 docs scored | 107 docs/s | 159248.7s
19:01:19 | INFO | [cuda:1] 80200/85027 queries | 17202603 docs scored | 108 docs/s | 159558.0s
19:05:04 | INFO | [cuda:0] 79400/85028 queries | 17029703 docs scored | 107 docs/s | 159771.4s
19:09:25 | INFO | [cuda:1] 80400/85027 queries | 17245209 docs scored | 108 docs/s | 160043.8s
19:13:45 | INFO | [cuda:0] 79600/85028 queries | 17074525 docs scored | 107 docs/s | 160292.5s
19:17:55 | INFO | [cuda:1] 80600/85027 queries | 17288306 docs scored | 108 docs/s | 160553.8s
19:22:03 | INFO | [cuda:0] 79800/85028 queries | 17118083 docs scored | 106 docs/s | 160790.3s
19:26:20 | INFO | [cuda:1] 80800/85027 queries | 17331964 docs scored | 108 docs/s | 161058.7s
19:31:04 | INFO | [cuda:0] 80000/85028 queries | 17161953 docs scored | 106 docs/s | 161331.4s
19:34:38 | INFO | [cuda:1] 81000/85027 queries | 17376387 docs scored | 108 docs/s | 161556.9s
19:39:21 | INFO | [cuda:0] 80200/85028 queries | 17206140 docs scored | 106 docs/s | 161828.4s
19:42:55 | INFO | [cuda:1] 81200/85027 queries | 17420738 docs scored | 107 docs/s | 162054.2s
19:47:27 | INFO | [cuda:0] 80400/85028 queries | 17248496 docs scored | 106 docs/s | 162314.5s
19:51:10 | INFO | [cuda:1] 81400/85027 queries | 17463293 docs scored | 107 docs/s | 162548.9s
19:56:08 | INFO | [cuda:0] 80600/85028 queries | 17291611 docs scored | 106 docs/s | 162834.9s
19:59:41 | INFO | [cuda:1] 81600/85027 queries | 17506701 docs scored | 107 docs/s | 163060.5s
20:04:35 | INFO | [cuda:0] 80800/85028 queries | 17335609 docs scored | 106 docs/s | 163341.7s
20:08:34 | INFO | [cuda:1] 81800/85027 queries | 17551663 docs scored | 107 docs/s | 163593.1s
20:12:49 | INFO | [cuda:0] 81000/85028 queries | 17379594 docs scored | 106 docs/s | 163836.3s
20:16:40 | INFO | [cuda:1] 82000/85027 queries | 17595551 docs scored | 107 docs/s | 164078.8s
20:21:18 | INFO | [cuda:0] 81200/85028 queries | 17423378 docs scored | 106 docs/s | 164345.3s
20:25:25 | INFO | [cuda:1] 82200/85027 queries | 17640178 docs scored | 107 docs/s | 164604.4s
20:29:28 | INFO | [cuda:0] 81400/85028 queries | 17465884 docs scored | 106 docs/s | 164835.0s
20:33:45 | INFO | [cuda:1] 82400/85027 queries | 17683435 docs scored | 107 docs/s | 165104.5s
20:38:23 | INFO | [cuda:0] 81600/85028 queries | 17510067 docs scored | 106 docs/s | 165370.1s
20:42:43 | INFO | [cuda:1] 82600/85027 queries | 17728283 docs scored | 107 docs/s | 165642.2s
20:47:03 | INFO | [cuda:0] 81800/85028 queries | 17554614 docs scored | 106 docs/s | 165890.2s
20:51:42 | INFO | [cuda:1] 82800/85027 queries | 17772290 docs scored | 107 docs/s | 166181.3s
20:55:21 | INFO | [cuda:0] 82000/85028 queries | 17598607 docs scored | 106 docs/s | 166388.5s
21:00:22 | INFO | [cuda:1] 83000/85027 queries | 17817376 docs scored | 107 docs/s | 166701.2s
21:04:05 | INFO | [cuda:0] 82200/85028 queries | 17642787 docs scored | 106 docs/s | 166911.7s
21:09:02 | INFO | [cuda:1] 83200/85027 queries | 17860989 docs scored | 107 docs/s | 167220.9s
21:12:39 | INFO | [cuda:0] 82400/85028 queries | 17686011 docs scored | 106 docs/s | 167425.6s
21:18:27 | INFO | [cuda:1] 83400/85027 queries | 17906086 docs scored | 107 docs/s | 167786.6s
21:21:41 | INFO | [cuda:0] 82600/85028 queries | 17730726 docs scored | 106 docs/s | 167968.1s
21:27:08 | INFO | [cuda:1] 83600/85027 queries | 17950498 docs scored | 107 docs/s | 168307.5s
21:30:37 | INFO | [cuda:0] 82800/85028 queries | 17774975 docs scored | 105 docs/s | 168504.5s
21:36:19 | INFO | [cuda:1] 83800/85027 queries | 17995417 docs scored | 107 docs/s | 168858.4s
21:39:17 | INFO | [cuda:0] 83000/85028 queries | 17819652 docs scored | 105 docs/s | 169023.8s
21:45:27 | INFO | [cuda:1] 84000/85027 queries | 18039772 docs scored | 106 docs/s | 169406.0s
21:47:49 | INFO | [cuda:0] 83200/85028 queries | 17863053 docs scored | 105 docs/s | 169536.5s
21:54:08 | INFO | [cuda:1] 84200/85027 queries | 18084281 docs scored | 106 docs/s | 169927.5s
21:57:08 | INFO | [cuda:0] 83400/85028 queries | 17908485 docs scored | 105 docs/s | 170095.5s
22:03:54 | INFO | [cuda:1] 84400/85027 queries | 18128181 docs scored | 106 docs/s | 170512.7s
22:05:44 | INFO | [cuda:0] 83600/85028 queries | 17952348 docs scored | 105 docs/s | 170611.5s
22:13:36 | INFO | [cuda:1] 84600/85027 queries | 18173946 docs scored | 106 docs/s | 171095.1s
22:14:30 | INFO | [cuda:0] 83800/85028 queries | 17997567 docs scored | 105 docs/s | 171137.4s
22:23:31 | INFO | [cuda:1] 84800/85027 queries | 18219081 docs scored | 106 docs/s | 171690.4s
22:23:35 | INFO | [cuda:0] 84000/85028 queries | 18041717 docs scored | 105 docs/s | 171682.3s
22:32:25 | INFO | [cuda:0] 84200/85028 queries | 18086959 docs scored | 105 docs/s | 172212.4s
22:34:29 | INFO | [cuda:1] 85000/85027 queries | 18264088 docs scored | 106 docs/s | 172348.5s
22:36:38 | INFO | [cuda:1] Done: 85027 queries, 18270366 docs in 172476.8s (106 docs/s)
22:41:10 | INFO | [cuda:0] 84400/85028 queries | 18131047 docs scored | 105 docs/s | 172737.4s
22:49:44 | INFO | [cuda:0] 84600/85028 queries | 18176560 docs scored | 105 docs/s | 173251.2s
22:58:28 | INFO | [cuda:0] 84800/85028 queries | 18221934 docs scored | 105 docs/s | 173775.5s
23:07:32 | INFO | [cuda:0] 85000/85028 queries | 18267652 docs scored | 105 docs/s | 174318.8s
23:09:05 | INFO | [cuda:0] Done: 85028 queries, 18274284 docs in 174412.1s (105 docs/s)
23:09:14 | INFO | ⏱  DONE:  Reranking 170055 queries on 2 GPU(s) (175247.6s)
23:09:46 | INFO | Reranking complete: 170055 queries merged
23:14:40 | INFO | Saved hybrid reranked run to /home/jmendoza/.cache/messirve_embeddings/jinaai__jina-reranker-v3/over__combmnz_e5large+bgem3+jinav5small/full_v1.2_q1024_d8192_nofilter/retrieval_run.lz4
23:14:40 | INFO | Cleaned up checkpoint directory
23:14:55 | INFO | 
23:14:55 | INFO | ╔══════════════════════════════════════════════════╗
23:14:55 | INFO | ║  RESULTS — jina-reranker-v3                      ║
23:14:55 | INFO | ╠══════════════════════════════════════════════════╣
23:14:55 | INFO | ║  ndcg@10          0.5185                         ║
23:14:55 | INFO | ║  recall@100       0.9275                         ║
23:14:55 | INFO | ║  mrr@10           0.4532                         ║
23:14:55 | INFO | ║  map              0.4595                         ║
23:14:55 | INFO | ║  precision@10     0.0747                         ║
23:14:55 | INFO | ║  precision@50     0.0183                         ║
23:14:55 | INFO | ╚══════════════════════════════════════════════════╝
